--------- beginning of tracking
04-27 12:16:16.817   741   741 I SensorService: Syncboss hal version: v2.19.2. Built Mar 10 2022 13:40:46 by twsvcscm@twshared46984.2. SHA: 6d7268caad3c
04-27 12:16:16.817   741   741 D SensorService: ControllerProvider()
04-27 12:16:16.817   741   741 I SyncBossHAL: [info   ] syncboss_hal_impl_android_driver.c(457): Failed to read system property vendor.syncbosshal.uart_path. Using default "/dev/ttyHS14".
04-27 12:16:16.818   741   741 I SyncBossHAL: [info   ] syncboss_hal_impl_android_driver.c(575): Starting logging thread from UART path /dev/ttyHS14
04-27 12:16:16.861   741   821 I SyncBossFW: 
04-27 12:16:16.861   741   821 I SyncBossFW:       0 [info   ] {MAIN}: Board Target: DEFAULT_BOARD
04-27 12:16:16.861   741   821 I SyncBossFW:       0 [info   ] {MAIN}: Build Flavor: userdebug
04-27 12:16:16.861   741   821 I SyncBossFW:       0 [info   ] {MAIN}: Built on Mar 10 2022 at 09:18:49
04-27 12:16:16.861   741   821 I SyncBossFW:       0 [info   ] {MAIN}: Compiled by cc v8
04-27 12:16:16.861   741   821 I SyncBossFW:       0 [info   ] {MAIN}: Git SHA: 573dbd16557f
04-27 12:16:16.861   741   821 I SyncBossFW:       0 [info   ] {MAIN}: Reset reason: pin reset
04-27 12:16:16.861   741   821 I SyncBossFW:       0 [info   ] {MAIN}: Assertion: (none)
04-27 12:16:16.861   741   821 I SyncBossFW:       0 [info   ] {BSP }: Detected MAG BMM150
04-27 12:16:16.884   741   821 I SyncBossFW:       0 [info   ] {BSP }: IMU model: ICM42688
04-27 12:16:16.914   741   821 I SyncBossFW:       0 [info   ] {CAM }: CAMERA_CALC_SYNC_ON_SET_CONTROLLER_EXP == 0: FSIN synctrigger and synctask delay/offset will not be updated when controller exposure is changed. Default controller 
04-27 12:16:16.914   741   821 I SyncBossFW:       0 [info   ] {BSP }: Detected PROX VCNL_36687S
04-27 12:16:16.914   741   821 I SyncBossFW:       0 [info   ] {WIHO}: Pulsar wireless address: 27ec84a2
04-27 12:16:16.914   741   821 I SyncBossFW:       0 [info   ] {PRST}: Initializing persistent storage
04-27 12:16:16.967   741   741 I         : [info   ] (0): Successfully loaded telmetry library (v11.0)
04-27 12:16:16.988   741   821 I SyncBossFW:      81 [info   ] {APPI}: Disabling prox sensor
04-27 12:16:16.988   741   821 I SyncBossFW:      81 [info   ] {WAKE}: Disabling prox wakeup
04-27 12:16:16.991   741   741 I SyncBossHAL: [info   ] syncboss_hal_impl_internal.c(44): Got firmware version. Syncboss is ready. Try=1 elapsed_ms=8
04-27 12:16:17.005   741   741 I SyncBossHAL: [info   ] syncboss_hal_impl_common.c(137): Detected firmware version: v2.19.2. Built Mar 10 2022 09:18:49 by twsvcscm@twshared49777.0 with cc 8. Git SHA 573dbd16557f
04-27 12:16:17.063   741   741 I SyncBossHAL: [info   ] syncboss_hal_powerstate.c(63): Reporting powerstate event: system_up
04-27 12:16:17.063   741   741 I HollywoodCameraProvider: Starting HollywoodCameraProvider SensorService
04-27 12:16:17.080   741   821 I SyncBossFW:     160 [info   ] {APPI}: prox_set_calibration called. on: 47, off: 32, cancellation: 24
04-27 12:16:17.080   741   821 I SyncBossFW:     161 [info   ] {VCNL}: Setting prox config: on: 47, off: 32, canc: 24
04-27 12:16:17.080   741   821 I SyncBossFW:     161 [info   ] {APPI}: Enabling prox sensor
04-27 12:16:17.080   741   821 I SyncBossFW:     162 [info   ] {WAKE}: Enabling prox wakeup
04-27 12:16:17.080   741   821 I SyncBossFW:     162 [info   ] {APPI}: Found 0 connected pulsar devices
04-27 12:16:17.080   741   821 I SyncBossFW:     163 [info   ] {VCNL}: Setting prox config: on: 47, off: 32, canc: 24
04-27 12:16:17.388   741   915 I SyncBossHAL: [info   ] syncboss_hal_powerstate.c(63): Reporting powerstate event: prox_on
04-27 12:16:17.388   741   821 I SyncBossFW:     482 [info   ] {CMTH}: Good morning.  Prox is currently near
04-27 12:16:17.390   741   741 I CameraStream: [HEADSET] Creating ICameraStream type HEADSET
04-27 12:16:17.391   741   741 I CameraStream: [CONTROLLER] Creating ICameraStream type CONTROLLER
04-27 12:16:17.392   741   741 I CameraStream: [HAND] Creating ICameraStream type HAND
04-27 12:16:17.392   741   741 W SyncBossHAL: [warning] syncboss_hal_impl_android_driver.c(642): Logging thread already running
04-27 12:16:17.406   741   741 I SensorService: Oculus SyncBoss sensor HAL ready.
04-27 12:16:17.765   850   850 D CameraMuxModeMonitor: Connecting to 'cameramuxmodeservice'
04-27 12:16:17.766   850   850 D CameraMuxModeMonitor: Connected to 'cameramuxmodeservice'
04-27 12:16:20.286   741   965 I libsensorscommon: Initialize AndroidSensors and create event queue
04-27 12:16:20.286   741   965 W libsensorscommon: doubletap: unregisterDirect called but not supported
--------- beginning of system
04-27 12:16:20.357   813   837 I storaged: storaged: Start
04-27 12:16:20.357  1027  1027 I chatty  : uid=1000 system_server expire 27 lines
04-27 12:16:20.368  1027  1114 I chatty  : uid=1000 system_server expire 1 line
04-27 12:16:20.459  1027  1027 I chatty  : uid=1000 system_server expire 61 lines
04-27 12:16:20.488  1027  1065 I chatty  : uid=1000(system) ActivityManager expire 1 line
04-27 12:16:20.573  1027  1125 I chatty  : uid=1000(system) NetworkWatchlis expire 1 line
04-27 12:16:20.617  1027  1127 I chatty  : uid=1000(system) StorageManagerS expire 2 lines
04-27 12:16:20.626  1027  1128 I chatty  : uid=1000 system_server expire 2 lines
04-27 12:16:20.669  1027  1027 I chatty  : uid=1000 system_server expire 65 lines
04-27 12:16:20.767  1027  1044 I chatty  : uid=1000(system) Binder:1027_2 expire 1 line
04-27 12:16:20.843   741   741 I SyncBossHAL: [info   ] syncboss_hal_impl_android_driver.c(457): Failed to read system property vendor.syncbosshal.uart_path. Using default "/dev/ttyHS14".
04-27 12:16:20.843   741   741 I SyncBossHAL: [info   ] syncboss_hal_impl_android_driver.c(575): Starting logging thread from UART path /dev/ttyHS14
04-27 12:16:20.849   741   965 I SyncBossHAL: [info   ] syncboss_hal_impl_android_driver.c(457): Failed to read system property vendor.syncbosshal.uart_path. Using default "/dev/ttyHS14".
04-27 12:16:20.850   741   965 I SyncBossHAL: [info   ] syncboss_hal_impl_android_driver.c(575): Starting logging thread from UART path /dev/ttyHS14
04-27 12:16:20.893   850   850 D TrackingService: TrackingDataPostProcessor: Set heuristic confidence param persist.ovr.tracking.chct value 0.00
04-27 12:16:20.893   850   850 D TrackingService: TrackingDataPostProcessor: Set heuristic confidence param persist.ovr.tracking.chnopress value 2.00
04-27 12:16:20.893   850   850 D TrackingService: TrackingDataPostProcessor: Set heuristic confidence param persist.ovr.tracking.chnotouch value -1.00
04-27 12:16:20.893   850   850 D TrackingService: TrackingDataPostProcessor: Set heuristic confidence param persist.ovr.tracking.chnotouchct value 2.00
04-27 12:16:20.893   850   850 D TrackingService: TrackingDataPostProcessor: Set heuristic confidence param persist.ovr.tracking.chringtilt value 0.26
04-27 12:16:20.893   850   850 D TrackingService: TrackingDataPostProcessor: Set heuristic confidence param persist.ovr.tracking.chringrlx value 1.00
04-27 12:16:20.893   850   850 D TrackingService: TrackingDataPostProcessor: Set heuristic confidence param persist.ovr.tracking.chstatic value 2.00
04-27 12:16:20.893   850   850 D TrackingService: TrackingDataPostProcessor: Set heuristic confidence param persist.ovr.tracking.chstaticrlx value 0.50
04-27 12:16:20.893   850   850 D TrackingService: TrackingDataPostProcessor: Set heuristic confidence param persist.ovr.tracking.chincenter value 2.00
04-27 12:16:20.893   850   850 D TrackingService: TrackingDataPostProcessor: Set heuristic confidence param persist.ovr.tracking.chdeadctr value 0.20
04-27 12:16:20.894   850   850 D TrackingService: TrackingDataPostProcessor: Set heuristic confidence param persist.ovr.tracking.chnoproxct value 2.00
04-27 12:16:20.894   850   850 D TrackingService: TrackingDataPostProcessor: Set heuristic confidence param persist.ovr.tracking.chunliketime value 6.00
04-27 12:16:20.894   850   850 W TrackingService: Could not load config file (/system/etc/trackingservice.cfg): File could not be opened for reading
04-27 12:16:20.906   850   850 D OVRRemoteService: ControllerGlue()
04-27 12:16:20.906   850   850 D OVRRemoteService: ControllerGlue: Setting up streams
04-27 12:16:20.906   850   850 D OVRRemoteService: ControllerGlue: Enumerating paired controllers
04-27 12:16:20.906   741   965 I SyncBossHAL: [info   ] syncboss_hal_impl_android_driver.c(457): Failed to read system property vendor.syncbosshal.uart_path. Using default "/dev/ttyHS14".
04-27 12:16:20.907   741   965 I SyncBossHAL: [info   ] syncboss_hal_impl_android_driver.c(575): Starting logging thread from UART path /dev/ttyHS14
04-27 12:16:20.910   741   965 D SensorService: Found paired controllers: 2
04-27 12:16:20.912   850   850 I OVRRemoteService: Creating RemoteDevice for 800822633d4bfdac
04-27 12:16:20.912   850   850 I OVRRemoteService: Creating RemoteDevice for 79adaabec9d16fda
04-27 12:16:20.912   850   850 I RemoteService: Initializing remote service
04-27 12:16:20.936   850   850 D TrackingService: Scaled haptics updated to: 100
04-27 12:16:20.939   850   850 I InputSettingsService: Initializing InputSettingsService
04-27 12:16:21.041  1027  1027 I chatty  : uid=1000 system_server expire 58 lines
04-27 12:16:21.117   741   965 I CameraProvider: Utility frequency frame period updated to 33333
04-27 12:16:21.127   850   850 D SensorClientUtils: temporarilyWake(): performing transition to STANDBY
04-27 12:16:21.127   850   850 D SensorClientUtils: Setting power state to STANDBY
04-27 12:16:21.130   850  1018 I TrackingService: [ vision_manager] SLEEP -> STANDBY transition time: 1 ms
04-27 12:16:21.130   850  1018 I TrackingService: [            iad] SLEEP -> STANDBY transition time: 0 ms
04-27 12:16:21.202  1027  1071 I chatty  : uid=1000(system) HwBinder:1027_1 expire 1 line
04-27 12:16:21.206  1027  1056 I chatty  : uid=1000(system) android.fg expire 3 lines
04-27 12:16:21.215  1027  1177 I chatty  : uid=1000(system) HwBinder:1027_3 expire 1 line
04-27 12:16:21.284  1027  1027 I chatty  : uid=1000 system_server expire 58 lines
04-27 12:16:21.291   850  1018 I TrackingService: [           bolt] SLEEP -> STANDBY transition time: 160 ms
04-27 12:16:21.444  1027  1154 I chatty  : uid=1000(system) ConnectivitySer expire 2 lines
04-27 12:16:21.489  1027  1074 I chatty  : uid=1000(system) PowerManagerSer expire 2 lines
04-27 12:16:21.498  1027  1027 I chatty  : uid=1000 system_server expire 55 lines
04-27 12:16:21.517  1027  1076 I chatty  : uid=1000(system) PackageManager expire 1 line
04-27 12:16:21.555   741   965 I SyncBossHAL: [info   ] syncboss_hal_impl_android_driver.c(457): Failed to read system property vendor.syncbosshal.uart_path. Using default "/dev/ttyHS14".
04-27 12:16:21.555   741   965 I SyncBossHAL: [info   ] syncboss_hal_impl_android_driver.c(575): Starting logging thread from UART path /dev/ttyHS14
04-27 12:16:21.556   741   965 D SensorService: SyncbossEventHandler: starting all streams
04-27 12:16:21.556   741  1219 D SensorService: SyncbossEventHandler::producerThreadFunc() start
04-27 12:16:21.561   741  1217 I SyncBossFW:    4654 [info   ] {APPI}: Enabling display timestamping
04-27 12:16:21.561   741  1217 I SyncBossFW:    4654 [info   ] {APPI}: Enabling IMU
04-27 12:16:21.564   850  1018 I TrackingService: [            iot] SLEEP -> STANDBY transition time: 273 ms
04-27 12:16:21.566   741  1217 I SyncBossFW:    4658 [info   ] {APPI}: Enabling magnetometer
04-27 12:16:21.566   741  1217 I SyncBossFW:    4658 [info   ] {APPI}: Enabling mag streaming.  Temperature comp enabled
04-27 12:16:21.582   850  1018 I TrackingService: ConstellationTrackingGlue: setEnableExtendedDeadreckoning to false
04-27 12:16:21.582   850  1018 I TrackingService: [  constellation] SLEEP -> STANDBY transition time: 17 ms
04-27 12:16:21.582   850  1018 I TrackingService: [           hand] SLEEP -> STANDBY transition time: 0 ms
04-27 12:16:21.588  1027  1165 I chatty  : uid=1000(system) Binder:1027_3 expire 1 line
04-27 12:16:21.589   850  1018 I TrackingService: [         object] SLEEP -> STANDBY transition time: 7 ms
04-27 12:16:21.590   850  1018 I TrackingService: [     controller] SLEEP -> STANDBY transition time: 1 ms
04-27 12:16:21.590   850   850 D TrackingService: setPowerState: STANDBY
04-27 12:16:21.591   741   965 D SensorService: ControllerProvider: acquiring StreamingSession
04-27 12:16:21.591   850   850 D SensorClientUtils: Scheduling delayed transition to SLEEP in 120000ms
04-27 12:16:21.592   850   850 D SensorClientUtils: temporarilyWake(): performing transition to STANDBY
04-27 12:16:21.592   850   850 D SensorClientUtils: Setting power state to STANDBY
04-27 12:16:21.593   850   850 D OVRRemoteService: ControllerGlue: setting expected mode to Streaming
04-27 12:16:21.593   850   850 D OVRRemoteService: ControllerGlue: Setting current mode to Streaming
04-27 12:16:21.593   850   850 D OVRRemoteService: ControllerGlue: leave mode Disabled
04-27 12:16:21.593   850   850 D OVRRemoteService: ControllerGlue: Setting mode to Streaming
04-27 12:16:21.593   850   850 D OVRRemoteService: ControllerGlue: enter mode Streaming
04-27 12:16:21.594  1027  1027 I chatty  : uid=1000 system_server expire 47 lines
04-27 12:16:21.594   741   965 I SyncBossHAL: [info   ] syncboss_hal_impl_input.c(277): No pulsar frequency blocklist set
04-27 12:16:21.595   741   965 I SyncBossHAL: [info   ] syncboss_hal_impl_input.c(304): No AFH behavior specified, enabled by default
04-27 12:16:21.595   741   965 I SyncBossHAL: [info   ] syncboss_hal_impl_input.c(344): Input device auto-whitelisting disabled
04-27 12:16:21.599   741   965 D SensorService: ControllerProvider: acquiring StreamingClient impl; approx # alive: 1
04-27 12:16:21.599   741   741 D SensorService: ControllerProvider: acquiring StreamingClient impl; approx # alive: 2
04-27 12:16:21.599   741   965 D libsensorscommon: ControllerProvider: acquiring StreamingClient hidl
04-27 12:16:21.599   741   741 D libsensorscommon: ControllerProvider: acquiring StreamingClient hidl
04-27 12:16:21.599   850   850 D OVRRemoteService: [controller] SLEEP -> STANDBY
04-27 12:16:21.599   850   850 D SensorClientUtils: Scheduling delayed transition to SLEEP in 120000ms
04-27 12:16:21.600   850  1233 D RemoteService: RemoteService - Registering status callback
04-27 12:16:21.601   741  1217 I SyncBossFW:    4692 [info   ] {WIHO}: Pulsar device auto-whitelisting disabled
04-27 12:16:21.601   741  1217 I SyncBossFW:    4693 [info   ] {APPI}: Starting input
04-27 12:16:21.632   850  1237 D SensorClientUtils: Ignoring same state transition to STANDBY
04-27 12:16:21.640   850  1237 D TrackingService: Scaled haptics updated to: 100
04-27 12:16:21.642   741   878 I SyncBossHAL: [info   ] pulsar_manager.c(830): Setting transmit power for all connected controllers to -4 dBm
04-27 12:16:21.694   850  1237 D SensorClientUtils: Ignoring same state transition to STANDBY
04-27 12:16:21.976   741   869 I SyncBossHAL: [info   ] syncboss_hal_impl_input.c(1056): Pulsar connected devices state change: 1
04-27 12:16:21.978   741  1217 I SyncBossFW:    5070 [info   ] {WIHO}: Pulsar device connected 79adaabec9d16fda (type: 8011401, connection id: 0x1)
04-27 12:16:22.035   741   878 I SyncBossHAL: [info   ] pulsar_manager.c(469): 79adaabexxxxxxxx: Configuring IR LED to ontime = 34, period = 33333
04-27 12:16:22.042   741   878 I SyncBossHAL: [info   ] pulsar_manager.c(319): Finished getting cache data for controller
04-27 12:16:22.042   741   878 I SyncBossHAL:     id            : 79adaabexxxxxxxx
04-27 12:16:22.042   741   878 I SyncBossHAL:     pulsar_type   : 0x08011401
04-27 12:16:22.042   741   878 I SyncBossHAL:     connection id : 0x1
04-27 12:16:22.042   741   878 I SyncBossHAL:     fw ver        : 1.9.0
04-27 12:16:22.042   741   878 I SyncBossHAL:     spl ver       : 1.5.1
04-27 12:16:22.042   741   878 I SyncBossHAL:     serial        : 1WMHCR404A1203
04-27 12:16:22.042   741   878 I SyncBossHAL:     handedness    : right
04-27 12:16:22.042   741   878 I SyncBossHAL:     battery state : 100%
04-27 12:16:22.042   741   878 I SyncBossHAL: [info   ] pulsar_manager.c(336): Jedi-specific cache data:
04-27 12:16:22.042   741   878 I SyncBossHAL:     captouch ver  : 1.9.0
04-27 12:16:22.046   741  1217 I SyncBossFW:    5140 [info   ] {APPI}: Found 1 connected pulsar devices
04-27 12:16:22.048   741  1229 D SensorService: stateChangeNotifierFunc(): Reporting controller info. Change token: 1
04-27 12:16:22.048   741  1229 E SensorService: Thread Controller::stateWorkerFunc: took longer than expected time of 1500.000000Ms / 1840.000000Ms
04-27 12:16:22.052   741   965 D SensorService: Found paired controllers: 2
04-27 12:16:22.053   850  1151 I TrackingService: Registering primary controller 79adaabec9d16fda in slot 0
04-27 12:16:22.054   741   878 I SyncBossHAL: [info   ] pulsar_manager.c(830): Setting transmit power for all connected controllers to -4 dBm
04-27 12:16:22.055   850  1151 D TrackingService: TrackingDataPostProcessor: Hand autotransition v2 GK enabled: 1
04-27 12:16:22.055   850  1151 D TrackingService: registerRemote: 79adaabec9d16fda
04-27 12:16:22.059  1027  1122 I chatty  : uid=1000(system) InputDispatcher expire 2 lines
04-27 12:16:22.073  1027  1114 I chatty  : uid=1000 system_server expire 1 line
04-27 12:16:22.085   850  1151 W TrackingService: Attempted to control leds, but gatekeeper is disabled. Skipping operation.
04-27 12:16:22.086   741  1219 I SyncBossInput: [info   ] [jedi (right) 79adaabexxxxxxxx]:       2 [info   ] {LOG }: Build flavor: USER
04-27 12:16:22.121   741  1219 I SyncBossInput: [info   ] [jedi (right) 79adaabexxxxxxxx]:       2 [info   ] {LOG }: RESET_REASON:
04-27 12:16:22.127   741   869 I SyncBossHAL: [info   ] syncboss_hal_impl_input.c(1056): Pulsar connected devices state change: 2
04-27 12:16:22.129   741  1217 I SyncBossFW:    5220 [info   ] {WIHO}: Pulsar device connected 800822633d4bfdac (type: 8001401, connection id: 0x2)
04-27 12:16:22.130   741  1219 W SensorService: Unknown packet type (20) received
04-27 12:16:22.130   850  1227 D TrackingService: [HANDTRACKING] Controller 79adaabec9d16fda in hand: Y, valid: N
04-27 12:16:22.154   741  1219 I SyncBossInput: [info   ] [jedi (right) 79adaabexxxxxxxx]:       2 [info   ] {LOG }:  --> SYSTEM_OFF
04-27 12:16:22.155  1027  1066 I chatty  : uid=1000(system) ActivityManager expire 1 line
04-27 12:16:22.158  1027  1058 I chatty  : uid=1000(system) android.io expire 1 line
04-27 12:16:22.169  1027  1177 I chatty  : uid=1000(system) HwBinder:1027_3 expire 1 line
04-27 12:16:22.170  1027  1056 I chatty  : uid=1000(system) android.fg expire 1 line
04-27 12:16:22.170  1027  1166 I chatty  : uid=1000(system) AudioService expire 2 lines
04-27 12:16:22.175  1027  1066 I chatty  : uid=1000(system) ActivityManager expire 2 lines
04-27 12:16:22.175  1027  1027 I chatty  : uid=1000 system_server expire 45 lines
04-27 12:16:22.188   741   878 I SyncBossHAL: [info   ] pulsar_manager.c(469): 80082263xxxxxxxx: Configuring IR LED to ontime = 34, period = 33333
04-27 12:16:22.192   741  1219 I SyncBossInput: [info   ] [jedi (right) 79adaabexxxxxxxx]:       2 [info   ] {LOG }: Lock state: locked
04-27 12:16:22.194   741   878 I SyncBossHAL: [info   ] pulsar_manager.c(319): Finished getting cache data for controller
04-27 12:16:22.194   741   878 I SyncBossHAL:     id            : 80082263xxxxxxxx
04-27 12:16:22.194   741   878 I SyncBossHAL:     pulsar_type   : 0x08001401
04-27 12:16:22.194   741   878 I SyncBossHAL:     connection id : 0x2
04-27 12:16:22.194   741   878 I SyncBossHAL:     fw ver        : 1.9.0
04-27 12:16:22.194   741   878 I SyncBossHAL:     spl ver       : 1.5.1
04-27 12:16:22.194   741   878 I SyncBossHAL:     serial        : 1WMHCLD0AQ1203
04-27 12:16:22.194   741   878 I SyncBossHAL:     handedness    : left
04-27 12:16:22.194   741   878 I SyncBossHAL:     battery state : 100%
04-27 12:16:22.194   741   878 I SyncBossHAL: [info   ] pulsar_manager.c(336): Jedi-specific cache data:
04-27 12:16:22.194   741   878 I SyncBossHAL:     captouch ver  : 1.9.0
04-27 12:16:22.199   741  1217 I SyncBossFW:    5293 [info   ] {APPI}: Found 2 connected pulsar devices
04-27 12:16:22.200   741  1229 D SensorService: stateChangeNotifierFunc(): Reporting controller info. Change token: 2
04-27 12:16:22.205   741   965 D SensorService: Found paired controllers: 2
04-27 12:16:22.207   850  1151 I TrackingService: Registering primary controller 800822633d4bfdac in slot 1
04-27 12:16:22.207   741   878 I SyncBossHAL: [info   ] pulsar_manager.c(830): Setting transmit power for all connected controllers to -4 dBm
04-27 12:16:22.210   850  1151 D TrackingService: TrackingDataPostProcessor: Hand autotransition v2 GK enabled: 1
04-27 12:16:22.210   850  1151 D TrackingService: registerRemote: 800822633d4bfdac
04-27 12:16:22.217  1027  1127 I chatty  : uid=1000(system) StorageManagerS expire 1 line
04-27 12:16:22.234   850  1151 W TrackingService: Attempted to control leds, but gatekeeper is disabled. Skipping operation.
04-27 12:16:22.238   741  1219 I SyncBossInput: [info   ] [jedi (right) 79adaabexxxxxxxx]:       3 [info   ] {WRLS}: Device paired with: 0x27EC84A2
04-27 12:16:22.238   741  1219 I SyncBossInput: [info   ] [jedi ( left) 80082263xxxxxxxx]:       2 [info   ] {LOG }: Build flavor: USER
04-27 12:16:22.274   741  1219 I SyncBossInput: [info   ] [jedi ( left) 80082263xxxxxxxx]:       2 [info   ] {LOG }: RESET_REASON:
04-27 12:16:22.278   741  1219 I SyncBossInput: [info   ] [jedi (right) 79adaabexxxxxxxx]:       3 [info   ] {TSDY}: Read user cal successfully
04-27 12:16:22.283   850  1227 D TrackingService: [HANDTRACKING] Controller 800822633d4bfdac in hand: Y, valid: N
04-27 12:16:22.306   741  1219 I SyncBossInput: [info   ] [jedi ( left) 80082263xxxxxxxx]:       2 [info   ] {LOG }:  --> SYSTEM_OFF
04-27 12:16:22.308   739   739 I android.hardware.wifi@1.0-service: Wifi HAL started
04-27 12:16:22.322   741  1219 I SyncBossInput: [info   ] [jedi (right) 79adaabexxxxxxxx]:       3 [info   ] {TSDY}: updates: 0, flash writes: 1
04-27 12:16:22.343   741  1219 I SyncBossInput: [info   ] [jedi ( left) 80082263xxxxxxxx]:       2 [info   ] {LOG }: Lock state: locked
04-27 12:16:22.388   741  1219 I SyncBossInput: [info   ] [jedi (right) 79adaabexxxxxxxx]:       3 [info   ] {TSDY}: range:x_min:3376 x_max:12861 y_min:3258 y_max:12824
04-27 12:16:22.391   741  1219 I SyncBossInput: [info   ] [jedi ( left) 80082263xxxxxxxx]:       3 [info   ] {WRLS}: Device paired with: 0x27EC84A2
04-27 12:16:22.421   739   739 I android.hardware.wifi@1.0-service: Adding interface handle for p2p0
04-27 12:16:22.421   739   739 I android.hardware.wifi@1.0-service: Adding interface handle for wlan0
04-27 12:16:22.421   739   739 I android.hardware.wifi@1.0-service: Adding interface handle for p2p1
04-27 12:16:22.421   739   739 I android.hardware.wifi@1.0-service: Adding interface handle for wifi-aware0
04-27 12:16:22.421   739   739 W android.hardware.wifi@1.0-service: No active wlan interfaces in use! Using default
04-27 12:16:22.421   739   739 W android.hardware.wifi@1.0-service: No active wlan interfaces in use! Using default
04-27 12:16:22.422   739   739 I android.hardware.wifi@1.0-service: Configured chip in mode 3
04-27 12:16:22.422   739   739 W android.hardware.wifi@1.0-service: No active wlan interfaces in use! Using default
04-27 12:16:22.425   739   739 W android.hardware.wifi@1.0-service: No active wlan interfaces in use! Using default
04-27 12:16:22.434   741  1219 I SyncBossInput: [info   ] [jedi (right) 79adaabexxxxxxxx]:       3 [info   ] {TSDY}: db percent: inner:18, outer:6
04-27 12:16:22.438   824   824 I wificond: create scanner for interface with index: 7
04-27 12:16:22.438   824   824 I wificond: subscribe scan result for interface with index: 7
04-27 12:16:22.439   741  1219 I SyncBossInput: [info   ] [jedi ( left) 80082263xxxxxxxx]:       3 [info   ] {TSDY}: Read user cal successfully
04-27 12:16:22.440   824   824 E wificond: No Offload Service available
04-27 12:16:22.440   824   824 I wificond: Offload HAL not supported 
04-27 12:16:22.479   741  1219 I SyncBossInput: [info   ] [jedi ( left) 80082263xxxxxxxx]:       3 [info   ] {TSDY}: updates: 0, flash writes: 1
04-27 12:16:22.498   741  1219 I SyncBossInput: [info   ] [jedi (right) 79adaabexxxxxxxx]:       3 [info   ] {TS  }: recenter:xmin:3273,xmax:12757,ymin:2886,ymax:12452
04-27 12:16:22.534   741  1219 I SyncBossInput: [info   ] [jedi ( left) 80082263xxxxxxxx]:       3 [info   ] {TSDY}: range:x_min:3471 x_max:13400 y_min:3413 y_max:13086
04-27 12:16:22.548   741  1219 I SyncBossInput: [info   ] [jedi (right) 79adaabexxxxxxxx]:       3 [info   ] {TRG }: Forward trigger range: 3991 12913
04-27 12:16:22.582   741  1219 I SyncBossInput: [info   ] [jedi ( left) 80082263xxxxxxxx]:       3 [info   ] {TSDY}: db percent: inner:18, outer:6
04-27 12:16:22.596   741  1219 I SyncBossInput: [info   ] [jedi (right) 79adaabexxxxxxxx]:       3 [info   ] {TRG }: Grip trigger range: 1684 14305
04-27 12:16:22.630   741  1219 I SyncBossInput: [info   ] [jedi (right) 79adaabexxxxxxxx]:     104 [info   ] {CAPT}: Cap touch init
04-27 12:16:22.646   741  1219 I SyncBossInput: [info   ] [jedi ( left) 80082263xxxxxxxx]:       3 [info   ] {TS  }: recenter:xmin:3592,xmax:13520,ymin:2934,ymax:12606
04-27 12:16:22.664   741  1219 I SyncBossInput: [info   ] [jedi (right) 79adaabexxxxxxxx]:     105 [info   ] {IMU }: IMU model: ICM42686
04-27 12:16:22.692   741  1219 I SyncBossInput: [info   ] [jedi ( left) 80082263xxxxxxxx]:       3 [info   ] {TRG }: Forward trigger range: 1571 12659
04-27 12:16:22.706   741  1219 I SyncBossInput: [info   ] [jedi (right) 79adaabexxxxxxxx]:     156 [info   ] {THDG}: UNSET -> active_seek
04-27 12:16:22.740   741  1219 I SyncBossInput: [info   ] [jedi (right) 79adaabexxxxxxxx]:     156 [info   ] {APP }: Init complete
04-27 12:16:22.742   741  1219 I SyncBossInput: [info   ] [jedi ( left) 80082263xxxxxxxx]:       3 [info   ] {TRG }: Grip trigger range: 4513 14087
04-27 12:16:22.780   741  1219 I SyncBossInput: [info   ] [jedi (right) 79adaabexxxxxxxx]:   28480 [info   ] {THDG}: active_seek -> inactive_seek
04-27 12:16:22.780   741  1219 I SyncBossInput: [info   ] [jedi ( left) 80082263xxxxxxxx]:     102 [info   ] {CAPT}: Cap touch init
04-27 12:16:22.810   741  1219 I SyncBossInput: [info   ] [jedi (right) 79adaabexxxxxxxx]:   76578 [info   ] {APP }: Connected
04-27 12:16:22.814   741  1219 I SyncBossInput: [info   ] [jedi ( left) 80082263xxxxxxxx]:     104 [info   ] {IMU }: IMU model: ICM42686
04-27 12:16:22.858   741  1219 I SyncBossInput: [info   ] [jedi (right) 79adaabexxxxxxxx]:   76578 [info   ] {THDG}: inactive_seek -> active_connected
04-27 12:16:22.859   741  1219 I SyncBossInput: [info   ] [jedi ( left) 80082263xxxxxxxx]:     153 [info   ] {THDG}: UNSET -> active_seek
04-27 12:16:22.863  1027  1106 I chatty  : uid=1000 system_server expire 1 line
04-27 12:16:22.879  1027  1139 I chatty  : uid=1000(system) NetworkPolicy expire 1 line
04-27 12:16:22.891   741  1219 I SyncBossInput: [info   ] [jedi ( left) 80082263xxxxxxxx]:     153 [info   ] {APP }: Init complete
04-27 12:16:22.904   741  1219 I SyncBossInput: [info   ] [jedi (right) 79adaabexxxxxxxx]:   77196 [info   ] {HPTH}: Set haptics frequency to 0x2165
04-27 12:16:22.917  1027  1138 I chatty  : uid=1000(system) NetworkStats expire 1 line
04-27 12:16:22.930   741  1219 I SyncBossInput: [info   ] [jedi ( left) 80082263xxxxxxxx]:   28476 [info   ] {THDG}: active_seek -> inactive_seek
04-27 12:16:22.933  1027  1064 I chatty  : uid=1000(system) android.bg expire 2 lines
04-27 12:16:22.951  1027  1027 I chatty  : uid=1000 system_server expire 21 lines
04-27 12:16:22.958  1027  1066 I chatty  : uid=1000(system) ActivityManager expire 24 lines
04-27 12:16:22.960   741  1219 I SyncBossInput: [info   ] [jedi ( left) 80082263xxxxxxxx]:   80293 [info   ] {APP }: Connected
04-27 12:16:23.006   741  1219 I SyncBossInput: [info   ] [jedi ( left) 80082263xxxxxxxx]:   80294 [info   ] {THDG}: inactive_seek -> active_connected
04-27 12:16:23.052   741  1219 I SyncBossInput: [info   ] [jedi ( left) 80082263xxxxxxxx]:   80903 [info   ] {HPTH}: Set haptics frequency to 0x2154
04-27 12:16:23.060   741  1219 I SyncBossHAL: [info   ] syncboss_hal_input_controller.c(194): Controller 79adaabexxxxxxxx battery level changed: 0% -> 100%
04-27 12:16:23.066   741  1229 D SensorService: stateChangeNotifierFunc(): Reporting controller info. Change token: 3
04-27 12:16:23.199  1027  1057 I chatty  : uid=1000(system) android.ui expire 1 line
04-27 12:16:23.200  1027  1295 I chatty  : uid=1000(system) Binder:1027_5 expire 1 line
04-27 12:16:23.209  1027  1066 I chatty  : uid=1000(system) ActivityManager expire 24 lines
04-27 12:16:23.216  1027  1512 I chatty  : uid=1000(system) Binder:1027_6 expire 1 line
04-27 12:16:23.217  1027  1027 I chatty  : uid=1000 system_server expire 18 lines
04-27 12:16:23.220   741  1219 I SyncBossHAL: [info   ] syncboss_hal_input_controller.c(194): Controller 80082263xxxxxxxx battery level changed: 0% -> 100%
04-27 12:16:23.226   741  1229 D SensorService: stateChangeNotifierFunc(): Reporting controller info. Change token: 4
04-27 12:16:23.243  1027  1058 I chatty  : uid=1000(system) android.io expire 4 lines
04-27 12:16:23.244   850  1237 D SensorClientUtils: Cancelling delayed transition to SLEEP
04-27 12:16:23.244   850  1236 D SensorClientUtils: Cancelling delayed transition to SLEEP
04-27 12:16:23.245   850  1236 D SensorClientUtils: Received transition request to RUNNING current is STANDBY
04-27 12:16:23.245   850  1236 D SensorClientUtils: Executing transition from STANDBY to RUNNING
04-27 12:16:23.245   850  1236 D SensorClientUtils: Setting power state to RUNNING
04-27 12:16:23.245   850  1236 D OVRRemoteService: [controller] STANDBY -> RUNNING
04-27 12:16:23.245   850  1237 D SensorClientUtils: Received transition request to RUNNING current is STANDBY
04-27 12:16:23.245   850  1237 D SensorClientUtils: Executing transition from STANDBY to RUNNING
04-27 12:16:23.245   850  1237 D SensorClientUtils: Setting power state to RUNNING
04-27 12:16:23.245   850  1018 I TrackingService: [ vision_manager] STANDBY -> RUNNING transition time: 0 ms
04-27 12:16:23.246   850  1018 I TrackingService: [            iad] STANDBY -> RUNNING transition time: 0 ms
04-27 12:16:23.246   850  1018 I TrackingService: [           bolt] STANDBY -> RUNNING transition time: 0 ms
04-27 12:16:23.249  1027  1065 I chatty  : uid=1000(system) ActivityManager expire 2 lines
04-27 12:16:23.251   850  1018 I TrackingService: Setting initial exposure: 0.005000, initial gain: 3.000000
04-27 12:16:23.259   741  1217 E SyncBossFW:    6352 [error  ] {CAM }: Frame tag mode is not enabled, cannot use this API.
04-27 12:16:23.260   741   965 I FrameSetDispatcher: [HEADSET] Client thread started
04-27 12:16:23.260   741   965 I CameraClientManager: [HEADSET] Added client - started clients: 1
04-27 12:16:23.307  1027  1066 I chatty  : uid=1000(system) ActivityManager expire 25 lines
04-27 12:16:23.332  1027  1027 I chatty  : uid=1000 system_server expire 10 lines
04-27 12:16:23.420   850  1236 D RemoteService: RemoteService - Registering status callback
04-27 12:16:23.442   741  1217 I SyncBossFW:    6535 [info   ] {BCAM}: OV7251 sensors found - 0xf
04-27 12:16:23.453   850   850 D TrackingService: Scaled haptics updated to: 100
04-27 12:16:23.454   741   878 I SyncBossHAL: [info   ] pulsar_manager.c(830): Setting transmit power for all connected controllers to -4 dBm
04-27 12:16:23.457  1027  1056 I chatty  : uid=1000(system) android.fg expire 1 line
04-27 12:16:23.469   741  1217 I SyncBossFW:    6562 [info   ] {APPI}: Camera probe, found: 0xf
04-27 12:16:23.475  1027  1160 I chatty  : uid=1000(system) onProviders.ECP expire 2 lines
04-27 12:16:23.483   741   965 I HollywoodCameraProvider: [HollywoodCameraProvider] Set cameras to 10 bpp (format 0x00000025)
04-27 12:16:23.488   741   878 I SyncBossHAL: [info   ] pulsar_manager.c(774): Setting controller LED config to period: 33333us, on-time: 34us
04-27 12:16:23.493  1027  1683 I chatty  : uid=1000 system_server expire 1 line
04-27 12:16:23.539  1027  1070 I chatty  : uid=1000(system) batterystats-wo expire 1 line
04-27 12:16:23.557   741  1217 I SyncBossFW:    6649 [info   ] {APPI}: Starting camera streaming
04-27 12:16:23.557   741  1217 I SyncBossFW:    6649 [info   ] {BCAM}: Camera streaming started
04-27 12:16:23.586   850  1018 I TrackingService: [            iot] STANDBY -> RUNNING transition time: 340 ms
04-27 12:16:23.588   741   965 I FrameSetDispatcher: [CONTROLLER] Client thread started
04-27 12:16:23.588   741   965 I CameraClientManager: [CONTROLLER] Added client - started clients: 1
04-27 12:16:23.589   850  1018 I TrackingService: ConstellationTrackingGlue: setEnableExtendedDeadreckoning to false
04-27 12:16:23.589   850  1018 I TrackingService: [  constellation] STANDBY -> RUNNING transition time: 2 ms
04-27 12:16:23.589   850  1018 I TrackingService: [           hand] STANDBY -> RUNNING transition time: 0 ms
04-27 12:16:23.590   850  1227 D TrackingService: [HANDTRACKING] Controller 79adaabec9d16fda in hand: Y, valid: Y
04-27 12:16:23.590   741   965 I FrameSetDispatcher: [HEADSET] Client thread started
04-27 12:16:23.590   741   965 I CameraClientManager: [HEADSET] Added client - started clients: 2
04-27 12:16:23.591   850  1018 I TrackingService: [         object] STANDBY -> RUNNING transition time: 1 ms
04-27 12:16:23.591   850  1018 I TrackingService: [     controller] STANDBY -> RUNNING transition time: 0 ms
04-27 12:16:23.591   850  1227 D TrackingService: [HANDTRACKING] Controller 800822633d4bfdac in hand: Y, valid: Y
04-27 12:16:23.591   850  1237 D TrackingService: setPowerState: RUNNING
04-27 12:16:23.631   741  1691 W SensorService: frameset capture timestamp out of spec by -6681.63 ms. FrameType=HEADSET, observed=6714962000 expected=a33333000. FrameSyncPeriod is: 33.33 ms
04-27 12:16:23.771  1027  1059 I chatty  : uid=1000(system) android.display expire 4 lines
04-27 12:16:23.776  1027  1074 I chatty  : uid=1000(system) PowerManagerSer expire 1 line
04-27 12:16:23.780  1027  1127 I chatty  : uid=1000(system) StorageManagerS expire 2 lines
04-27 12:16:23.781  1027  1065 I chatty  : uid=1000(system) ActivityManager expire 5 lines
04-27 12:16:23.782  1027  1044 I chatty  : uid=1000(system) Binder:1027_2 expire 3 lines
04-27 12:16:23.785   572   589 D vold    : Waiting for FUSE to spin up...
04-27 12:16:23.791  1027  1056 I chatty  : uid=1000(system) android.fg expire 15 lines
04-27 12:16:23.793  1027  1059 I chatty  : uid=1000(system) android.display expire 8 lines
04-27 12:16:23.794   572   592 D vold    : fscrypt_unlock_user_key 0 serial=0 token_present=0
04-27 12:16:23.795   572   592 D vold    : Skipping non-key .
04-27 12:16:23.795   572   592 D vold    : Skipping non-key ..
04-27 12:16:23.795   572   592 D vold    : Trying user CE key /data/misc/vold/user_keys/ce/0/current
04-27 12:16:23.799  1706  1706 W sdcard  : Device explicitly enabled sdcardfs
04-27 12:16:23.805   572   592 I vold    : List of Keymaster HALs found:
04-27 12:16:23.805   572   592 I vold    : Keymaster HAL #1: Keymaster HAL: 4 from QTI SecurityLevel: STRONGBOX HAL: android.hardware.keymaster@4.0::IKeymasterDevice/strongbox
04-27 12:16:23.805   572   592 I vold    : Keymaster HAL #2: Keymaster HAL: 4 from QTI SecurityLevel: TRUSTED_ENVIRONMENT HAL: android.hardware.keymaster@4.0::IKeymasterDevice/default
04-27 12:16:23.805   572   592 I vold    : Using Keymaster HAL: 4 from QTI for encryption.  Security level: TRUSTED_ENVIRONMENT, HAL: android.hardware.keymaster@4.0::IKeymasterDevice/default
04-27 12:16:23.817   572   592 D vold    : Successfully retrieved key
04-27 12:16:23.820   572   592 D vold    : Added key 777059384 (ext4:48b9fbc6a318a6ad) to keyring 260779309 in process 572
04-27 12:16:23.820   572   592 D vold    : Added key 165781910 (f2fs:48b9fbc6a318a6ad) to keyring 260779309 in process 572
04-27 12:16:23.820   572   592 D vold    : Added key 780982668 (fscrypt:48b9fbc6a318a6ad) to keyring 260779309 in process 572
04-27 12:16:23.820   572   592 D vold    : Installed ce key for user 0
04-27 12:16:23.825  1027  1154 I chatty  : uid=1000(system) ConnectivitySer expire 2 lines
04-27 12:16:23.829  1027  1712 I chatty  : uid=1000(system) AdbDebuggingMan expire 1 line
04-27 12:16:23.830   572   592 D vold    : fscrypt_prepare_user_storage for volume null, user 0, serial 0, flags 2
04-27 12:16:23.830   572   592 D vold    : Preparing: /data/system_ce/0
04-27 12:16:23.830   572   592 D vold    : Preparing: /data/misc_ce/0
04-27 12:16:23.830   572   592 D vold    : Preparing: /data/vendor_ce/0
04-27 12:16:23.833   572   592 D vold    : Preparing: /data/media/0
04-27 12:16:23.835   572   592 D vold    : Preparing: /data/data
04-27 12:16:23.835   572   592 I vold    : Found policy 48b9fbc6a318a6ad at /data/system_ce/0 which matches expected value
04-27 12:16:23.839   572   592 I vold    : Found policy 48b9fbc6a318a6ad at /data/misc_ce/0 which matches expected value
04-27 12:16:23.839   572   592 I vold    : Found policy 48b9fbc6a318a6ad at /data/vendor_ce/0 which matches expected value
04-27 12:16:23.839   572   592 I vold    : Found policy 48b9fbc6a318a6ad at /data/media/0 which matches expected value
04-27 12:16:23.840   572   592 I vold    : Found policy 48b9fbc6a318a6ad at /data/data which matches expected value
04-27 12:16:23.840   572   592 D vold    : Starting restorecon of /data/system_ce/0
04-27 12:16:23.843   572   592 D vold    : Finished restorecon of /data/system_ce/0
04-27 12:16:23.843   572   592 D vold    : Starting restorecon of /data/vendor_ce/0
04-27 12:16:23.845   572   592 D vold    : Finished restorecon of /data/vendor_ce/0
04-27 12:16:23.846  1027  1066 I chatty  : uid=1000(system) ActivityManager expire 3 lines
04-27 12:16:23.846   572   592 D vold    : Starting restorecon of /data/misc_ce/0
04-27 12:16:23.848   572   592 D vold    : Finished restorecon of /data/misc_ce/0
04-27 12:16:23.848   572   592 D vold    : /system/bin/vold_prepare_subdirs
04-27 12:16:23.848   572   592 D vold    :     prepare
04-27 12:16:23.848   572   592 D vold    :     
04-27 12:16:23.848   572   592 D vold    :     0
04-27 12:16:23.848   572   592 D vold    :     2
04-27 12:16:23.902  1027  1512 I chatty  : uid=1000(system) Binder:1027_6 expire 3 lines
04-27 12:16:23.953  1027  1058 I chatty  : uid=1000(system) android.io expire 1 line
04-27 12:16:23.958  1737  1737 I GkServiceApp: Scheduling periodic GK update for userId=0
04-27 12:16:24.020   572   592 D vold    : Linking /storage/emulated/0 to /mnt/user/0/primary
04-27 12:16:24.035  1027  1065 I chatty  : uid=1000(system) ActivityManager expire 7 lines
04-27 12:16:24.037  1027  1056 I chatty  : uid=1000(system) android.fg expire 2 lines
04-27 12:16:24.059  1027  1127 I chatty  : uid=1000(system) StorageManagerS expire 1 line
04-27 12:16:24.067  1027  1066 I chatty  : uid=1000(system) ActivityManager expire 9 lines
04-27 12:16:24.069  1027  1188 I chatty  : uid=1000(system) backup expire 14 lines
04-27 12:16:24.138  1027  1255 I chatty  : uid=1000(system) SyncManager expire 1 line
04-27 12:16:24.145   850  1237 D TrackingService: getSharedMemory: com.oculus.systemdriver, HeadTracker
04-27 12:16:24.320  1541  1606 W ContextImpl: Calling a method in the system process without a qualified user: android.app.ContextImpl.startService:1582 android.content.ContextWrapper.startService:669 com.oculus.authapi.OVRAuth.A01:2 com.oculus.unifiedtelemetry.credentialsmanager.UnifiedTelemetryCredentialsManager.A00:36 com.oculus.unifiedtelemetry.credentialsmanager.UnifiedTelemetryCredentialsManager.A01:52 
04-27 12:16:24.331   741  1549 E FrameSetDispatcher: [HEADSET] Client pid=850 (850): Failed to read from receive FMQ for 1 packets in 5000ms.
04-27 12:16:24.331   741  1549 E FrameSetDispatcher: This probably means this client is taking more than 33 ms to process the frame.
04-27 12:16:24.331   741  1549 E FrameSetDispatcher: Retrying.
04-27 12:16:24.505  1027  1027 I chatty  : uid=1000 system_server expire 4 lines
04-27 12:16:24.521  1027  1059 I chatty  : uid=1000(system) android.display expire 2 lines
04-27 12:16:24.580   850  1237 D TrackingService: getSharedMemory: com.oculus.systemdriver, Controller
04-27 12:16:24.593  1027  1044 I chatty  : uid=1000(system) Binder:1027_2 expire 1 line
04-27 12:16:24.603   850  1237 D TrackingService: getSharedMemory: com.oculus.systemdriver, HandTracker
04-27 12:16:24.752  1027  1295 I chatty  : uid=1000(system) Binder:1027_5 expire 3 lines
04-27 12:16:25.443   741  1219 W SensorService: Arrival timestamp too late
04-27 12:16:25.462   741  1219 E SensorService: HMD IMU samples delayed: 4.032ms between sample arrivals (expected 1.000ms)
04-27 12:16:25.506   741  1219 W SensorService: Arrival timestamp too early
04-27 12:16:26.039  1027  1066 I chatty  : uid=1000(system) ActivityManager expire 47 lines
04-27 12:16:26.209  1027  1295 I chatty  : uid=1000(system) Binder:1027_5 expire 1 line
04-27 12:16:26.969  1027  1058 I chatty  : uid=1000(system) android.io expire 12 lines
04-27 12:16:26.971  1027  1027 I chatty  : uid=1000 system_server expire 2 lines
04-27 12:16:26.984  1027  1044 I chatty  : uid=1000(system) Binder:1027_2 expire 3 lines
04-27 12:16:27.112  1027  1512 I chatty  : uid=1000(system) Binder:1027_6 expire 1 line
04-27 12:16:27.130   741  1219 W SensorService: Unknown packet type (20) received
04-27 12:16:27.154   850  1237 D TrackingService: getSharedMemory: com.oculus.os.vrusb, HeadTracker
04-27 12:16:27.483  1027  1821 I chatty  : uid=1000(system) backup-0 expire 31 lines
04-27 12:16:27.623   850   850 D TrackingService: getSharedMemory: com.oculus.os.vrusb, Controller
04-27 12:16:27.653  1027  1066 I chatty  : uid=1000(system) ActivityManager expire 11 lines
04-27 12:16:27.726  1027  1294 I chatty  : uid=1000(system) Binder:1027_4 expire 4 lines
04-27 12:16:27.744  1027  1027 I chatty  : uid=1000 system_server expire 1 line
04-27 12:16:29.009  1541  1995 W ContextImpl: Calling a method in the system process without a qualified user: android.app.ContextImpl.sendBroadcast:1057 android.content.ContextWrapper.sendBroadcast:448 X.o4.A00:143 X.nw.A00:17 X.nw.handleMessage:90 
04-27 12:16:29.552   850   850 D TrackingService: getSharedMemory: com.oculus.guardian, HeadTracker
04-27 12:16:29.994  1027  1058 I chatty  : uid=1000(system) android.io expire 8 lines
04-27 12:16:31.488   850   850 D TrackingService: getSharedMemory: com.oculus.mrservice, HeadTracker
04-27 12:16:31.490   850   850 I TrackingService: Unregistering client by ITrackingService.unregisterClient
04-27 12:16:31.490   850   850 I TrackingService: Failed to unregister client because client not found in registered list
04-27 12:16:31.490   850   850 I chatty  : uid=1000(system) /system/bin/trackingservice identical 3 lines
04-27 12:16:31.490   850   850 I TrackingService: Failed to unregister client because client not found in registered list
04-27 12:16:31.490   850   850 D TrackingService: unregister: com.oculus.mrservice
04-27 12:16:31.587   850   850 D TrackingService: TrackingEnvironment::getSharedMemory()
04-27 12:16:31.589   741   965 I libsensorscommon: Activate AndroidSensors and create DoubleTapSensor
04-27 12:16:31.750  1027  1512 I chatty  : uid=1000(system) Binder:1027_6 expire 2 lines
04-27 12:16:31.752   850   850 D TrackingService: getSharedMemory: com.oculus.mrservice, HeadTracker
04-27 12:16:31.842   846   924 D CameraMuxModeMonitor: Connecting to 'cameramuxmodeservice'
04-27 12:16:31.842   846   924 D CameraMuxModeMonitor: Connected to 'cameramuxmodeservice'
04-27 12:16:31.842  1027  1043 I chatty  : uid=1000(system) Binder:1027_1 expire 2 lines
04-27 12:16:31.937  1027  2622 I chatty  : uid=1000 system_server expire 4 lines
04-27 12:16:32.068  2623  2623 W ContextImpl: Calling a method in the system process without a qualified user: android.app.ContextImpl.startForegroundService:1588 android.content.ContextWrapper.startForegroundService:674 android.content.ContextWrapper.startForegroundService:674 com.oculus.nux.ota.NuxOtaBootReceiver.onReceive:18 android.app.ActivityThread.handleReceiver:3797 
04-27 12:16:32.130   741  1219 W SensorService: Unknown packet type (20) received
04-27 12:16:33.253  1027  1066 I chatty  : uid=1000(system) ActivityManager expire 12 lines
04-27 12:16:33.485  1027  1043 I chatty  : uid=1000(system) Binder:1027_1 expire 3 lines
04-27 12:16:33.690  1737  1737 I GkServiceApp: Scheduling periodic GK update for userId=0
04-27 12:16:33.693  1027  1294 I chatty  : uid=1000(system) Binder:1027_4 expire 1 line
04-27 12:16:33.796  1027  1518 I chatty  : uid=1000(system) Binder:1027_7 expire 3 lines
04-27 12:16:33.796  1027  1512 I chatty  : uid=1000(system) Binder:1027_6 expire 2 lines
04-27 12:16:34.457  1541  1541 W ContextImpl: Calling a method in the system process without a qualified user: android.app.ContextImpl.startService:1582 android.content.ContextWrapper.startService:669 com.oculus.authapi.OVRAuth.A01:2 com.oculus.unifiedtelemetry.credentialsmanager.UnifiedTelemetryCredentialsManager.A00:36 com.oculus.unifiedtelemetry.credentialsmanager.UnifiedTelemetryCredentialsManager.A01:52 
04-27 12:16:35.317   850  1227 D TrackingService: [HANDTRACKING] Controller 79adaabec9d16fda in hand: N, valid: Y
04-27 12:16:35.318   850  1227 D TrackingService: [HANDTRACKING] Controller 800822633d4bfdac in hand: N, valid: Y
04-27 12:16:37.131   741  1219 W SensorService: Unknown packet type (20) received
04-27 12:16:39.117   850  1227 D TrackingService: [HANDTRACKING] Controller 800822633d4bfdac in hand: Y, valid: Y
04-27 12:16:39.164  1027  1065 I chatty  : uid=1000(system) ActivityManager expire 2 lines
04-27 12:16:40.892   741   915 I SyncBossHAL: [info   ] syncboss_hal_powerstate.c(63): Reporting powerstate event: prox_off
04-27 12:16:40.894   850  1237 D SensorClientUtils: Received transition request to STANDBY current is RUNNING
04-27 12:16:40.894   850  1237 D SensorClientUtils: Executing transition from RUNNING to STANDBY
04-27 12:16:40.895   850   850 D SensorClientUtils: Received transition request to STANDBY current is RUNNING
04-27 12:16:40.895   850   850 D SensorClientUtils: Executing transition from RUNNING to STANDBY
04-27 12:16:41.583  1027  1125 I chatty  : uid=1000(system) NetworkWatchlis expire 1 line
04-27 12:16:42.133   741  1219 W SensorService: Unknown packet type (20) received
04-27 12:16:43.292   741   915 I SyncBossHAL: [info   ] syncboss_hal_powerstate.c(63): Reporting powerstate event: prox_on
04-27 12:16:43.293   850   850 D SensorClientUtils: Received transition request to RUNNING current is STANDBY
04-27 12:16:43.293   850   850 D SensorClientUtils: Executing transition from STANDBY to RUNNING
04-27 12:16:43.293   850  1237 D SensorClientUtils: Received transition request to RUNNING current is STANDBY
04-27 12:16:43.293   850  1237 D SensorClientUtils: Executing transition from STANDBY to RUNNING
04-27 12:16:43.810  1027  1027 I chatty  : uid=1000 system_server expire 1 line
04-27 12:16:43.810  1027  1064 I chatty  : uid=1000(system) android.bg expire 2 lines
04-27 12:16:45.419   850  1227 D TrackingService: [HANDTRACKING] Controller 800822633d4bfdac in hand: N, valid: Y
04-27 12:16:46.984   850  1227 D TrackingService: [HANDTRACKING] Controller 79adaabec9d16fda in hand: Y, valid: Y
04-27 12:16:47.133   741  1219 W SensorService: Unknown packet type (20) received
04-27 12:16:48.692  1027  1119 I chatty  : uid=1000(system) AlarmManager expire 1 line
04-27 12:16:48.704  1027  1138 I chatty  : uid=1000(system) NetworkStats expire 1 line
04-27 12:16:49.288  1027  1056 I chatty  : uid=1000(system) android.fg expire 9 lines
04-27 12:16:49.328   850  1237 I TrackingService: Unregistering client by ITrackingService.unregisterClient
04-27 12:16:49.328   850  1237 I TrackingService: Failed to unregister client because client not found in registered list
04-27 12:16:49.329   850  1237 I chatty  : uid=1000(system) Binder:850_2 identical 2 lines
04-27 12:16:49.329   850  1237 I TrackingService: Failed to unregister client because client not found in registered list
04-27 12:16:49.329   850  1237 D TrackingService: unregister: com.oculus.os.vrusb
04-27 12:16:49.405   850  1237 D TrackingService: getSharedMemory: com.oculus.os.vrusb, HeadTracker
04-27 12:16:49.552   850  1237 D TrackingService: getSharedMemory: com.oculus.os.vrusb, Controller
04-27 12:16:50.592   850  1237 I TrackingService: Unregistering client by ITrackingService.unregisterClient
04-27 12:16:50.592   850  1237 I TrackingService: Failed to unregister client because client not found in registered list
04-27 12:16:50.592   850  1237 I chatty  : uid=1000(system) Binder:850_2 identical 2 lines
04-27 12:16:50.592   850  1237 I TrackingService: Failed to unregister client because client not found in registered list
04-27 12:16:50.592   850  1237 D TrackingService: unregister: com.oculus.os.vrusb
04-27 12:16:50.635  1027  1058 I chatty  : uid=1000(system) android.io expire 1 line
04-27 12:16:50.643  1027  1518 I chatty  : uid=1000(system) Binder:1027_7 expire 7 lines
04-27 12:16:50.669  1027  3088 I chatty  : uid=1000(system) Binder:1027_A expire 1 line
04-27 12:16:50.681  1027  1066 I chatty  : uid=1000(system) ActivityManager expire 2 lines
04-27 12:16:50.706  1027  1059 I chatty  : uid=1000(system) android.display expire 3 lines
04-27 12:16:50.822  1027  3156 I chatty  : uid=1000(system) Binder:1027_B expire 1 line
04-27 12:16:51.158   741   965 I FrameSetDispatcher: [HEADSET] Client thread started
04-27 12:16:51.159   741   965 I CameraClientManager: [HEADSET] Added client - started clients: 3
04-27 12:16:51.161   850   850 D TrackingService: getSharedMemory: com.oculus.guardian, Controller
