04-27 12:16:51.162   850   850 D TrackingService: getSharedMemory: com.oculus.guardian, AnchorTracker
04-27 12:16:51.163   850   850 D TrackingService: TrackingEnvironment::getSharedMemory()
04-27 12:16:51.188  1027  2033 I chatty  : uid=1000(system) Binder:1027_8 expire 6 lines
04-27 12:16:51.192  1027  1165 I chatty  : uid=1000(system) Binder:1027_3 expire 1 line
04-27 12:16:51.197   850   850 D TrackingService: getSharedMemory: /system/bin/mrsystemservice, HeadTracker
04-27 12:16:51.198   850   850 D TrackingService: getSharedMemory: /system/bin/mrsystemservice, Controller
04-27 12:16:51.199   741  3232 E FrameSetDispatcher: [HEADSET] Client pid=846 (846): Failed to read from receive FMQ for 1 packets in 5000ms.
04-27 12:16:51.199   741  3232 E FrameSetDispatcher: This probably means this client is taking more than 33 ms to process the frame.
04-27 12:16:51.199   741  3232 E FrameSetDispatcher: Retrying.
04-27 12:16:51.201   850   850 D TrackingService: getSharedMemory: /system/bin/mrsystemservice, HandTracker
04-27 12:16:51.206  1027  1465 I chatty  : uid=1000(system) HwBinder:1027_5 expire 1 line
04-27 12:16:51.443   850   850 D TrackingService: getSharedMemory: com.oculus.shellenv, HeadTracker
04-27 12:16:51.829   850   850 D TrackingService: TrackingEnvironment::getSharedMemory()
04-27 12:16:51.857   850   850 D TrackingService: getSharedMemory: com.oculus.vrshell, HeadTracker
04-27 12:16:52.064   850   850 D TrackingService: getSharedMemory: com.oculus.vrshell, Controller
04-27 12:16:52.134   741  1219 W SensorService: Unknown packet type (20) received
04-27 12:16:52.279  1027  1294 I chatty  : uid=1000(system) Binder:1027_4 expire 4 lines
04-27 12:16:52.346  1027  1059 I chatty  : uid=1000(system) android.display expire 17 lines
04-27 12:16:52.357  1027  1518 I chatty  : uid=1000(system) Binder:1027_7 expire 4 lines
04-27 12:16:52.363  1027  2033 I chatty  : uid=1000(system) Binder:1027_8 expire 2 lines
04-27 12:16:52.664  1027  1043 I chatty  : uid=1000(system) Binder:1027_1 expire 1 line
04-27 12:16:53.324   850   850 D TrackingService: initialized haptic socket pair, keeping service 74 and giving out client 75
04-27 12:16:53.324   850   850 D TrackingService: getSocket: com.oculus.vrshell
04-27 12:16:53.752  1027  1512 I chatty  : uid=1000(system) Binder:1027_6 expire 3 lines
04-27 12:16:53.764  1027  1044 I chatty  : uid=1000(system) Binder:1027_2 expire 1 line
04-27 12:16:57.135   741  1219 W SensorService: Unknown packet type (20) received
04-27 12:16:58.924   741   915 I SyncBossHAL: [info   ] syncboss_hal_powerstate.c(63): Reporting powerstate event: prox_off
04-27 12:16:58.928   850   850 D SensorClientUtils: Received transition request to STANDBY current is RUNNING
04-27 12:16:58.928   850   850 D SensorClientUtils: Executing transition from RUNNING to STANDBY
04-27 12:16:58.928   850  1237 D SensorClientUtils: Received transition request to STANDBY current is RUNNING
04-27 12:16:58.929   850  1237 D SensorClientUtils: Executing transition from RUNNING to STANDBY
04-27 12:17:02.137   741  1219 W SensorService: Unknown packet type (20) received
04-27 12:17:07.138   741  1219 W SensorService: Unknown packet type (20) received
04-27 12:17:07.662   741   915 I SyncBossHAL: [info   ] syncboss_hal_powerstate.c(63): Reporting powerstate event: prox_on
04-27 12:17:07.663   850   850 D SensorClientUtils: Received transition request to RUNNING current is STANDBY
04-27 12:17:07.663   850   850 D SensorClientUtils: Executing transition from STANDBY to RUNNING
04-27 12:17:07.663   850  1237 D SensorClientUtils: Received transition request to RUNNING current is STANDBY
04-27 12:17:07.664   850  1237 D SensorClientUtils: Executing transition from STANDBY to RUNNING
04-27 12:17:12.140   741  1219 W SensorService: Unknown packet type (20) received
04-27 12:17:12.489  1027  3156 I chatty  : uid=1000(system) Binder:1027_B expire 2 lines
04-27 12:17:12.653  1027  2599 I DisplayManagerService: Display device added: DisplayDeviceInfo{"com.oculus.android_panel_app.AndroidPanelLayer-controlbar3": uniqueId="virtual:com.oculus.systemux,10027,com.oculus.android_panel_app.AndroidPanelLayer-controlbar3,0", 1250 x 50, modeId 16, defaultModeId 16, supportedModes [{id=16, width=1250, height=50, fps=60.0}], colorMode 0, supportedColorModes [0], HdrCapabilities null, density 200, 200.0 x 200.0 dpi, appVsyncOff 0, presDeadline 16666666, touch NONE, rotation 0, type VIRTUAL, state OFF, owner com.oculus.systemux (uid 10027), FLAG_PRIVATE, FLAG_NEVER_BLANK, FLAG_OWN_CONTENT_ONLY}
04-27 12:17:12.667  1027  3156 I DisplayManagerService: Display device removed: DisplayDeviceInfo{"com.oculus.android_panel_app.AndroidPanelLayer-controlbar3": uniqueId="virtual:com.oculus.systemux,10027,com.oculus.android_panel_app.AndroidPanelLayer-controlbar3,0", 1250 x 50, modeId 16, defaultModeId 16, supportedModes [{id=16, width=1250, height=50, fps=60.0}], colorMode 0, supportedColorModes [0], HdrCapabilities null, density 200, 200.0 x 200.0 dpi, appVsyncOff 0, presDeadline 16666666, touch NONE, rotation 0, type VIRTUAL, state OFF, owner com.oculus.systemux (uid 10027), FLAG_PRIVATE, FLAG_NEVER_BLANK, FLAG_OWN_CONTENT_ONLY}
04-27 12:17:12.669  1027  1512 I DisplayManagerService: Display device added: DisplayDeviceInfo{"com.oculus.android_panel_app.AndroidPanelLayer-controlbar3": uniqueId="virtual:com.oculus.systemux,10027,com.oculus.android_panel_app.AndroidPanelLayer-controlbar3,0", 1542 x 50, modeId 17, defaultModeId 17, supportedModes [{id=17, width=1542, height=50, fps=60.0}], colorMode 0, supportedColorModes [0], HdrCapabilities null, density 200, 200.0 x 200.0 dpi, appVsyncOff 0, presDeadline 16666666, touch NONE, rotation 0, type VIRTUAL, state OFF, owner com.oculus.systemux (uid 10027), FLAG_PRIVATE, FLAG_NEVER_BLANK, FLAG_OWN_CONTENT_ONLY}
04-27 12:17:12.677  1027  1059 I ActivityTaskManager: Override config changes=20005df8 {0.0 ?mcc?mnc ?localeList ?layoutDir sw40dp w1000dp h40dp 200dpi nrml long land ?uimode ?night -touch qwerty/v/v -nav/h winConfig={ mBounds=Rect(0, 0 - 1250, 50) mAppBounds=Rect(0, 0 - 1250, 50) mWindowingMode=fullscreen mDisplayWindowingMode=fullscreen mActivityType=undefined mAlwaysOnTop=undefined mRotation=ROTATION_0}} for displayId=11
04-27 12:17:12.724  1027  1059 I DisplayManagerService: Display device changed state: "com.oculus.android_panel_app.AndroidPanelLayer-controlbar3", ON
04-27 12:17:12.724  1027  3156 E WindowManager: App trying to use insecure INPUT_FEATURE_NO_INPUT_CHANNEL flag. Ignoring
04-27 12:17:12.734  1027  1059 I ActivityTaskManager: Override config changes=20005df8 {0.0 ?mcc?mnc ?localeList ?layoutDir sw40dp w1233dp h40dp 200dpi nrml long land ?uimode ?night -touch qwerty/v/v -nav/h winConfig={ mBounds=Rect(0, 0 - 1542, 50) mAppBounds=Rect(0, 0 - 1542, 50) mWindowingMode=fullscreen mDisplayWindowingMode=fullscreen mActivityType=undefined mAlwaysOnTop=undefined mRotation=ROTATION_0}} for displayId=12
04-27 12:17:12.771  1027  1044 I DisplayManagerService: Display device removed: DisplayDeviceInfo{"com.oculus.android_panel_app.AndroidPanelLayer-controlbar3": uniqueId="virtual:com.oculus.systemux,10027,com.oculus.android_panel_app.AndroidPanelLayer-controlbar3,0", 1542 x 50, modeId 17, defaultModeId 17, supportedModes [{id=17, width=1542, height=50, fps=60.0}], colorMode 0, supportedColorModes [0], HdrCapabilities null, density 200, 200.0 x 200.0 dpi, appVsyncOff 0, presDeadline 16666666, touch NONE, rotation 0, type VIRTUAL, state ON, owner com.oculus.systemux (uid 10027), FLAG_PRIVATE, FLAG_NEVER_BLANK, FLAG_OWN_CONTENT_ONLY}
04-27 12:17:12.778  1027  1294 I DisplayManagerService: Display device added: DisplayDeviceInfo{"com.oculus.android_panel_app.AndroidPanelLayer-controlbar3": uniqueId="virtual:com.oculus.systemux,10027,com.oculus.android_panel_app.AndroidPanelLayer-controlbar3,0", 1000 x 50, modeId 18, defaultModeId 18, supportedModes [{id=18, width=1000, height=50, fps=60.0}], colorMode 0, supportedColorModes [0], HdrCapabilities null, density 200, 200.0 x 200.0 dpi, appVsyncOff 0, presDeadline 16666666, touch NONE, rotation 0, type VIRTUAL, state OFF, owner com.oculus.systemux (uid 10027), FLAG_PRIVATE, FLAG_NEVER_BLANK, FLAG_OWN_CONTENT_ONLY}
04-27 12:17:12.805  1027  1294 W WindowManager: Failed looking up window callers=com.android.server.wm.WindowManagerService.windowForClientLocked:5330 com.android.server.wm.WindowManagerService.finishDrawingWindow:2432 com.android.server.wm.Session.finishDrawing:231 
04-27 12:17:12.811  1027  1059 I ActivityTaskManager: Override config changes=20005df8 {0.0 ?mcc?mnc ?localeList ?layoutDir sw40dp w800dp h40dp 200dpi nrml long land ?uimode ?night -touch qwerty/v/v -nav/h winConfig={ mBounds=Rect(0, 0 - 1000, 50) mAppBounds=Rect(0, 0 - 1000, 50) mWindowingMode=fullscreen mDisplayWindowingMode=fullscreen mActivityType=undefined mAlwaysOnTop=undefined mRotation=ROTATION_0}} for displayId=13
04-27 12:17:12.813  1027  1059 I DisplayManagerService: Display device changed state: "com.oculus.android_panel_app.AndroidPanelLayer-controlbar3", ON
04-27 12:17:12.831  1027  1044 E WindowManager: App trying to use insecure INPUT_FEATURE_NO_INPUT_CHANNEL flag. Ignoring
04-27 12:17:13.047  1027  1294 W WindowManager: Failed looking up window callers=com.android.server.wm.WindowManagerService.windowForClientLocked:5330 com.android.server.wm.WindowManagerService.removeWindow:1788 com.android.server.wm.Session.remove:176 
04-27 12:17:17.140   741  1219 W SensorService: Unknown packet type (20) received
04-27 12:17:17.913   741  1217 I SyncBossFW:   61004 [info   ] {PERF}: cpu load cur=0.3961 min=0.0538 max=0.4155 avg=0.3727
04-27 12:17:18.462  1027  1518 W ActivityManager: Unable to start service Intent { cmp=com.oculus.statscollector/.StatsdManager$ReceiverIntentService (has extras) } U=0: not found
04-27 12:17:18.513  1027  1512 I ActivityTaskManager: START u0 {act=android.intent.action.MAIN cat=[android.intent.category.LAUNCHER] flg=0x10010000 pkg=com.UNCWMixedRealityLab.DEVVASCProjectXR cmp=com.UNCWMixedRealityLab.DEVVASCProjectXR/com.unity3d.player.UnityPlayerActivity (has extras)} from uid 10020
04-27 12:17:18.516  1027  1512 D ActivityTaskManager: Using main display for VR activity ActivityRecord{ed9cea5 u0 com.UNCWMixedRealityLab.DEVVASCProjectXR/com.unity3d.player.UnityPlayerActivity t-1}
04-27 12:17:18.516  1027  1512 I chatty  : uid=1000(system) Binder:1027_6 identical 1 line
04-27 12:17:18.526  1027  1512 D ActivityTaskManager: Using main display for VR activity ActivityRecord{ed9cea5 u0 com.UNCWMixedRealityLab.DEVVASCProjectXR/com.unity3d.player.UnityPlayerActivity t-1}
04-27 12:17:18.600  1027  1066 I ActivityManager: Start proc 3634:com.UNCWMixedRealityLab.DEVVASCProjectXR/u0a0 for activity {com.UNCWMixedRealityLab.DEVVASCProjectXR/com.unity3d.player.UnityPlayerActivity}
04-27 12:17:18.632  1027  1295 I DisplayManagerService: Display device removed: DisplayDeviceInfo{"com.oculus.android_panel_app.AndroidPanelLayer-controlbar3": uniqueId="virtual:com.oculus.systemux,10027,com.oculus.android_panel_app.AndroidPanelLayer-controlbar3,0", 1000 x 50, modeId 18, defaultModeId 18, supportedModes [{id=18, width=1000, height=50, fps=60.0}], colorMode 0, supportedColorModes [0], HdrCapabilities null, density 200, 200.0 x 200.0 dpi, appVsyncOff 0, presDeadline 16666666, touch NONE, rotation 0, type VIRTUAL, state ON, owner com.oculus.systemux (uid 10027), FLAG_PRIVATE, FLAG_NEVER_BLANK, FLAG_OWN_CONTENT_ONLY}
04-27 12:17:18.852  1027  1518 E WindowManager: App trying to use insecure INPUT_FEATURE_NO_INPUT_CHANNEL flag. Ignoring
04-27 12:17:19.375   741  3232 I FrameSetDispatcher: [HEADSET] Client thread stopping
04-27 12:17:19.375   741   741 I FrameSetDispatcher: [HEADSET] Client thread joined
04-27 12:17:19.375   741   741 I CameraClientManager: [HEADSET] Removed client - started clients: 2
04-27 12:17:19.642  1027  1044 I DisplayManagerService: Display device removed: DisplayDeviceInfo{"com.oculus.android_panel_app.AndroidPanelLayer-tablet": uniqueId="virtual:com.oculus.systemux,10027,com.oculus.android_panel_app.AndroidPanelLayer-tablet,0", 1000 x 625, modeId 8, defaultModeId 8, supportedModes [{id=8, width=1000, height=625, fps=60.0}], colorMode 0, supportedColorModes [0], HdrCapabilities null, density 200, 200.0 x 200.0 dpi, appVsyncOff 0, presDeadline 16666666, touch NONE, rotation 0, type VIRTUAL, state ON, owner com.oculus.systemux (uid 10027), FLAG_PRIVATE, FLAG_NEVER_BLANK, FLAG_OWN_CONTENT_ONLY}
04-27 12:17:19.658  1027  1512 I DisplayManagerService: Display device removed: DisplayDeviceInfo{"com.oculus.android_panel_app.AndroidPanelLayer-#main": uniqueId="virtual:com.oculus.systemux,10027,com.oculus.android_panel_app.AndroidPanelLayer-#main,0", 800 x 110, modeId 7, defaultModeId 7, supportedModes [{id=7, width=800, height=110, fps=60.0}], colorMode 0, supportedColorModes [0], HdrCapabilities null, density 200, 200.0 x 200.0 dpi, appVsyncOff 0, presDeadline 16666666, touch NONE, rotation 0, type VIRTUAL, state ON, owner com.oculus.systemux (uid 10027), FLAG_PRIVATE, FLAG_NEVER_BLANK, FLAG_OWN_CONTENT_ONLY}
04-27 12:17:20.577  1027  1512 W ActivityManager: Permission Denial: Accessing service com.oculus.vrshell/.ShellOverlayService from pid=3634, uid=10000 requires com.oculus.vrshell.OVERLAY_HOST
04-27 12:17:21.461  1027  1294 I ActivityTaskManager: START u0 {act=android.content.pm.action.REQUEST_PERMISSIONS pkg=com.android.permissioncontroller cmp=com.android.permissioncontroller/com.android.packageinstaller.permission.ui.GrantPermissionsActivity (has extras)} from uid 10000
04-27 12:17:22.142   741  1219 W SensorService: Unknown packet type (20) received
04-27 12:17:22.574  1027  1044 W ActivityManager: Permission Denial: Accessing service com.oculus.vrshell/.ShellOverlayService from pid=2752, uid=10011 requires com.oculus.vrshell.OVERLAY_HOST
04-27 12:17:22.639  1027  1044 E WindowManager: App trying to use insecure INPUT_FEATURE_NO_INPUT_CHANNEL flag. Ignoring
04-27 12:17:22.676   850  1237 D TrackingService: getSharedMemory: com.android.permissioncontroller, HeadTracker
04-27 12:17:22.829   850   850 D TrackingService: getSharedMemory: com.android.permissioncontroller, Controller
04-27 12:17:24.368   572   592 D vold    : Remounting 10000 as mode default
04-27 12:17:24.392   572   592 D vold    : Found matching PID 3634
04-27 12:17:24.398   572   592 D vold    : Remounting 10000 as mode default
04-27 12:17:24.414   572   592 D vold    : Found matching PID 3634
04-27 12:17:24.464   850   850 I TrackingService: Unregistering client by ITrackingService.unregisterClient
04-27 12:17:24.464   850   850 I TrackingService: Failed to unregister client because client not found in registered list
04-27 12:17:24.464   850   850 I chatty  : uid=1000(system) /system/bin/trackingservice identical 2 lines
04-27 12:17:24.464   850   850 I TrackingService: Failed to unregister client because client not found in registered list
04-27 12:17:24.465   850   850 D TrackingService: unregister: com.android.permissioncontroller
04-27 12:17:24.690   850   850 D TrackingService: getSharedMemory: com.UNCWMixedRealityLab.DEVVASCProjectXR, HeadTracker
04-27 12:17:24.829  1027  3156 I DisplayManagerService: Display device added: DisplayDeviceInfo{"com.oculus.android_panel_app.AndroidPanelLayer-#main": uniqueId="virtual:com.oculus.systemux,10027,com.oculus.android_panel_app.AndroidPanelLayer-#main,2", 800 x 1250, modeId 19, defaultModeId 19, supportedModes [{id=19, width=800, height=1250, fps=60.0}], colorMode 0, supportedColorModes [0], HdrCapabilities null, density 200, 200.0 x 200.0 dpi, appVsyncOff 0, presDeadline 16666666, touch NONE, rotation 0, type VIRTUAL, state OFF, owner com.oculus.systemux (uid 10027), FLAG_PRIVATE, FLAG_NEVER_BLANK, FLAG_OWN_CONTENT_ONLY}
04-27 12:17:24.862  1027  1059 I ActivityTaskManager: Override config changes=20005df8 {0.0 ?mcc?mnc ?localeList ?layoutDir sw640dp w640dp h1000dp 200dpi lrg port ?uimode ?night -touch qwerty/v/v -nav/h winConfig={ mBounds=Rect(0, 0 - 800, 1250) mAppBounds=Rect(0, 0 - 800, 1250) mWindowingMode=fullscreen mDisplayWindowingMode=fullscreen mActivityType=undefined mAlwaysOnTop=undefined mRotation=ROTATION_0}} for displayId=14
04-27 12:17:24.905  1027  1043 I DisplayManagerService: Display device removed: DisplayDeviceInfo{"com.oculus.android_panel_app.AndroidPanelLayer-#main": uniqueId="virtual:com.oculus.systemux,10027,com.oculus.android_panel_app.AndroidPanelLayer-#main,2", 800 x 1250, modeId 19, defaultModeId 19, supportedModes [{id=19, width=800, height=1250, fps=60.0}], colorMode 0, supportedColorModes [0], HdrCapabilities null, density 200, 200.0 x 200.0 dpi, appVsyncOff 0, presDeadline 16666666, touch NONE, rotation 0, type VIRTUAL, state OFF, owner com.oculus.systemux (uid 10027), FLAG_PRIVATE, FLAG_NEVER_BLANK, FLAG_OWN_CONTENT_ONLY}
04-27 12:17:24.914  1027  2599 I DisplayManagerService: Display device added: DisplayDeviceInfo{"com.oculus.android_panel_app.AndroidPanelLayer-#main": uniqueId="virtual:com.oculus.systemux,10027,com.oculus.android_panel_app.AndroidPanelLayer-#main,2", 800 x 110, modeId 20, defaultModeId 20, supportedModes [{id=20, width=800, height=110, fps=60.0}], colorMode 0, supportedColorModes [0], HdrCapabilities null, density 200, 200.0 x 200.0 dpi, appVsyncOff 0, presDeadline 16666666, touch NONE, rotation 0, type VIRTUAL, state OFF, owner com.oculus.systemux (uid 10027), FLAG_PRIVATE, FLAG_NEVER_BLANK, FLAG_OWN_CONTENT_ONLY}
04-27 12:17:24.948  1027  1059 I ActivityTaskManager: Override config changes=20005df8 {0.0 ?mcc?mnc ?localeList ?layoutDir sw88dp w640dp h88dp 200dpi nrml long land ?uimode ?night -touch qwerty/v/v -nav/h winConfig={ mBounds=Rect(0, 0 - 800, 110) mAppBounds=Rect(0, 0 - 800, 110) mWindowingMode=fullscreen mDisplayWindowingMode=fullscreen mActivityType=undefined mAlwaysOnTop=undefined mRotation=ROTATION_0}} for displayId=15
04-27 12:17:24.961  1027  1512 E WindowManager: App trying to use insecure INPUT_FEATURE_NO_INPUT_CHANNEL flag. Ignoring
04-27 12:17:24.963  1027  1059 I DisplayManagerService: Display device changed state: "com.oculus.android_panel_app.AndroidPanelLayer-#main", ON
04-27 12:17:25.430   850   850 D TrackingService: getSharedMemory: com.UNCWMixedRealityLab.DEVVASCProjectXR, Controller
04-27 12:17:27.142   741  1219 W SensorService: Unknown packet type (20) received
04-27 12:17:32.142   741  1219 I chatty  : uid=1000(system) sensors@1.0-ser identical 1 line
04-27 12:17:37.143   741  1219 W SensorService: Unknown packet type (20) received
04-27 12:17:38.676   741   915 I SyncBossHAL: [info   ] syncboss_hal_powerstate.c(63): Reporting powerstate event: prox_off
04-27 12:17:38.678   850   850 D SensorClientUtils: Received transition request to STANDBY current is RUNNING
04-27 12:17:38.678   850   850 D SensorClientUtils: Executing transition from RUNNING to STANDBY
04-27 12:17:38.678   850  1237 D SensorClientUtils: Received transition request to STANDBY current is RUNNING
04-27 12:17:38.678   850  1237 D SensorClientUtils: Executing transition from RUNNING to STANDBY
04-27 12:17:42.143   741  1219 W SensorService: Unknown packet type (20) received
04-27 12:17:44.644   741   915 I SyncBossHAL: [info   ] syncboss_hal_powerstate.c(63): Reporting powerstate event: prox_on
04-27 12:17:44.645   850  1237 D SensorClientUtils: Received transition request to RUNNING current is STANDBY
04-27 12:17:44.645   850  1237 D SensorClientUtils: Executing transition from STANDBY to RUNNING
04-27 12:17:44.645   850   850 D SensorClientUtils: Received transition request to RUNNING current is STANDBY
04-27 12:17:44.645   850   850 D SensorClientUtils: Executing transition from STANDBY to RUNNING
04-27 12:17:47.143   741  1219 W SensorService: Unknown packet type (20) received
04-27 12:17:47.169   741   915 I SyncBossHAL: [info   ] syncboss_hal_powerstate.c(63): Reporting powerstate event: prox_off
04-27 12:17:47.172   850   850 D SensorClientUtils: Received transition request to STANDBY current is RUNNING
04-27 12:17:47.172   850   850 D SensorClientUtils: Executing transition from RUNNING to STANDBY
04-27 12:17:47.172   850  1237 D SensorClientUtils: Received transition request to STANDBY current is RUNNING
04-27 12:17:47.172   850  1237 D SensorClientUtils: Executing transition from RUNNING to STANDBY
04-27 12:17:47.191  1027  1512 I ActivityManager: Killing 2646:com.oculus.preloader/1000 (adj 985): empty #17
04-27 12:17:49.653   850  1227 D TrackingService: [HANDTRACKING] Controller 800822633d4bfdac in hand: Y, valid: Y
04-27 12:17:51.986   850  1227 D TrackingService: [HANDTRACKING] Controller 800822633d4bfdac in hand: N, valid: Y
04-27 12:17:52.145   741  1219 W SensorService: Unknown packet type (20) received
04-27 12:17:53.653   850  1227 D TrackingService: [HANDTRACKING] Controller 79adaabec9d16fda in hand: N, valid: Y
04-27 12:17:54.519   850  1227 D TrackingService: [HANDTRACKING] Controller 79adaabec9d16fda in hand: Y, valid: Y
04-27 12:17:56.821   850  1227 D TrackingService: [HANDTRACKING] Controller 79adaabec9d16fda in hand: N, valid: Y
04-27 12:17:57.147   741  1219 W SensorService: Unknown packet type (20) received
04-27 12:17:59.086   850  1227 D TrackingService: [HANDTRACKING] Controller 800822633d4bfdac in hand: Y, valid: Y
04-27 12:17:59.953   850  1227 D TrackingService: [HANDTRACKING] Controller 79adaabec9d16fda in hand: Y, valid: Y
04-27 12:18:02.147   741  1219 W SensorService: Unknown packet type (20) received
04-27 12:18:02.176  1027  1027 I PowerManagerService: Going to sleep due to application (uid 1000)...
04-27 12:18:02.177  1027  1027 W UsageStatsService: Event reported without a package name, eventType:16
04-27 12:18:02.177  1027  1074 I PowerManagerService: Sleeping (uid 1000)...
04-27 12:18:02.177  1027  1074 I DisplayPowerController: Blocking screen off
04-27 12:18:02.178  1027  1074 I DisplayPowerController: Unblocked screen off after 0 ms
04-27 12:18:02.179  1027  1074 D ActivityTaskManager: Top Process State changed to PROCESS_STATE_TOP_SLEEPING
04-27 12:18:02.180  1027  1074 V DisplayPowerController: Brightness [0] reason changing to: 'screen_off', previous reason: 'manual'.
04-27 12:18:02.194  1027  1059 I DisplayManagerService: Display device changed state: "Built-in Screen", OFF
04-27 12:18:02.226   850  1237 I TrackingService: Unregistering client by ITrackingService.unregisterClient
04-27 12:18:02.226   850  1237 I TrackingService: Failed to unregister client because client not found in registered list
04-27 12:18:02.227   850  1237 I chatty  : uid=1000(system) Binder:850_2 identical 2 lines
04-27 12:18:02.227   850  1237 I TrackingService: Failed to unregister client because client not found in registered list
04-27 12:18:02.227   850  1237 D TrackingService: unregister: com.UNCWMixedRealityLab.DEVVASCProjectXR
04-27 12:18:02.353   850  1227 D TrackingService: [HANDTRACKING] Controller 79adaabec9d16fda in hand: N, valid: Y
04-27 12:18:02.454   850  1227 D TrackingService: [HANDTRACKING] Controller 800822633d4bfdac in hand: N, valid: Y
04-27 12:18:02.680  1027  1066 I ActivityManager: Start proc 3963:com.android.webview:webview_service/u0a59 for service {com.android.webview/org.chromium.android_webview.services.VariationsSeedServer}
04-27 12:18:02.696   850  1237 D SensorClientUtils: Received transition request to SLEEP current is STANDBY
04-27 12:18:02.696   850  1237 D SensorClientUtils: Executing transition from STANDBY to SLEEP
04-27 12:18:02.696   850  1237 D SensorClientUtils: Setting power state to STANDBY
04-27 12:18:02.697   850  1018 I TrackingService: [     controller] RUNNING -> STANDBY transition time: 0 ms
04-27 12:18:02.697   850   850 D SensorClientUtils: Received transition request to SLEEP current is STANDBY
04-27 12:18:02.697   850   850 D SensorClientUtils: Executing transition from STANDBY to SLEEP
04-27 12:18:02.697   850   850 D SensorClientUtils: Setting power state to STANDBY
04-27 12:18:02.697   850   850 D OVRRemoteService: [controller] RUNNING -> STANDBY
04-27 12:18:02.697   850   850 D SensorClientUtils: Scheduling delayed transition to SLEEP in 120000ms
04-27 12:18:02.698   741  1702 I FrameSetDispatcher: [HEADSET] Client thread stopping
04-27 12:18:02.698   741   741 I FrameSetDispatcher: [HEADSET] Client thread joined
04-27 12:18:02.699   741   741 I CameraClientManager: [HEADSET] Removed client - started clients: 1
04-27 12:18:02.700   850  1018 I TrackingService: [         object] RUNNING -> STANDBY transition time: 3 ms
04-27 12:18:02.700   850  1018 I TrackingService: [           hand] RUNNING -> STANDBY transition time: 0 ms
04-27 12:18:02.700   741  1700 I FrameSetDispatcher: [CONTROLLER] Client thread stopping
04-27 12:18:02.700   741   741 I FrameSetDispatcher: [CONTROLLER] Client thread joined
04-27 12:18:02.700   741   741 I CameraClientManager: [CONTROLLER] Removed client - started clients: 0
04-27 12:18:02.703   850  1018 I TrackingService: [  constellation] RUNNING -> STANDBY transition time: 3 ms
04-27 12:18:02.707  1027  1518 W ContextImpl: Calling a method in the system process without a qualified user: android.app.ContextImpl.sendBroadcast:1057 com.android.server.audio.AudioService.setMicrophoneMuteNoCallerCheck:2891 com.android.server.audio.AudioService.setMicrophoneMute:2877 android.media.IAudioService$Stub.onTransact:1113 android.os.Binder.execTransactInternal:1021 
04-27 12:18:02.751   824   824 I wificond: Pno scan started for all supported frequencies
04-27 12:18:02.751   824   824 W wificond: Scan aborted
04-27 12:18:02.787  1027  1294 I ActivityManager: Killing 2669:com.android.dynsystem/1000 (adj 985): empty #17
04-27 12:18:02.848   741  1549 I FrameSetDispatcher: [HEADSET] Client thread stopping
04-27 12:18:02.848   741   741 I FrameSetDispatcher: [HEADSET] Client thread joined
04-27 12:18:02.848   741   741 I CameraClientManager: [HEADSET] Removed client - started clients: 0
04-27 12:18:02.866   741  1694 E HollywoodCameraProvider: Frame marked invalid by frame set generator
04-27 12:18:02.918   741  1217 I SyncBossFW:  106007 [info   ] {APPI}: Stopping camera streaming
04-27 12:18:02.918   741  1217 I SyncBossFW:  106008 [info   ] {BCAM}: Camera streaming stopped
04-27 12:18:02.946   850  1018 I TrackingService: [            iot] RUNNING -> STANDBY transition time: 242 ms
04-27 12:18:02.946   850  1018 I TrackingService: [           bolt] RUNNING -> STANDBY transition time: 0 ms
04-27 12:18:02.946   850  1018 I TrackingService: [            iad] RUNNING -> STANDBY transition time: 0 ms
04-27 12:18:02.946   850  1018 I TrackingService: [ vision_manager] RUNNING -> STANDBY transition time: 0 ms
04-27 12:18:02.946   850  1237 D TrackingService: setPowerState: STANDBY
04-27 12:18:02.946   850  1237 D SensorClientUtils: Scheduling delayed transition to SLEEP in 120000ms
04-27 12:18:07.149   741  1219 W SensorService: Unknown packet type (20) received
04-27 12:18:12.150   741  1219 I chatty  : uid=1000(system) sensors@1.0-ser identical 1 line
04-27 12:18:17.150   741  1219 W SensorService: Unknown packet type (20) received
04-27 12:18:17.919   741  1217 I SyncBossFW:  121008 [info   ] {PERF}: cpu load cur=0.3612 min=0.0538 max=0.4155 avg=0.3790
04-27 12:18:22.151   741  1219 W SensorService: Unknown packet type (20) received
04-27 12:18:31.480  1027  3946 I ActivityManager: Killing 2712:com.android.onetimeinitializer/u0a51 (adj 985): empty #17
04-27 12:18:31.481  1027  3946 I ActivityManager: Killing 2692:com.android.managedprovisioning/u0a21 (adj 985): empty #18
04-27 12:18:42.156   741  1219 I chatty  : uid=1000(system) sensors@1.0-ser identical 4 lines
04-27 12:18:47.157   741  1219 W SensorService: Unknown packet type (20) received
04-27 12:18:47.171   850  1220 I TrackingService: ActivityMonitor: Device Idle detected. Notifying VR Power Manager: controllerFlagsInHand(2) 0, areAllControllersStatic: 1, isHandDetected 0, Headset Movement 0 (max: 11.456 rad/s), idle time: 60.0s
04-27 12:18:52.158   741  1219 W SensorService: Unknown packet type (20) received
04-27 12:19:12.160   741  1219 I chatty  : uid=1000(system) sensors@1.0-ser identical 4 lines
04-27 12:19:17.162   741  1219 W SensorService: Unknown packet type (20) received
04-27 12:19:17.923   741  1217 I SyncBossFW:  181010 [info   ] {PERF}: cpu load cur=0.3620 min=0.0538 max=0.4155 avg=0.3732
04-27 12:19:19.782   850  1227 D TrackingService: [HANDTRACKING] Controller 79adaabec9d16fda in hand: Y, valid: Y
04-27 12:19:19.800   741  1219 I SyncBossHAL: [info   ] syncboss_hal_input_controller.c(60): 79adaabexxxxxxxx: 1 missed/90001 expected (PER 0.00%)
04-27 12:19:22.162   741  1219 W SensorService: Unknown packet type (20) received
04-27 12:19:22.256   741  1219 I SyncBossHAL: [info   ] syncboss_hal_input_controller.c(60): 80082263xxxxxxxx: 10 missed/90010 expected (PER 0.01%)
04-27 12:19:27.163   741  1219 W SensorService: Unknown packet type (20) received
04-27 12:19:27.517   741   915 I SyncBossHAL: [info   ] syncboss_hal_powerstate.c(63): Reporting powerstate event: prox_on
04-27 12:19:27.518  1027  1027 I PowerManagerService: Waking up from Asleep (uid=1000, reason=WAKE_REASON_UNKNOWN, details=VrPwMng:leave-standby)...
04-27 12:19:27.520   850  1237 D SensorClientUtils: Cancelling delayed transition to SLEEP
04-27 12:19:27.520  1027  1074 I DisplayPowerController: Blocking screen on until initial contents have been drawn.
04-27 12:19:27.520  1027  1074 D ActivityTaskManager: Top Process State changed to PROCESS_STATE_TOP
04-27 12:19:27.520   850   850 D SensorClientUtils: Cancelling delayed transition to SLEEP
04-27 12:19:27.522   850  1237 D SensorClientUtils: Received transition request to RUNNING current is SLEEP
04-27 12:19:27.522   850  1237 D SensorClientUtils: Executing transition from SLEEP to STANDBY
04-27 12:19:27.522   850  1237 D SensorClientUtils: Executing transition from STANDBY to RUNNING
04-27 12:19:27.522   850  1237 D SensorClientUtils: Setting power state to RUNNING
04-27 12:19:27.523   850   850 D SensorClientUtils: Received transition request to RUNNING current is SLEEP
04-27 12:19:27.523   850  1018 I TrackingService: [ vision_manager] STANDBY -> RUNNING transition time: 0 ms
04-27 12:19:27.523   850   850 D SensorClientUtils: Executing transition from SLEEP to STANDBY
04-27 12:19:27.523   850   850 D SensorClientUtils: Executing transition from STANDBY to RUNNING
04-27 12:19:27.523   850   850 D SensorClientUtils: Setting power state to RUNNING
04-27 12:19:27.523   850   850 D OVRRemoteService: [controller] STANDBY -> RUNNING
04-27 12:19:27.523   850  1018 I TrackingService: [            iad] STANDBY -> RUNNING transition time: 0 ms
04-27 12:19:27.523   850  1018 I TrackingService: [           bolt] STANDBY -> RUNNING transition time: 0 ms
04-27 12:19:27.525  1027  1043 W ContextImpl: Calling a method in the system process without a qualified user: android.app.ContextImpl.sendBroadcast:1057 com.android.server.audio.AudioService.setMicrophoneMuteNoCallerCheck:2891 com.android.server.audio.AudioService.setMicrophoneMute:2877 android.media.IAudioService$Stub.onTransact:1113 android.os.Binder.execTransactInternal:1021 
04-27 12:19:27.527   850  1018 I TrackingService: Setting initial exposure: 0.005000, initial gain: 3.000000
04-27 12:19:27.529  1027  1074 V DisplayPowerController: Brightness [127] reason changing to: 'manual', previous reason: 'screen_off'.
04-27 12:19:27.530   741   741 I FrameSetDispatcher: [HEADSET] Client thread started
04-27 12:19:27.530   741   741 I CameraClientManager: [HEADSET] Added client - started clients: 1
04-27 12:19:27.534  1027  1059 I DisplayManagerService: Display device changed state: "Built-in Screen", ON
04-27 12:19:27.549  1027  1027 W UsageStatsService: Event reported without a package name, eventType:15
04-27 12:19:27.569  1027  1074 I DisplayPowerController: Unblocked screen on after 49 ms
04-27 12:19:27.627   824   824 I wificond: Pno scan stopped
04-27 12:19:27.693   741  1217 I SyncBossFW:  190781 [info   ] {BCAM}: OV7251 sensors found - 0xf
04-27 12:19:27.720   741  1217 I SyncBossFW:  190808 [info   ] {APPI}: Camera probe, found: 0xf
04-27 12:19:27.734   741   741 I HollywoodCameraProvider: [HollywoodCameraProvider] Set cameras to 10 bpp (format 0x00000025)
04-27 12:19:27.739   741   878 I SyncBossHAL: [info   ] pulsar_manager.c(774): Setting controller LED config to period: 33333us, on-time: 34us
04-27 12:19:27.784   741  1217 I SyncBossFW:  190870 [info   ] {APPI}: Starting camera streaming
04-27 12:19:27.784   741  1217 I SyncBossFW:  190871 [info   ] {BCAM}: Camera streaming started
04-27 12:19:27.811   850  1018 I TrackingService: [            iot] STANDBY -> RUNNING transition time: 287 ms
04-27 12:19:27.813   741   741 I FrameSetDispatcher: [CONTROLLER] Client thread started
04-27 12:19:27.813   741   741 I CameraClientManager: [CONTROLLER] Added client - started clients: 1
04-27 12:19:27.814   850  1018 I TrackingService: ConstellationTrackingGlue: setEnableExtendedDeadreckoning to false
04-27 12:19:27.814   850  1018 I TrackingService: [  constellation] STANDBY -> RUNNING transition time: 3 ms
04-27 12:19:27.814   850  1018 I TrackingService: [           hand] STANDBY -> RUNNING transition time: 0 ms
04-27 12:19:27.816   741   741 I FrameSetDispatcher: [HEADSET] Client thread started
04-27 12:19:27.816   741   741 I CameraClientManager: [HEADSET] Added client - started clients: 2
04-27 12:19:27.816   850  1018 I TrackingService: [         object] STANDBY -> RUNNING transition time: 1 ms
04-27 12:19:27.816   850  1018 I TrackingService: [     controller] STANDBY -> RUNNING transition time: 0 ms
04-27 12:19:27.816   850  1237 D TrackingService: setPowerState: RUNNING
04-27 12:19:27.868   741  4060 W SensorService: frameset capture timestamp out of spec by -190913.12 ms. FrameType=HEADSET, observed=190946453000 expected=a33333000. FrameSyncPeriod is: 33.33 ms
04-27 12:19:27.874  1027  1074 W PowerManagerService: Screen on took 355 ms
04-27 12:19:27.999  1027  2033 W ActivityManager: Package for pid 846: no process record found
04-27 12:19:28.004   850  1237 D TrackingService: getSharedMemory: com.UNCWMixedRealityLab.DEVVASCProjectXR, HeadTracker
04-27 12:19:28.038   850  1237 D TrackingService: getSharedMemory: com.UNCWMixedRealityLab.DEVVASCProjectXR, Controller
04-27 12:19:28.122  1027  2033 E WindowManager: App trying to use insecure INPUT_FEATURE_NO_INPUT_CHANNEL flag. Ignoring
04-27 12:19:28.126   850   850 D TrackingService: getSharedMemory: com.oculus.vrshell, HeadTracker
04-27 12:19:28.128   850  1675 E TrackingService: attachClient: found client in attached list
04-27 12:19:28.138   850  1675 I chatty  : uid=1000(system) Binder:850_3 identical 3 lines
04-27 12:19:28.139   850  1675 E TrackingService: attachClient: found client in attached list
04-27 12:19:28.140   850  1675 D TrackingService: getSharedMemory: com.oculus.systemdriver, Controller
04-27 12:19:28.141   850  1675 E TrackingService: attachClient: found client in attached list
04-27 12:19:28.142   850  1237 E TrackingService: attachClient: found client in attached list
04-27 12:19:28.142   850  1675 D TrackingService: getSharedMemory: com.oculus.guardian, Controller
04-27 12:19:28.142   850  1237 E TrackingService: attachClient: found client in attached list
04-27 12:19:28.144   741   741 I FrameSetDispatcher: [HEADSET] Client thread started
04-27 12:19:28.145   741   741 I CameraClientManager: [HEADSET] Added client - started clients: 3
04-27 12:19:28.145   850  1237 E TrackingService: attachClient: found client in attached list
04-27 12:19:28.146   850  1237 E TrackingService: attachClient: found client in attached list
04-27 12:19:28.168   741  4040 E FrameSetDispatcher: [HEADSET] Client pid=850 (850): Failed to read from receive FMQ for 1 packets in 5000ms.
04-27 12:19:28.168   741  4040 E FrameSetDispatcher: This probably means this client is taking more than 33 ms to process the frame.
04-27 12:19:28.168   741  4040 E FrameSetDispatcher: Retrying.
04-27 12:19:28.170  1027  3946 W ActivityManager: Package for pid 846: no process record found
04-27 12:19:28.171   850  1237 E TrackingService: attachClient: found client in attached list
04-27 12:19:28.172   850  1237 D TrackingService: getSharedMemory: /system/bin/mrsystemservice, Controller
04-27 12:19:28.242  1027  2033 I ActivityTaskManager: START u0 {act=android.intent.action.MAIN cmp=com.oculus.os.clearactivity/.ClearActivity (has extras)} from uid 10020
04-27 12:19:28.244  1027  2033 W ActivityTaskManager: startActivity called from non-Activity context; forcing Intent.FLAG_ACTIVITY_NEW_TASK for: Intent { act=android.intent.action.MAIN flg=0x800000 cmp=com.oculus.os.clearactivity/.ClearActivity (has extras) }
04-27 12:19:28.287   850  1237 I TrackingService: Unregistering client by ITrackingService.unregisterClient
04-27 12:19:28.287   850  1237 I TrackingService: Failed to unregister client because client not found in registered list
04-27 12:19:28.287   850  1237 I chatty  : uid=1000(system) Binder:850_2 identical 2 lines
04-27 12:19:28.287   850  1237 I TrackingService: Failed to unregister client because client not found in registered list
04-27 12:19:28.287   850  1237 D TrackingService: unregister: com.UNCWMixedRealityLab.DEVVASCProjectXR
04-27 12:19:28.321   850  1237 D TrackingService: getSharedMemory: com.oculus.vrshell, Controller
04-27 12:19:28.363  1027  1066 I ActivityManager: Start proc 4134:com.oculus.os.clearactivity/u0a74 for activity {com.oculus.os.clearactivity/com.oculus.os.clearactivity.ClearActivity}
04-27 12:19:28.426  1027  4050 E WindowManager: App trying to use insecure INPUT_FEATURE_NO_INPUT_CHANNEL flag. Ignoring
04-27 12:19:28.954   850  1227 D TrackingService: [HANDTRACKING] Controller 800822633d4bfdac in hand: Y, valid: Y
04-27 12:19:29.010   741  4097 I FrameSetDispatcher: [HEADSET] Client thread stopping
04-27 12:19:29.010   741   741 I FrameSetDispatcher: [HEADSET] Client thread joined
04-27 12:19:29.010   741   741 I CameraClientManager: [HEADSET] Removed client - started clients: 2
04-27 12:19:29.132   850  1675 D TrackingService: TrackingEnvironment::getSharedMemory()
04-27 12:19:29.203  1027  4166 I ActivityTaskManager: START u0 {act=com.oculus.os.clearactivity.FINISH cmp=com.oculus.os.clearactivity/.ClearActivity (has extras)} from uid 10020
04-27 12:19:29.204  1027  4166 D ActivityTaskManager: Preferred display for non-VR activity ActivityRecord{923afb8 u0 com.oculus.os.clearactivity/.ClearActivity t-1}: 0
04-27 12:19:29.204  1027  4166 W ActivityTaskManager: startActivity called from non-Activity context; forcing Intent.FLAG_ACTIVITY_NEW_TASK for: Intent { act=com.oculus.os.clearactivity.FINISH flg=0x800000 cmp=com.oculus.os.clearactivity/.ClearActivity (has extras) }
04-27 12:19:29.204  1027  4166 D ActivityTaskManager: Preferred display for non-VR activity ActivityRecord{923afb8 u0 com.oculus.os.clearactivity/.ClearActivity t-1}: 0
04-27 12:19:29.218   741   741 I FrameSetDispatcher: [HEADSET] Client thread started
04-27 12:19:29.218   741   741 I CameraClientManager: [HEADSET] Added client - started clients: 3
04-27 12:19:29.349   850  1675 D TrackingService: getSharedMemory: com.UNCWMixedRealityLab.DEVVASCProjectXR, HeadTracker
04-27 12:19:29.398   850  1675 D TrackingService: getSharedMemory: com.UNCWMixedRealityLab.DEVVASCProjectXR, Controller
04-27 12:19:30.663   741  4176 I FrameSetDispatcher: [HEADSET] Client thread stopping
04-27 12:19:30.664   741   965 I FrameSetDispatcher: [HEADSET] Client thread joined
04-27 12:19:30.664   741   965 I CameraClientManager: [HEADSET] Removed client - started clients: 2
04-27 12:19:31.646  1027  4050 E WindowManager: App trying to use insecure INPUT_FEATURE_NO_INPUT_CHANNEL flag. Ignoring
04-27 12:19:31.650   850  1237 E TrackingService: attachClient: found client in attached list
04-27 12:19:31.653   850  1237 E TrackingService: attachClient: found client in attached list
04-27 12:19:31.658   850   850 E TrackingService: attachClient: found client in attached list
04-27 12:19:31.658   850   850 D TrackingService: getSharedMemory: com.oculus.guardian, Controller
04-27 12:19:31.661   850   850 E TrackingService: attachClient: found client in attached list
04-27 12:19:31.662   850   850 D TrackingService: getSharedMemory: com.oculus.systemdriver, Controller
04-27 12:19:31.662   850  1237 E TrackingService: attachClient: found client in attached list
04-27 12:19:31.665   850  1237 I chatty  : uid=1000(system) Binder:850_2 identical 2 lines
04-27 12:19:31.667   850  1237 E TrackingService: attachClient: found client in attached list
04-27 12:19:31.687   741   965 I FrameSetDispatcher: [HEADSET] Client thread started
04-27 12:19:31.687   741   965 I CameraClientManager: [HEADSET] Added client - started clients: 3
04-27 12:19:31.703   850  1237 E TrackingService: attachClient: found client in attached list
04-27 12:19:31.704   850  1237 D TrackingService: getSharedMemory: /system/bin/mrsystemservice, Controller
04-27 12:19:31.734   850  1237 E TrackingService: attachClient: found client in attached list
04-27 12:19:31.736   850  1237 D TrackingService: getSharedMemory: com.oculus.vrshell, Controller
04-27 12:19:31.749  1027  3946 E WindowManager: App trying to use insecure INPUT_FEATURE_NO_INPUT_CHANNEL flag. Ignoring
04-27 12:19:31.759   850   850 E TrackingService: attachClient: found client in attached list
04-27 12:19:31.759   850   850 D TrackingService: getSharedMemory: com.oculus.systemdriver, Controller
04-27 12:19:31.761   850   850 E TrackingService: attachClient: found client in attached list
04-27 12:19:31.762   850   850 I chatty  : uid=1000(system) /system/bin/trackingservice identical 1 line
04-27 12:19:31.766   850   850 E TrackingService: attachClient: found client in attached list
04-27 12:19:31.768   850  1237 E TrackingService: attachClient: found client in attached list
04-27 12:19:31.770   850  1237 D TrackingService: getSharedMemory: com.oculus.guardian, Controller
04-27 12:19:31.770   850  1237 E TrackingService: attachClient: found client in attached list
04-27 12:19:31.773   850  1237 D TrackingService: getSharedMemory: /system/bin/mrsystemservice, Controller
04-27 12:19:31.777  1027  4050 I DisplayManagerService: Display device added: DisplayDeviceInfo{"com.oculus.android_panel_app.AndroidPanelLayer-tablet": uniqueId="virtual:com.oculus.systemux,10027,com.oculus.android_panel_app.AndroidPanelLayer-tablet,0", 1000 x 625, modeId 21, defaultModeId 21, supportedModes [{id=21, width=1000, height=625, fps=60.0}], colorMode 0, supportedColorModes [0], HdrCapabilities null, density 200, 200.0 x 200.0 dpi, appVsyncOff 0, presDeadline 16666666, touch NONE, rotation 0, type VIRTUAL, state OFF, owner com.oculus.systemux (uid 10027), FLAG_PRIVATE, FLAG_NEVER_BLANK, FLAG_OWN_CONTENT_ONLY}
04-27 12:19:31.799   850  1237 E TrackingService: attachClient: found client in attached list
04-27 12:19:31.804   850  1237 D TrackingService: getSharedMemory: com.oculus.vrshell, Controller
04-27 12:19:31.829  1027  1059 I ActivityTaskManager: Override config changes=20005df8 {0.0 ?mcc?mnc ?localeList ?layoutDir sw500dp w800dp h500dp 200dpi lrg land ?uimode ?night -touch qwerty/v/v -nav/h winConfig={ mBounds=Rect(0, 0 - 1000, 625) mAppBounds=Rect(0, 0 - 1000, 625) mWindowingMode=fullscreen mDisplayWindowingMode=fullscreen mActivityType=undefined mAlwaysOnTop=undefined mRotation=ROTATION_0}} for displayId=16
04-27 12:19:31.941  1027  1059 I DisplayManagerService: Display device changed state: "com.oculus.android_panel_app.AndroidPanelLayer-tablet", ON
04-27 12:19:31.947  1027  3844 E WindowManager: App trying to use insecure INPUT_FEATURE_NO_INPUT_CHANNEL flag. Ignoring
04-27 12:19:32.098   850  1227 D TrackingService: [HANDTRACKING] Controller 800822633d4bfdac in hand: N, valid: Y
04-27 12:19:32.136   850  1237 D TrackingService: haptic socket already exists
04-27 12:19:32.136   850  1237 D TrackingService: getSocket: com.oculus.vrshell
04-27 12:19:32.164   741  1219 W SensorService: Unknown packet type (20) received
04-27 12:19:33.946   850  1237 D RemoteService: RemoteService - Registering status callback
04-27 12:19:33.949  1027  3844 I DisplayManagerService: Display device added: DisplayDeviceInfo{"com.oculus.android_panel_app.AndroidPanelLayer-tooltip": uniqueId="virtual:com.oculus.systemux,10027,com.oculus.android_panel_app.AndroidPanelLayer-tooltip,0", 1250 x 1250, modeId 22, defaultModeId 22, supportedModes [{id=22, width=1250, height=1250, fps=60.0}], colorMode 0, supportedColorModes [0], HdrCapabilities null, density 200, 200.0 x 200.0 dpi, appVsyncOff 0, presDeadline 16666666, touch NONE, rotation 0, type VIRTUAL, state OFF, owner com.oculus.systemux (uid 10027), FLAG_PRIVATE, FLAG_NEVER_BLANK, FLAG_OWN_CONTENT_ONLY}
04-27 12:19:33.959  1027  3844 I DisplayManagerService: Display device removed: DisplayDeviceInfo{"com.oculus.android_panel_app.AndroidPanelLayer-tooltip": uniqueId="virtual:com.oculus.systemux,10027,com.oculus.android_panel_app.AndroidPanelLayer-tooltip,0", 1250 x 1250, modeId 22, defaultModeId 22, supportedModes [{id=22, width=1250, height=1250, fps=60.0}], colorMode 0, supportedColorModes [0], HdrCapabilities null, density 200, 200.0 x 200.0 dpi, appVsyncOff 0, presDeadline 16666666, touch NONE, rotation 0, type VIRTUAL, state OFF, owner com.oculus.systemux (uid 10027), FLAG_PRIVATE, FLAG_NEVER_BLANK, FLAG_OWN_CONTENT_ONLY}
04-27 12:19:33.960  1027  4166 I DisplayManagerService: Display device added: DisplayDeviceInfo{"com.oculus.android_panel_app.AndroidPanelLayer-tooltip": uniqueId="virtual:com.oculus.systemux,10027,com.oculus.android_panel_app.AndroidPanelLayer-tooltip,0", 144 x 65, modeId 23, defaultModeId 23, supportedModes [{id=23, width=144, height=65, fps=60.0}], colorMode 0, supportedColorModes [0], HdrCapabilities null, density 200, 200.0 x 200.0 dpi, appVsyncOff 0, presDeadline 16666666, touch NONE, rotation 0, type VIRTUAL, state OFF, owner com.oculus.systemux (uid 10027), FLAG_PRIVATE, FLAG_NEVER_BLANK, FLAG_OWN_CONTENT_ONLY}
04-27 12:19:34.001  1027  1059 I DisplayManagerService: Display device changed state: "com.oculus.android_panel_app.AndroidPanelLayer-tooltip", ON
04-27 12:19:34.002  1027  3842 E WindowManager: App trying to use insecure INPUT_FEATURE_NO_INPUT_CHANNEL flag. Ignoring
04-27 12:19:34.008  1027  1059 I ActivityTaskManager: Override config changes=20005df8 {0.0 ?mcc?mnc ?localeList ?layoutDir sw52dp w115dp h52dp 200dpi smll land ?uimode ?night -touch qwerty/v/v -nav/h winConfig={ mBounds=Rect(0, 0 - 144, 65) mAppBounds=Rect(0, 0 - 144, 65) mWindowingMode=fullscreen mDisplayWindowingMode=fullscreen mActivityType=undefined mAlwaysOnTop=undefined mRotation=ROTATION_0}} for displayId=18
04-27 12:19:34.466  1027  3844 I DisplayManagerService: Display device removed: DisplayDeviceInfo{"com.oculus.android_panel_app.AndroidPanelLayer-tooltip": uniqueId="virtual:com.oculus.systemux,10027,com.oculus.android_panel_app.AndroidPanelLayer-tooltip,0", 144 x 65, modeId 23, defaultModeId 23, supportedModes [{id=23, width=144, height=65, fps=60.0}], colorMode 0, supportedColorModes [0], HdrCapabilities null, density 200, 200.0 x 200.0 dpi, appVsyncOff 0, presDeadline 16666666, touch NONE, rotation 0, type VIRTUAL, state ON, owner com.oculus.systemux (uid 10027), FLAG_PRIVATE, FLAG_NEVER_BLANK, FLAG_OWN_CONTENT_ONLY}
04-27 12:19:35.058  1027  1066 I ActivityManager: Start proc 4209:com.oculus.vrshell.desktop/u0a81 for service {com.oculus.vrshell.desktop/com.oculus.vrshell.desktop.PanelService}
04-27 12:19:35.148  1027  3842 I DisplayManagerService: Display device added: DisplayDeviceInfo{"VrDesktopDisplay@71263111": uniqueId="virtual:android,1000,VrDesktopDisplay@71263111,0", 650 x 625, modeId 24, defaultModeId 24, supportedModes [{id=24, width=650, height=625, fps=60.0}], colorMode 0, supportedColorModes [0], HdrCapabilities null, density 200, 200.0 x 200.0 dpi, appVsyncOff 0, presDeadline 16666666, touch NONE, rotation 0, type VIRTUAL, state ON, owner android (uid 1000), FLAG_SECURE, FLAG_OWN_CONTENT_ONLY}
04-27 12:19:35.165  1027  1057 W WindowManager: Unable to take screenshot of display 19
04-27 12:19:35.182  1027  1059 I ActivityTaskManager: Override config changes=20005df8 {0.0 ?mcc?mnc ?localeList ?layoutDir sw500dp w520dp h500dp 200dpi nrml land ?uimode ?night -touch qwerty/v/v -nav/h winConfig={ mBounds=Rect(0, 0 - 650, 625) mAppBounds=Rect(0, 0 - 650, 625) mWindowingMode=fullscreen mDisplayWindowingMode=fullscreen mActivityType=undefined mAlwaysOnTop=undefined mRotation=ROTATION_0}} for displayId=19
04-27 12:19:35.183  1027  1059 I WindowManager: Screen frozen for +22ms due to new-config
04-27 12:19:35.187  1027  4166 I ActivityTaskManager: START u0 {flg=0x14000000 cmp=com.android.settings/.Settings$WifiSettingsActivity (has extras)} from uid 1000
04-27 12:19:35.254  1027  3844 I DisplayManagerService: Display device removed: DisplayDeviceInfo{"com.oculus.android_panel_app.AndroidPanelLayer-tablet": uniqueId="virtual:com.oculus.systemux,10027,com.oculus.android_panel_app.AndroidPanelLayer-tablet,0", 1000 x 625, modeId 21, defaultModeId 21, supportedModes [{id=21, width=1000, height=625, fps=60.0}], colorMode 0, supportedColorModes [0], HdrCapabilities null, density 200, 200.0 x 200.0 dpi, appVsyncOff 0, presDeadline 16666666, touch NONE, rotation 0, type VIRTUAL, state ON, owner com.oculus.systemux (uid 10027), FLAG_PRIVATE, FLAG_NEVER_BLANK, FLAG_OWN_CONTENT_ONLY}
