04-27 12:19:35.271  1027  3844 I DisplayManagerService: Display device removed: DisplayDeviceInfo{"com.oculus.android_panel_app.AndroidPanelLayer-#main": uniqueId="virtual:com.oculus.systemux,10027,com.oculus.android_panel_app.AndroidPanelLayer-#main,2", 800 x 110, modeId 20, defaultModeId 20, supportedModes [{id=20, width=800, height=110, fps=60.0}], colorMode 0, supportedColorModes [0], HdrCapabilities null, density 200, 200.0 x 200.0 dpi, appVsyncOff 0, presDeadline 16666666, touch NONE, rotation 0, type VIRTUAL, state ON, owner com.oculus.systemux (uid 10027), FLAG_PRIVATE, FLAG_NEVER_BLANK, FLAG_OWN_CONTENT_ONLY}
04-27 12:19:35.327  1027  3842 I DisplayManagerService: Display device added: DisplayDeviceInfo{"com.oculus.android_panel_app.AndroidPanelLayer-#main": uniqueId="virtual:com.oculus.systemux,10027,com.oculus.android_panel_app.AndroidPanelLayer-#main,2", 800 x 1250, modeId 25, defaultModeId 25, supportedModes [{id=25, width=800, height=1250, fps=60.0}], colorMode 0, supportedColorModes [0], HdrCapabilities null, density 200, 200.0 x 200.0 dpi, appVsyncOff 0, presDeadline 16666666, touch NONE, rotation 0, type VIRTUAL, state OFF, owner com.oculus.systemux (uid 10027), FLAG_PRIVATE, FLAG_NEVER_BLANK, FLAG_OWN_CONTENT_ONLY}
04-27 12:19:35.358  1027  1059 I ActivityTaskManager: Override config changes=20005df8 {0.0 ?mcc?mnc ?localeList ?layoutDir sw640dp w640dp h1000dp 200dpi lrg port ?uimode ?night -touch qwerty/v/v -nav/h winConfig={ mBounds=Rect(0, 0 - 800, 1250) mAppBounds=Rect(0, 0 - 800, 1250) mWindowingMode=fullscreen mDisplayWindowingMode=fullscreen mActivityType=undefined mAlwaysOnTop=undefined mRotation=ROTATION_0}} for displayId=20
04-27 12:19:35.408  1027  3844 I DisplayManagerService: Display device removed: DisplayDeviceInfo{"com.oculus.android_panel_app.AndroidPanelLayer-#main": uniqueId="virtual:com.oculus.systemux,10027,com.oculus.android_panel_app.AndroidPanelLayer-#main,2", 800 x 1250, modeId 25, defaultModeId 25, supportedModes [{id=25, width=800, height=1250, fps=60.0}], colorMode 0, supportedColorModes [0], HdrCapabilities null, density 200, 200.0 x 200.0 dpi, appVsyncOff 0, presDeadline 16666666, touch NONE, rotation 0, type VIRTUAL, state OFF, owner com.oculus.systemux (uid 10027), FLAG_PRIVATE, FLAG_NEVER_BLANK, FLAG_OWN_CONTENT_ONLY}
04-27 12:19:35.426  1027  4050 I DisplayManagerService: Display device added: DisplayDeviceInfo{"com.oculus.android_panel_app.AndroidPanelLayer-#main": uniqueId="virtual:com.oculus.systemux,10027,com.oculus.android_panel_app.AndroidPanelLayer-#main,2", 800 x 110, modeId 26, defaultModeId 26, supportedModes [{id=26, width=800, height=110, fps=60.0}], colorMode 0, supportedColorModes [0], HdrCapabilities null, density 200, 200.0 x 200.0 dpi, appVsyncOff 0, presDeadline 16666666, touch NONE, rotation 0, type VIRTUAL, state OFF, owner com.oculus.systemux (uid 10027), FLAG_PRIVATE, FLAG_NEVER_BLANK, FLAG_OWN_CONTENT_ONLY}
04-27 12:19:35.435  1027  2599 I DisplayManagerService: Display device added: DisplayDeviceInfo{"com.oculus.android_panel_app.AndroidPanelLayer-tablet": uniqueId="virtual:com.oculus.systemux,10027,com.oculus.android_panel_app.AndroidPanelLayer-tablet,0", 1000 x 625, modeId 27, defaultModeId 27, supportedModes [{id=27, width=1000, height=625, fps=60.0}], colorMode 0, supportedColorModes [0], HdrCapabilities null, density 200, 200.0 x 200.0 dpi, appVsyncOff 0, presDeadline 16666666, touch NONE, rotation 0, type VIRTUAL, state OFF, owner com.oculus.systemux (uid 10027), FLAG_PRIVATE, FLAG_NEVER_BLANK, FLAG_OWN_CONTENT_ONLY}
04-27 12:19:35.451  1027  1059 I ActivityTaskManager: Override config changes=20005df8 {0.0 ?mcc?mnc ?localeList ?layoutDir sw88dp w640dp h88dp 200dpi nrml long land ?uimode ?night -touch qwerty/v/v -nav/h winConfig={ mBounds=Rect(0, 0 - 800, 110) mAppBounds=Rect(0, 0 - 800, 110) mWindowingMode=fullscreen mDisplayWindowingMode=fullscreen mActivityType=undefined mAlwaysOnTop=undefined mRotation=ROTATION_0}} for displayId=21
04-27 12:19:35.452  1027  1059 E DisplayModeDirector: Asked about unknown display, returning empty allowed set! (id=22)
04-27 12:19:35.494  1027  1059 I ActivityTaskManager: Override config changes=20005df8 {0.0 ?mcc?mnc ?localeList ?layoutDir sw500dp w800dp h500dp 200dpi lrg land ?uimode ?night -touch qwerty/v/v -nav/h winConfig={ mBounds=Rect(0, 0 - 1000, 625) mAppBounds=Rect(0, 0 - 1000, 625) mWindowingMode=fullscreen mDisplayWindowingMode=fullscreen mActivityType=undefined mAlwaysOnTop=undefined mRotation=ROTATION_0}} for displayId=22
04-27 12:19:35.565  1027  1059 I DisplayManagerService: Display device changed state: "com.oculus.android_panel_app.AndroidPanelLayer-#main", ON
04-27 12:19:35.578  1027  1044 E WindowManager: App trying to use insecure INPUT_FEATURE_NO_INPUT_CHANNEL flag. Ignoring
04-27 12:19:35.585  1027  1059 I DisplayManagerService: Display device changed state: "com.oculus.android_panel_app.AndroidPanelLayer-tablet", ON
04-27 12:19:35.600  1027  3088 E WindowManager: App trying to use insecure INPUT_FEATURE_NO_INPUT_CHANNEL flag. Ignoring
04-27 12:19:35.682   850  1237 D RemoteService: RemoteService - Registering status callback
04-27 12:19:37.166   741  1219 W SensorService: Unknown packet type (20) received
04-27 12:19:38.657  1027  4050 I ActivityTaskManager: START u0 {act=android.intent.action.MAIN cmp=com.android.settings/.SubSettings (has extras)} from uid 1000
04-27 12:19:38.806   850   850 E TrackingService: attachClient: found client in attached list
04-27 12:19:38.806   850   850 D TrackingService: getSharedMemory: com.UNCWMixedRealityLab.DEVVASCProjectXR, Controller
04-27 12:19:38.835  1027  1295 E WindowManager: App trying to use insecure INPUT_FEATURE_NO_INPUT_CHANNEL flag. Ignoring
04-27 12:19:38.948  1027  1066 I ActivityManager: Start proc 4261:com.oculus.vrshell:Keyboard/u0a20 for service {com.oculus.vrshell/com.oculus.panelapp.keyboardv2.KeyboardPanelService}
04-27 12:19:39.066  1027  3946 I DisplayManagerService: Display device added: DisplayDeviceInfo{"com.oculus.android_panel_app.AndroidPanelLayer-#main": uniqueId="virtual:com.oculus.vrshell,10020,com.oculus.android_panel_app.AndroidPanelLayer-#main,0", 1250 x 1250, modeId 28, defaultModeId 28, supportedModes [{id=28, width=1250, height=1250, fps=60.0}], colorMode 0, supportedColorModes [0], HdrCapabilities null, density 200, 200.0 x 200.0 dpi, appVsyncOff 0, presDeadline 16666666, touch NONE, rotation 0, type VIRTUAL, state OFF, owner com.oculus.vrshell (uid 10020), FLAG_PRIVATE, FLAG_NEVER_BLANK, FLAG_OWN_CONTENT_ONLY}
04-27 12:19:39.105  1027  1059 I ActivityTaskManager: Override config changes=20005df8 {0.0 ?mcc?mnc ?localeList ?layoutDir sw1000dp w1000dp h1000dp 200dpi xlrg port ?uimode ?night -touch qwerty/v/v -nav/h winConfig={ mBounds=Rect(0, 0 - 1250, 1250) mAppBounds=Rect(0, 0 - 1250, 1250) mWindowingMode=fullscreen mDisplayWindowingMode=fullscreen mActivityType=undefined mAlwaysOnTop=undefined mRotation=ROTATION_0}} for displayId=23
04-27 12:19:39.154  1027  3088 I DisplayManagerService: Display device removed: DisplayDeviceInfo{"com.oculus.android_panel_app.AndroidPanelLayer-#main": uniqueId="virtual:com.oculus.vrshell,10020,com.oculus.android_panel_app.AndroidPanelLayer-#main,0", 1250 x 1250, modeId 28, defaultModeId 28, supportedModes [{id=28, width=1250, height=1250, fps=60.0}], colorMode 0, supportedColorModes [0], HdrCapabilities null, density 200, 200.0 x 200.0 dpi, appVsyncOff 0, presDeadline 16666666, touch NONE, rotation 0, type VIRTUAL, state OFF, owner com.oculus.vrshell (uid 10020), FLAG_PRIVATE, FLAG_NEVER_BLANK, FLAG_OWN_CONTENT_ONLY}
04-27 12:19:39.166  1027  3088 I DisplayManagerService: Display device added: DisplayDeviceInfo{"com.oculus.android_panel_app.AndroidPanelLayer-#main": uniqueId="virtual:com.oculus.vrshell,10020,com.oculus.android_panel_app.AndroidPanelLayer-#main,0", 710 x 266, modeId 29, defaultModeId 29, supportedModes [{id=29, width=710, height=266, fps=60.0}], colorMode 0, supportedColorModes [0], HdrCapabilities null, density 200, 200.0 x 200.0 dpi, appVsyncOff 0, presDeadline 16666666, touch NONE, rotation 0, type VIRTUAL, state OFF, owner com.oculus.vrshell (uid 10020), FLAG_PRIVATE, FLAG_NEVER_BLANK, FLAG_OWN_CONTENT_ONLY}
04-27 12:19:39.193  1027  1059 I ActivityTaskManager: Override config changes=20005df8 {0.0 ?mcc?mnc ?localeList ?layoutDir sw212dp w568dp h212dp 200dpi nrml long land ?uimode ?night -touch qwerty/v/v -nav/h winConfig={ mBounds=Rect(0, 0 - 710, 266) mAppBounds=Rect(0, 0 - 710, 266) mWindowingMode=fullscreen mDisplayWindowingMode=fullscreen mActivityType=undefined mAlwaysOnTop=undefined mRotation=ROTATION_0}} for displayId=24
04-27 12:19:39.196  1027  1059 I DisplayManagerService: Display device changed state: "com.oculus.android_panel_app.AndroidPanelLayer-#main", ON
04-27 12:19:39.209  1027  4304 E WindowManager: App trying to use insecure INPUT_FEATURE_NO_INPUT_CHANNEL flag. Ignoring
04-27 12:19:39.821  1027  1775 E TaskPersister: File error accessing recents directory (directory doesn't exist?).
04-27 12:19:42.167   741  1219 W SensorService: Unknown packet type (20) received
04-27 12:20:00.716  1027  1027 D DevicePolicyManager: updateSystemUpdateFreezePeriodsRecord
04-27 12:20:00.719  1027  1027 W SyncManager: Clock is valid now.
04-27 12:20:00.719  1027  1027 D ConditionProviders.SCP: onReceive android.intent.action.TIME_SET
04-27 12:20:00.721  1027  1027 D ConditionProviders.SCP: evaluateSubscriptionLocked cal=ScheduleCalendar[mDays={1, 2, 3, 4, 5, 6, 7}, mSchedule=ScheduleInfo{days=[1, 2, 3, 4, 5, 6, 7], startHour=22, startMinute=0, endHour=7, endMinute=0, exitAtAlarm=true, nextAlarm=Wed Dec 31 19:00:00 EST 1969 (0)}], now=Wed Apr 27 12:20:00 EDT 2022 (1651076400719), nextUserAlarmTime=Wed Dec 31 19:00:00 EST 1969 (0)
04-27 12:20:00.721  1027  1027 D ConditionProviders.SCP: notifyCondition condition://android/schedule?days=1.2.3.4.5.6.7&start=22.0&end=7.0&exitAtAlarm=true STATE_FALSE reason=!meetsSchedule
04-27 12:20:00.723  1027  1027 D ConditionProviders.SCP: Scheduling evaluate for Wed Apr 27 22:00:00 EDT 2022 (1651111200000), in +9h39m59s281ms, now=Wed Apr 27 12:20:00 EDT 2022 (1651076400719)
04-27 12:20:00.726  1027  1064 I UsageStatsService: Time changed in UsageStats by -3 seconds
04-27 12:20:00.726  1027  1064 I UsageStatsService: User[0] Flushing usage stats to disk
04-27 12:20:00.728  1027  1066 W ActivityManager: Slow operation: 59ms so far, now at startProcess: returned from zygote!
04-27 12:20:00.730  1027  1066 W ActivityManager: Slow operation: 61ms so far, now at startProcess: done updating battery stats
04-27 12:20:00.731  1027  1066 W ActivityManager: Slow operation: 61ms so far, now at startProcess: building log message
04-27 12:20:00.731  1027  1066 I ActivityManager: Start proc 4373:com.oculus.linefrequencyservice/1000 for service {com.oculus.linefrequencyservice/com.oculus.linefrequencyservice.LineFrequencyService}
04-27 12:20:00.731  1027  1066 W ActivityManager: Slow operation: 61ms so far, now at startProcess: starting to update pids map
04-27 12:20:00.731  1027  1066 W ActivityManager: Slow operation: 62ms so far, now at startProcess: done updating pids map
04-27 12:20:00.815  1027  1066 W ActivityManager: Slow operation: 61ms so far, now at startProcess: returned from zygote!
04-27 12:20:00.815  1027  1066 W ActivityManager: Slow operation: 62ms so far, now at startProcess: done updating battery stats
04-27 12:20:00.816  1027  1066 W ActivityManager: Slow operation: 62ms so far, now at startProcess: building log message
04-27 12:20:00.816  1027  1066 I ActivityManager: Start proc 4403:com.qualcomm.timeservice/u0a49 for broadcast {com.qualcomm.timeservice/com.qualcomm.timeservice.TimeServiceBroadcastReceiver}
04-27 12:20:00.816  1027  1066 W ActivityManager: Slow operation: 62ms so far, now at startProcess: starting to update pids map
04-27 12:20:00.816  1027  1066 W ActivityManager: Slow operation: 62ms so far, now at startProcess: done updating pids map
04-27 12:20:00.894  1027  1064 I UsageStatsDatabase: Time changed by -3s666ms. files deleted: 0 files moved: 5
04-27 12:20:00.935  1027  1064 I UsageStatsService: User[0] Rollover scheduled @ 2022-04-27 20:32:27(1651105947412)
04-27 12:20:00.987  1027  1154 D ConnectivityService: NetworkAgentInfo [WIFI () - 100] validation passed
04-27 12:20:00.991  1027  1154 D ConnectivityService: Setting DNS servers for network 100 to [/10.128.128.128]
04-27 12:20:00.991  1027  1154 D DnsManager: setDnsConfigurationForNetwork(100, [10.128.128.128], [], 1800, 25, 8, 64, 0, 0, , [10.128.128.128])
04-27 12:20:01.090  1027  1066 I ActivityManager: Start proc 4439:oculus.platform/1000 for service {oculus.platform/oculus.internal.telemetry.TelemetryEventSchemaFetchJobService}
04-27 12:20:01.172  1027  1066 I ActivityManager: Start proc 4468:com.oculus.deviceauthserver/1000 for service {com.oculus.deviceauthserver/com.oculus.deviceauthserver.DeviceAuthService}
04-27 12:20:01.257  1027  1154 D ConnectivityService: releasing NetworkRequest [ TRACK_DEFAULT id=12, [ Capabilities: INTERNET&NOT_RESTRICTED&TRUSTED Uid: 10090] ] (release request)
04-27 12:20:01.455  1027  1775 E TaskPersister: File error accessing recents directory (directory doesn't exist?).
04-27 12:20:01.703  1652  1652 W ViewRootImpl[Settings$WifiSettingsActivity]: Cancelling event due to no window focus: MotionEvent { action=ACTION_CANCEL, actionButton=0, id[0]=0, x[0]=187.26045, y[0]=297.50998, toolType[0]=TOOL_TYPE_UNKNOWN, buttonState=0, classification=NONE, metaState=0, flags=0x0, edgeFlags=0x0, pointerCount=1, historySize=0, eventTime=230211, downTime=207301, deviceId=4, source=0x2002, displayId=19 }
04-27 12:20:01.703  1652  1652 I chatty  : uid=1000(system) com.android.settings identical 2 lines
04-27 12:20:01.703  1652  1652 W ViewRootImpl[Settings$WifiSettingsActivity]: Cancelling event due to no window focus: MotionEvent { action=ACTION_CANCEL, actionButton=0, id[0]=0, x[0]=187.26045, y[0]=297.50998, toolType[0]=TOOL_TYPE_UNKNOWN, buttonState=0, classification=NONE, metaState=0, flags=0x0, edgeFlags=0x0, pointerCount=1, historySize=0, eventTime=230211, downTime=207301, deviceId=4, source=0x2002, displayId=19 }
04-27 12:20:01.835  1027  1141 D WifiService: AsyncChannelExternalClientHandler.handleMessage ignoring msg={ when=0 what=69632 obj=com.android.server.wifi.util.WifiAsyncChannel@46df920 target=com.android.server.wifi.WifiServiceImpl$AsyncChannelExternalClientHandler }
04-27 12:20:01.837  1027  1141 D WifiService: SAVE nid=0 config=* ID: -1 SSID: "CFCI-GUEST" PROVIDER-NAME: null BSSID: null FQDN: null PRIO: 0 HIDDEN: false PMF: false
04-27 12:20:01.837  1027  1141 D WifiService:  NetworkSelectionStatus NETWORK_SELECTION_ENABLED
04-27 12:20:01.837  1027  1141 D WifiService:  hasEverConnected: false
04-27 12:20:01.837  1027  1141 D WifiService:  trusted
04-27 12:20:01.837  1027  1141 D WifiService:  macRandomizationSetting: 1
04-27 12:20:01.837  1027  1141 D WifiService:  mRandomizedMacAddress: 02:00:00:00:00:00
04-27 12:20:01.837  1027  1141 D WifiService:  KeyMgmt: WPA_PSK Protocols:
04-27 12:20:01.837  1027  1141 D WifiService:  AuthAlgorithms:
04-27 12:20:01.837  1027  1141 D WifiService:  PairwiseCiphers:
04-27 12:20:01.837  1027  1141 D WifiService:  GroupCiphers:
04-27 12:20:01.837  1027  1141 D WifiService:  GroupMgmtCiphers:
04-27 12:20:01.837  1027  1141 D WifiService:  SuiteBCiphers:
04-27 12:20:01.837  1027  1141 D WifiService:  PSK/SAE: *
04-27 12:20:01.837  1027  1141 D WifiService: Enterprise config:
04-27 12:20:01.837  1027  1141 D WifiService: IP config:
04-27 12:20:01.837  1027  1141 D WifiService: IP assignment: DHCP
04-27 12:20:01.837  1027  1141 D WifiService: Proxy settings: NONE
04-27 12:20:01.837  1027  1141 D WifiService:  cuid=-1 luid=-1 lcuid=0 userApproved=USER_UNSPECIFIED noInternetAccessExpected=false 
04-27 12:20:01.837  1027  1141 D WifiService: recentFailure: Association Rejection code: 0
04-27 12:20:01.837  1027  1141 D WifiService:  uid=1000 name=android.uid.system:1000
04-27 12:20:01.845  1027  1141 D WifiService: CONNECT  nid=-1 config=* ID: -1 SSID: "CFCI-GUEST" PROVIDER-NAME: null BSSID: null FQDN: null PRIO: 0 HIDDEN: false PMF: false
04-27 12:20:01.845  1027  1141 D WifiService:  NetworkSelectionStatus NETWORK_SELECTION_ENABLED
04-27 12:20:01.845  1027  1141 D WifiService:  hasEverConnected: false
04-27 12:20:01.845  1027  1141 D WifiService:  trusted
04-27 12:20:01.845  1027  1141 D WifiService:  macRandomizationSetting: 1
04-27 12:20:01.845  1027  1141 D WifiService:  mRandomizedMacAddress: 02:00:00:00:00:00
04-27 12:20:01.845  1027  1141 D WifiService:  KeyMgmt: WPA_PSK Protocols:
04-27 12:20:01.845  1027  1141 D WifiService:  AuthAlgorithms:
04-27 12:20:01.845  1027  1141 D WifiService:  PairwiseCiphers:
04-27 12:20:01.845  1027  1141 D WifiService:  GroupCiphers:
04-27 12:20:01.845  1027  1141 D WifiService:  GroupMgmtCiphers:
04-27 12:20:01.845  1027  1141 D WifiService:  SuiteBCiphers:
04-27 12:20:01.845  1027  1141 D WifiService:  PSK/SAE: *
04-27 12:20:01.845  1027  1141 D WifiService: Enterprise config:
04-27 12:20:01.845  1027  1141 D WifiService: IP config:
04-27 12:20:01.845  1027  1141 D WifiService: IP assignment: DHCP
04-27 12:20:01.845  1027  1141 D WifiService: Proxy settings: NONE
04-27 12:20:01.845  1027  1141 D WifiService:  cuid=-1 luid=-1 lcuid=0 userApproved=USER_UNSPECIFIED noInternetAccessExpected=false 
04-27 12:20:01.845  1027  1141 D WifiService: recentFailure: Association Rejection code: 0
04-27 12:20:01.845  1027  1141 D WifiService:  uid=1000 name=android.uid.system:1000
04-27 12:20:01.931   824   824 W wificond: Scan is not started. Ignore abort request
04-27 12:20:02.011   824   824 E wificond: NL80211_CMD_TRIGGER_SCAN failed: Device or resource busy
04-27 12:20:02.160  1027  1512 W ActivityManager: setIsForegroundPanelService: ComponentInfo{com.oculus.vrshell/com.oculus.panelapp.keyboardv2.KeyboardPanelService} not found
04-27 12:20:02.169   741  1219 I chatty  : uid=1000(system) sensors@1.0-ser identical 4 lines
04-27 12:20:02.172  1027  3842 I DisplayManagerService: Display device removed: DisplayDeviceInfo{"com.oculus.android_panel_app.AndroidPanelLayer-#main": uniqueId="virtual:com.oculus.vrshell,10020,com.oculus.android_panel_app.AndroidPanelLayer-#main,0", 710 x 266, modeId 29, defaultModeId 29, supportedModes [{id=29, width=710, height=266, fps=60.0}], colorMode 0, supportedColorModes [0], HdrCapabilities null, density 200, 200.0 x 200.0 dpi, appVsyncOff 0, presDeadline 16666666, touch NONE, rotation 0, type VIRTUAL, state ON, owner com.oculus.vrshell (uid 10020), FLAG_PRIVATE, FLAG_NEVER_BLANK, FLAG_OWN_CONTENT_ONLY}
04-27 12:20:02.302  1027  1027 I RoleManagerService: Granting default permissions...
04-27 12:20:02.326  1027  1064 W VoiceInteractionManagerService: no available voice interaction services found for user 0
04-27 12:20:02.599  1027  1064 I RoleUserState: Wrote roles.xml successfully
04-27 12:20:03.505   741  1219 W SensorService: Unknown packet type (20) received
04-27 12:20:03.828   850   850 E TrackingService: attachClient: found client in attached list
04-27 12:20:03.829   850   850 D TrackingService: getSharedMemory: com.oculus.guardian, Controller
04-27 12:20:03.831   850   850 E TrackingService: attachClient: found client in attached list
04-27 12:20:03.831   850   850 D TrackingService: getSharedMemory: com.oculus.systemdriver, Controller
04-27 12:20:03.833   850   850 E TrackingService: attachClient: found client in attached list
04-27 12:20:03.834   850   850 I chatty  : uid=1000(system) /system/bin/trackingservice identical 1 line
04-27 12:20:03.837   850   850 E TrackingService: attachClient: found client in attached list
04-27 12:20:03.839   850  1237 E TrackingService: attachClient: found client in attached list
04-27 12:20:03.842   850  1237 D TrackingService: getSharedMemory: /system/bin/mrsystemservice, Controller
04-27 12:20:03.860   850  1237 E TrackingService: attachClient: found client in attached list
04-27 12:20:03.861   850  1237 D TrackingService: getSharedMemory: com.oculus.vrshell, Controller
04-27 12:20:03.906  1027  3088 I DisplayManagerService: Display device removed: DisplayDeviceInfo{"VrDesktopDisplay@71263111": uniqueId="virtual:android,1000,VrDesktopDisplay@71263111,0", 650 x 625, modeId 24, defaultModeId 24, supportedModes [{id=24, width=650, height=625, fps=60.0}], colorMode 0, supportedColorModes [0], HdrCapabilities null, density 200, 200.0 x 200.0 dpi, appVsyncOff 0, presDeadline 16666666, touch NONE, rotation 0, type VIRTUAL, state ON, owner android (uid 1000), FLAG_SECURE, FLAG_OWN_CONTENT_ONLY}
04-27 12:20:03.965  1027  1142 D ConnectivityService: registerNetworkAgent NetworkAgentInfo{ ni{[type: WIFI[], state: CONNECTING/CONNECTING, reason: (unspecified), extra: (none), failover: false, available: true, roaming: false]}  network{100}  nethandle{432902426637}  lp{{LinkAddresses: [ ] DnsAddresses: [ ] Domains: null MTU: 0 Routes: [ ]}}  nc{[ Transports: WIFI Capabilities: NOT_METERED&INTERNET&NOT_RESTRICTED&NOT_VPN&NOT_ROAMING&FOREGROUND&NOT_CONGESTED&NOT_SUSPENDED LinkUpBandwidth>=1048576Kbps LinkDnBandwidth>=1048576Kbps Specifier: <WifiNetworkAgentSpecifier [WifiConfiguration=, SSID="CFCI-GUEST", BSSID=ee:9e:38:81:5a:6b, mOriginalRequestorUid=-1, mOriginalRequestorPackageName=]> SSID: "CFCI-GUEST"]}  Score{20}  everValidated{false}  lastValidated{false}  created{false} lingering{false} explicitlySelected{false} acceptUnvalidated{false} everCaptivePortalDetected{false} lastCaptivePortalDetected{false} captivePortalValidationPending{false} partialConnectivity{false} acceptPartialConnectivity{false} clat{mBaseIface: null, mIface: null, mState: IDLE} }
04-27 12:20:03.980  1027  2033 W ActivityManager: setIsForegroundPanelService: ComponentInfo{com.oculus.vrshell.desktop/com.oculus.vrshell.desktop.PanelService} not found
04-27 12:20:03.992  1027  1154 D ConnectivityService: NetworkAgentInfo [WIFI () - 100] EVENT_NETWORK_INFO_CHANGED, going from null to CONNECTING
04-27 12:20:04.040  1027  1154 D ConnectivityService: NetworkAgentInfo [WIFI () - 100] EVENT_NETWORK_INFO_CHANGED, going from CONNECTING to CONNECTING
04-27 12:20:04.046  1027  1154 D ConnectivityService: Adding iface wlan0 to network 100
04-27 12:20:04.046  1027  1154 E ConnectivityService: Exception adding interface: java.lang.IllegalStateException: android.os.ServiceSpecificException: Machine is not on the network (code 64)
04-27 12:20:04.065  1027  1154 I DropBoxManagerService: add tag=system_server_wtf isTagEnabled=true flags=0x2
04-27 12:20:04.113  1027  1154 E ConnectivityService: Exception in addRoute for non-gateway: java.lang.IllegalStateException: android.os.ServiceSpecificException: Machine is not on the network (code 64)
04-27 12:20:04.114  1027  1154 E ConnectivityService: Exception in addRoute for gateway: java.lang.IllegalStateException: android.os.ServiceSpecificException: Machine is not on the network (code 64)
04-27 12:20:04.134  1027  1154 I DropBoxManagerService: add tag=system_server_wtf isTagEnabled=true flags=0x2
04-27 12:20:04.149  1027  1154 D ConnectivityService: Setting DNS servers for network 100 to [/10.128.128.128]
04-27 12:20:04.149  1027  1154 D DnsManager: setDnsConfigurationForNetwork(100, [10.128.128.128], [], 1800, 25, 8, 64, 0, 0, , [])
04-27 12:20:04.151  1027  1154 E DnsManager: Error setting DNS configuration: android.os.ServiceSpecificException: Machine is not on the network (code 64)
04-27 12:20:04.168  1027  1154 I DropBoxManagerService: add tag=system_server_wtf isTagEnabled=true flags=0x2
04-27 12:20:04.197  1027  1154 D ConnectivityService: NetworkAgentInfo [WIFI () - 100] EVENT_NETWORK_INFO_CHANGED, going from CONNECTING to CONNECTED
04-27 12:20:04.202  1027  1154 W DnsManager: updatePrivateDns(100, PrivateDnsConfig{true:/[]})
04-27 12:20:04.202  1027  1154 D ConnectivityService: Setting DNS servers for network 100 to [/10.128.128.128]
04-27 12:20:04.203  1027  1154 D DnsManager: setDnsConfigurationForNetwork(100, [10.128.128.128], [], 1800, 25, 8, 64, 0, 0, , [10.128.128.128])
04-27 12:20:04.214  1027  1154 D ConnectivityService: Adding iface wlan0 to network 100
04-27 12:20:04.229  1027  1154 D ConnectivityService: Setting DNS servers for network 100 to [/10.128.128.128]
04-27 12:20:04.229  1027  1154 D DnsManager: setDnsConfigurationForNetwork(100, [10.128.128.128], [], 1800, 25, 8, 64, 0, 0, , [10.128.128.128])
04-27 12:20:04.257  1027  1154 I DropBoxManagerService: add tag=system_server_wtf isTagEnabled=true flags=0x2
04-27 12:20:04.286   693   930 E NetlinkEvent: NetlinkEvent::FindParam(): Parameter 'INTERFACE' not found
04-27 12:20:04.286   693   930 E NetlinkEvent: NetlinkEvent::FindParam(): Parameter 'STATE' not found
04-27 12:20:04.286   693   930 E NetlinkEvent: NetlinkEvent::FindParam(): Parameter 'TIME_NS' not found
04-27 12:20:04.286   693   930 E NetlinkEvent: NetlinkEvent::FindParam(): Parameter 'UID' not found
04-27 12:20:04.294  1027  1154 D ConnectivityService: Switching to new default network: NetworkAgentInfo{ ni{[type: WIFI[], state: CONNECTED/CONNECTED, reason: (unspecified), extra: (none), failover: false, available: true, roaming: false]}  network{100}  nethandle{432902426637}  lp{{InterfaceName: wlan0 LinkAddresses: [ fe80::ffe3:2a1b:a56c:2e8f/64,10.71.144.236/8 ] DnsAddresses: [ /10.128.128.128 ] Domains: null MTU: 0 TcpBufferSizes: 524288,1048576,2097152,262144,524288,1048576 Routes: [ fe80::/64 -> :: wlan0,10.0.0.0/8 -> 0.0.0.0 wlan0,0.0.0.0/0 -> 10.128.128.128 wlan0 ]}}  nc{[ Transports: WIFI Capabilities: NOT_METERED&INTERNET&NOT_RESTRICTED&TRUSTED&NOT_VPN&NOT_ROAMING&FOREGROUND&NOT_CONGESTED&NOT_SUSPENDED LinkUpBandwidth>=1048576Kbps LinkDnBandwidth>=1048576Kbps Specifier: <WifiNetworkAgentSpecifier [WifiConfiguration=, SSID="CFCI-GUEST", BSSID=ee:9e:38:81:5a:6b, mOriginalRequestorUid=-1, mOriginalRequestorPackageName=]> SignalStrength: -50 SSID: "CFCI-GUEST"]}  Score{20}  everValidated{false}  lastValidated{false}  created{true} lingering{false} explicitlySelected{true} acceptUnvalidated{false} everCaptivePortalDetected{false} lastCaptivePortalDetected{false} captivePortalValidationPending{false} partialConnectivity{false} acceptPartialConnectivity{false} clat{mBaseIface: null, mIface: null, mState: IDLE} }
04-27 12:20:04.308  1027  1154 I DropBoxManagerService: add tag=system_server_wtf isTagEnabled=true flags=0x2
04-27 12:20:04.327  1027  1154 D ConnectivityService: Sending CONNECTED broadcast for type 1 NetworkAgentInfo [WIFI () - 100] isDefaultNetwork=true
04-27 12:20:05.109  1027  3946 I DisplayManagerService: Display device removed: DisplayDeviceInfo{"com.oculus.android_panel_app.AndroidPanelLayer-tablet": uniqueId="virtual:com.oculus.systemux,10027,com.oculus.android_panel_app.AndroidPanelLayer-tablet,0", 1000 x 625, modeId 27, defaultModeId 27, supportedModes [{id=27, width=1000, height=625, fps=60.0}], colorMode 0, supportedColorModes [0], HdrCapabilities null, density 200, 200.0 x 200.0 dpi, appVsyncOff 0, presDeadline 16666666, touch NONE, rotation 0, type VIRTUAL, state ON, owner com.oculus.systemux (uid 10027), FLAG_PRIVATE, FLAG_NEVER_BLANK, FLAG_OWN_CONTENT_ONLY}
04-27 12:20:07.403  1027  1775 E TaskPersister: File error accessing recents directory (directory doesn't exist?).
04-27 12:20:08.043   741  4191 I FrameSetDispatcher: [HEADSET] Client thread stopping
04-27 12:20:08.043   741   741 I FrameSetDispatcher: [HEADSET] Client thread joined
04-27 12:20:08.043   741   741 I CameraClientManager: [HEADSET] Removed client - started clients: 2
04-27 12:20:08.080   850  1237 E TrackingService: attachClient: found client in attached list
04-27 12:20:08.081   850  1237 D TrackingService: getSharedMemory: com.UNCWMixedRealityLab.DEVVASCProjectXR, Controller
04-27 12:20:08.505   741  1219 W SensorService: Unknown packet type (20) received
04-27 12:20:13.505   741  1219 W SensorService: Unknown packet type (20) received
04-27 12:20:13.764  1027  1059 W ActivityTaskManager: Launch timeout has expired, giving up wake lock!
04-27 12:20:14.261   741  1217 I SyncBossFW:  241013 [info   ] {PERF}: cpu load cur=0.3935 min=0.0538 max=0.4155 avg=0.3771
04-27 12:20:16.262  1027  3946 I ActivityManager: Killing 2733:com.android.packageinstaller/u0a7 (adj 985): empty #17
04-27 12:20:16.589  1541  4491 W ContextImpl: Calling a method in the system process without a qualified user: android.app.ContextImpl.sendBroadcast:1057 android.content.ContextWrapper.sendBroadcast:448 X.o4.A00:143 X.nw.A00:17 X.nw.handleMessage:90 
04-27 12:20:17.056  1541  4539 W ContextImpl: Calling a method in the system process without a qualified user: android.app.ContextImpl.sendBroadcast:1057 android.content.ContextWrapper.sendBroadcast:448 X.o4.A00:143 X.nw.A00:17 X.nw.handleMessage:90 
04-27 12:20:17.364  1027  3946 I ActivityManager: Killing 2799:com.android.providers.tv/u0a67 (adj 985): empty #17
04-27 12:20:18.505   741  1219 W SensorService: Unknown packet type (20) received
04-27 12:20:21.350  1027  1044 E WindowManager: App trying to use insecure INPUT_FEATURE_NO_INPUT_CHANNEL flag. Ignoring
04-27 12:20:21.359   850  1237 E TrackingService: attachClient: found client in attached list
04-27 12:20:21.360   850  1237 D TrackingService: getSharedMemory: com.oculus.systemdriver, Controller
04-27 12:20:21.362   850  1237 E TrackingService: attachClient: found client in attached list
04-27 12:20:21.366   850  1237 I chatty  : uid=1000(system) Binder:850_2 identical 2 lines
04-27 12:20:21.370   850  1237 E TrackingService: attachClient: found client in attached list
04-27 12:20:21.371   850  1237 D TrackingService: getSharedMemory: com.oculus.guardian, Controller
04-27 12:20:21.407   741   741 I FrameSetDispatcher: [HEADSET] Client thread started
04-27 12:20:21.407   741   741 I CameraClientManager: [HEADSET] Added client - started clients: 3
--------- beginning of main
04-27 12:20:21.416   749   991 D AF::TrackHandle: OpPlayAudio: track:67 uid:10020 pkg:com.oculus.vrshell usage:1 not muted
04-27 12:20:21.419  1275  1275 V AvrcpMediaPlayerList: onPlaybackConfigChanged(): Configs list size=5
04-27 12:20:21.431  1897  1897 E OVRMediaServiceManager: LivestreamingManager Not initialized
04-27 12:20:21.437   846  4641 I [CT]    : MIXEDREALITY: ServiceLogic: Successfully set cpu affinity for thread 4641 to prime gold (7)
04-27 12:20:21.437   846  4641 I [CT]    : MIXEDREALITY: ServiceLogic: Successfully set cpu affinity for thread 2620 to prime gold (7)
04-27 12:20:21.437   846  4641 I [CT]    : MIXEDREALITY: ServiceLogic: Successfully set cpu affinity for thread 924 to prime gold (7)
04-27 12:20:21.438   850  1237 E TrackingService: attachClient: found client in attached list
04-27 12:20:21.440  2110  2177 W LibraryProvider: Cannot find entitlement for com.oculus.vrshell
04-27 12:20:21.441   850  1237 D TrackingService: getSharedMemory: /system/bin/mrsystemservice, Controller
04-27 12:20:21.441   846  2620 I [CT]    : MIXEDREALITY: MrRuntimeCompute: computeIteration: (every 10 seconds), Passthrough: OFF, SpaceSense: OFF, PlayspaceScan: OFF.
04-27 12:20:21.441  1897  1897 W OVRLibrary: null cursor received for query content://com.oculus.ocms.library/apps/com.oculus.vrshell
04-27 12:20:21.442   721   945 D msm8974_platform: platform_split_snd_device: snd_device(2) num devices(1) new_snd_devices(0)
04-27 12:20:21.442   721   945 D ACDB-LOADER: ACDB -> send_audvoltable
04-27 12:20:21.442   721   945 D ACDB-LOADER: ACDB -> ACDB_CMD_GET_AUDPROC_INSTANCE_GAIN_DEP_STEP_TABLE_SIZE
04-27 12:20:21.442   721   945 D         : Failed to fetch the lookup information of the device 0000000F 
04-27 12:20:21.442   721   945 D ACDB-LOADER: Error: ACDB_CMD_GET_AUDPROC_INSTANCE_GAIN_DEP_STEP_TABLE_SIZE Returned = -19
04-27 12:20:21.442   721   945 D ACDB-LOADER: ACDB -> ACDB_CMD_GET_AUDPROC_INSTANCE_GAIN_DEP_STEP_TABLE, vol index 11
04-27 12:20:21.442  2333  2333 W VRLifecycleManager: onHeadsetMounted
04-27 12:20:21.442   721   945 D         : Failed to fetch the lookup information of the device 0000000F 
04-27 12:20:21.442   721   945 D ACDB-LOADER: Error: ACDB AudProc vol returned = -19
04-27 12:20:21.442   721   945 D ACDB-LOADER: ACDB -> AUDIO_SET_VOL_CAL cal type = 40
04-27 12:20:21.445   850  1237 E TrackingService: attachClient: found client in attached list
04-27 12:20:21.448   850  1237 D TrackingService: getSharedMemory: com.oculus.vrshell, Controller
04-27 12:20:21.470  1027  3946 I DisplayManagerService: Display device added: DisplayDeviceInfo{"com.oculus.android_panel_app.AndroidPanelLayer-tablet": uniqueId="virtual:com.oculus.systemux,10027,com.oculus.android_panel_app.AndroidPanelLayer-tablet,0", 1000 x 625, modeId 30, defaultModeId 30, supportedModes [{id=30, width=1000, height=625, fps=60.0}], colorMode 0, supportedColorModes [0], HdrCapabilities null, density 200, 200.0 x 200.0 dpi, appVsyncOff 0, presDeadline 16666666, touch NONE, rotation 0, type VIRTUAL, state OFF, owner com.oculus.systemux (uid 10027), FLAG_PRIVATE, FLAG_NEVER_BLANK, FLAG_OWN_CONTENT_ONLY}
04-27 12:20:21.475  2968  4645 I chatty  : uid=10020(com.oculus.vrshell) ShellOverlayMai expire 2 lines
04-27 12:20:21.478  2089  3026 I VrGuardianService: GuardianSDKServer::SetGuardianHitDialog2 1
04-27 12:20:21.500  1027  1057 I chatty  : uid=1000(system) android.ui expire 6 lines
04-27 12:20:21.514  2089  3026 I VrGuardianService: GuardianSDKServer::SetGuardianHitDialog2 0
04-27 12:20:21.516  1027  1059 I chatty  : uid=1000(system) android.display expire 5 lines
04-27 12:20:21.517  1027  1059 I ActivityTaskManager: Override config changes=20005df8 {0.0 ?mcc?mnc ?localeList ?layoutDir sw500dp w800dp h500dp 200dpi lrg land ?uimode ?night -touch qwerty/v/v -nav/h winConfig={ mBounds=Rect(0, 0 - 1000, 625) mAppBounds=Rect(0, 0 - 1000, 625) mWindowingMode=fullscreen mDisplayWindowingMode=fullscreen mActivityType=undefined mAlwaysOnTop=undefined mRotation=ROTATION_0}} for displayId=25
04-27 12:20:21.542  2110  2177 W LibraryProvider: Cannot find entitlement for com.UNCWMixedRealityLab.DEVVASCProjectXR
04-27 12:20:21.555  2333  2333 W PartyNativeModuleManager: Calling nativeTearDown but native code wasn't initialized. Noop.
04-27 12:20:21.560  2110  2177 W LibraryProvider: Cannot find entitlement for com.UNCWMixedRealityLab.DEVVASCProjectXR
04-27 12:20:21.579  2110  2177 W LibraryProvider: Cannot find entitlement for com.UNCWMixedRealityLab.DEVVASCProjectXR
04-27 12:20:21.579  2909  4243 I chatty  : uid=10027 com.oculus.systemux:SystemUX expire 1 line
04-27 12:20:21.579  2110  2174 W LibraryProvider: Cannot find entitlement for com.UNCWMixedRealityLab.DEVVASCProjectXR
04-27 12:20:21.584  2333  2333 W PartyNativeModuleManager: Calling nativeTearDown but native code wasn't initialized. Noop.
04-27 12:20:21.587  2089  3026 I VrGuardianService: GuardianSDKServer::SetGuardianHitDialog2 1
04-27 12:20:21.598  2110  2174 W LibraryProvider: Cannot find entitlement for com.UNCWMixedRealityLab.DEVVASCProjectXR
04-27 12:20:21.610  1799  3010 I chatty  : uid=10025(com.oculus.systemdriver) Thread-12 expire 2 lines
04-27 12:20:21.613  1027  1059 I DisplayManagerService: Display device changed state: "com.oculus.android_panel_app.AndroidPanelLayer-tablet", ON
04-27 12:20:21.616  1027  3946 E WindowManager: App trying to use insecure INPUT_FEATURE_NO_INPUT_CHANNEL flag. Ignoring
04-27 12:20:21.713  2909  4649 I chatty  : uid=10027 com.oculus.systemux:SystemUX expire 1 line
04-27 12:20:21.736  3634  4181 I chatty  : uid=10000(com.UNCWMixedRealityLab.DEVVASCProjectXR) expire 9 lines
04-27 12:20:21.879  2089  3026 I VrGuardianService: GuardianSDKServer::SetGuardianHitDialog2 0
04-27 12:20:21.921  2089  3026 I VrGuardianService: GuardianSDKServer::SetGuardianHitDialog2 1
04-27 12:20:22.434  1027  2033 I ActivityManager: Killing 2879:com.oculus.systemutilities/u0a19 (adj 985): empty #17
04-27 12:20:22.458   694   694 I Zygote  : Process 2879 exited due to signal 9 (Killed)
04-27 12:20:22.539  2089  2242 I GuardianInput: RightTrigger down
04-27 12:20:22.678  2089  2242 I GuardianInput: RightTrigger up
04-27 12:20:22.724  1027  3946 I ActivityTaskManager: START u0 {act=android.intent.action.MAIN cat=[android.intent.category.INFO] flg=0x10010000 pkg=com.oculus.vrshell cmp=com.oculus.vrshell/.MainActivity (has extras)} from uid 10020
04-27 12:20:22.728  1027  3946 D ActivityTaskManager: Using main display for VR activity ActivityRecord{6a834ab u0 com.oculus.vrshell/.MainActivity t-1}
04-27 12:20:22.728  1027  3946 I chatty  : uid=1000(system) Binder:1027_F identical 1 line
04-27 12:20:22.729  1027  3946 D ActivityTaskManager: Using main display for VR activity ActivityRecord{6a834ab u0 com.oculus.vrshell/.MainActivity t-1}
04-27 12:20:22.740  2089  3026 I VrGuardianService: GuardianSDKServer::GuardianCmd: 14
04-27 12:20:22.740  2089  3026 I GuardianSystem: GuardianSystem::GuardianCmd CMD_CLEAR_RETURN_PACKAGE
04-27 12:20:22.748  2089  2242 I GuardianJSONHelper: GuardianJSONHelper::WriteGuardianSettings()
04-27 12:20:22.748  2089  2242 V VrGuardianService: VrGuardianService: for user: 0 run: writeUserJSONFile
04-27 12:20:22.748  2089  2242 D VrGuardianUserService: getGuardianFilesDir() /data/user/0/com.oculus.guardian/files/guardian/
04-27 12:20:22.748  2089  2242 D VrGuardianUserService: VrGuardianService: saveUserFile() /data/user/0/com.oculus.guardian/files/guardian/guardian_settings.json
04-27 12:20:22.753  3634  3686 I chatty  : uid=10000(com.UNCWMixedRealityLab.DEVVASCProjectXR) expire 42 lines
04-27 12:20:22.755  2089  3026 I VrGuardianService: GuardianSDKServer::SetGuardianHitDialog2 0
04-27 12:20:22.756  1027  1043 I DisplayManagerService: Display device removed: DisplayDeviceInfo{"com.oculus.android_panel_app.AndroidPanelLayer-tablet": uniqueId="virtual:com.oculus.systemux,10027,com.oculus.android_panel_app.AndroidPanelLayer-tablet,0", 1000 x 625, modeId 30, defaultModeId 30, supportedModes [{id=30, width=1000, height=625, fps=60.0}], colorMode 0, supportedColorModes [0], HdrCapabilities null, density 200, 200.0 x 200.0 dpi, appVsyncOff 0, presDeadline 16666666, touch NONE, rotation 0, type VIRTUAL, state ON, owner com.oculus.systemux (uid 10027), FLAG_PRIVATE, FLAG_NEVER_BLANK, FLAG_OWN_CONTENT_ONLY}
04-27 12:20:22.762   850  1237 I TrackingService: Unregistering client by ITrackingService.unregisterClient
04-27 12:20:22.762   850  1237 I TrackingService: Failed to unregister client because client not found in registered list
04-27 12:20:22.762   850  1237 I chatty  : uid=1000(system) Binder:850_2 identical 2 lines
04-27 12:20:22.762   850  1237 I TrackingService: Failed to unregister client because client not found in registered list
04-27 12:20:22.762   850  1237 D TrackingService: unregister: com.UNCWMixedRealityLab.DEVVASCProjectXR
04-27 12:20:22.766  3634  4180 I chatty  : uid=10000(com.UNCWMixedRealityLab.DEVVASCProjectXR) expire 1 line
04-27 12:20:22.766  1799  3706 I chatty  : uid=10025(com.oculus.systemdriver) com.oculus.vrruntimeservice expire 10 lines
04-27 12:20:22.778  3634  4184 I chatty  : uid=10000(com.UNCWMixedRealityLab.DEVVASCProjectXR) expire 1 line
04-27 12:20:22.779  1799  1994 I chatty  : uid=10025(com.oculus.systemdriver) ClientRequest expire 3 lines
04-27 12:20:22.779  1799  3706 I chatty  : uid=10025(com.oculus.systemdriver) com.oculus.vrruntimeservice expire 2 lines
04-27 12:20:22.781  1275  1275 V AvrcpMediaPlayerList: onPlaybackConfigChanged(): Configs list size=5
04-27 12:20:22.785  1799  4073 I chatty  : uid=10025(com.oculus.systemdriver) com.oculus.vrruntimeservice expire 2 lines
04-27 12:20:22.787   752   752 D SurfaceFlinger: CAC state changed to 0
04-27 12:20:22.791   743  1008 I SDM     : HWDeviceDRM::UpdateMixerAttributes: Mixer WxH 1920x3664-1 for Virtual
04-27 12:20:22.791   743  1008 I SDM     : HWVirtualDRM::SetDisplayAttributes: New WB Resolution: 1920x3664 cur_mode_index 2
04-27 12:20:22.791   743  1008 I SDM     : DisplayVirtual::SetActiveConfig: Virtual display resolution changed to[1920x3664]
04-27 12:20:22.791   743  1008 I SDM     : DisplayBase::SetFrameBufferConfig: New framebuffer resolution (1920x3664)
04-27 12:20:22.791   743  1008 I SDM     : HWCDisplay::SetFrameBufferConfig: New framebuffer resolution (1920x3664)
04-27 12:20:22.792  1027  3156 I chatty  : uid=1000(system) Binder:1027_B expire 1 line
04-27 12:20:22.794  3048  3048 I chatty  : uid=10020(com.oculus.vrshell) ShellMain expire 17 lines
04-27 12:20:22.799   749  1704 D AF::RecordHandle: OpRecordAudio: track:58 uid:10014 pkg:com.oculus.shellenv usage:0 muted
04-27 12:20:22.799   749  1298 D AF::TrackHandle: OpPlayAudio: track:59 uid:10014 pkg:com.oculus.shellenv usage:1 muted
04-27 12:20:22.799   749   992 D AF::TrackHandle: OpPlayAudio: track:67 uid:10020 pkg:com.oculus.vrshell usage:1 not muted
04-27 12:20:22.799   749  3944 D AF::TrackHandle: OpPlayAudio: track:61 uid:10000 pkg:com.UNCWMixedRealityLab.DEVVASCProjectXR usage:1 muted
04-27 12:20:22.800  1799  1799 I chatty  : uid=10025(com.oculus.systemdriver) com.oculus.vrruntimeservice expire 2 lines
04-27 12:20:22.800   749  1704 D AF::RecordHandle: OpRecordAudio: track:58 uid:10014 pkg:com.oculus.shellenv usage:0 muted
04-27 12:20:22.800   749   749 D AF::TrackHandle: OpPlayAudio: track:57 uid:1000 pkg:com.android.networkstack.inprocess usage:13 not muted
04-27 12:20:22.801   749   991 D AF::RecordHandle: OpRecordAudio: track:65 uid:10034 pkg:com.oculus.horizon usage:0 not muted
04-27 12:20:22.802   749   991 D AF::RecordHandle: OpRecordAudio: track:65 uid:10034 pkg:com.oculus.horizon usage:0 not muted
04-27 12:20:22.806  1027  1059 I ActivityManager: Killing 1737:com.oculus.gatekeeperservice/1000 (adj 975): empty #17
04-27 12:20:22.815  1027  1512 I ActivityTaskManager: START u0 {act=android.intent.action.MAIN cat=[android.intent.category.LAUNCHER] flg=0x14000000 pkg=com.oculus.shellenv cmp=com.oculus.shellenv/.ShellEnvActivity (has extras)} from uid 10020
04-27 12:20:22.818   721   947 D msm8974_platform: platform_split_snd_device: snd_device(2) num devices(1) new_snd_devices(0)
04-27 12:20:22.818   721   947 D ACDB-LOADER: ACDB -> send_audvoltable
04-27 12:20:22.818   721   947 D ACDB-LOADER: ACDB -> ACDB_CMD_GET_AUDPROC_INSTANCE_GAIN_DEP_STEP_TABLE_SIZE
04-27 12:20:22.818   721   947 D         : Failed to fetch the lookup information of the device 0000000F 
04-27 12:20:22.818   721   947 D ACDB-LOADER: Error: ACDB_CMD_GET_AUDPROC_INSTANCE_GAIN_DEP_STEP_TABLE_SIZE Returned = -19
04-27 12:20:22.818   721   947 D ACDB-LOADER: ACDB -> ACDB_CMD_GET_AUDPROC_INSTANCE_GAIN_DEP_STEP_TABLE, vol index 9
04-27 12:20:22.818   721   947 D         : Failed to fetch the lookup information of the device 0000000F 
04-27 12:20:22.818   721   947 D ACDB-LOADER: Error: ACDB AudProc vol returned = -19
04-27 12:20:22.818   721   947 D ACDB-LOADER: ACDB -> AUDIO_SET_VOL_CAL cal type = 40
04-27 12:20:22.818  1027  1512 D ActivityTaskManager: Using main display for VR activity ActivityRecord{970db52 u0 com.oculus.shellenv/.ShellEnvActivity t-1}
04-27 12:20:22.818  1027  1512 D ActivityTaskManager: Using main display for VR activity ActivityRecord{970db52 u0 com.oculus.shellenv/.ShellEnvActivity t-1}
04-27 12:20:22.833   749  3944 D AF::RecordHandle: OpRecordAudio: track:58 uid:10014 pkg:com.oculus.shellenv usage:0 not muted
04-27 12:20:22.834   749  3944 D AF::RecordHandle: OpRecordAudio: track:58 uid:10014 pkg:com.oculus.shellenv usage:0 not muted
04-27 12:20:22.834   749  1704 D AF::TrackHandle: OpPlayAudio: track:59 uid:10014 pkg:com.oculus.shellenv usage:1 not muted
04-27 12:20:22.834   694   694 I Zygote  : Process 1737 exited due to signal 9 (Killed)
04-27 12:20:22.834   749   992 D AF::RecordHandle: OpRecordAudio: track:65 uid:10034 pkg:com.oculus.horizon usage:0 not muted
04-27 12:20:22.834   749   749 D AF::TrackHandle: OpPlayAudio: track:67 uid:10020 pkg:com.oculus.vrshell usage:1 not muted
04-27 12:20:22.834   749   991 D AF::TrackHandle: OpPlayAudio: track:57 uid:1000 pkg:com.android.networkstack.inprocess usage:13 not muted
04-27 12:20:22.834   749   992 D AF::RecordHandle: OpRecordAudio: track:65 uid:10034 pkg:com.oculus.horizon usage:0 not muted
04-27 12:20:22.835   749  1298 D AF::TrackHandle: OpPlayAudio: track:61 uid:10000 pkg:com.UNCWMixedRealityLab.DEVVASCProjectXR usage:1 muted
04-27 12:20:22.866   721   947 D msm8974_platform: platform_split_snd_device: snd_device(2) num devices(1) new_snd_devices(0)
04-27 12:20:22.892  3048  3214 I chatty  : uid=10020(com.oculus.vrshell) ShellMainVR expire 173 lines
04-27 12:20:22.894  3134  3134 D ActivityLifecycleListener: onActivityResumed
04-27 12:20:22.895  3134  4665 D ActivityLifecycleListener: activity=com.oculus.shellenv.ShellEnvActivity@38815a8, resumed=true
04-27 12:20:22.895  3134  4665 D ActivityLifecycleListener: Activity ready after 0ms
04-27 12:20:22.895  3134  4665 I OpenXR  : nativeOnActivityReady
04-27 12:20:22.924  3134  3161 I Clay    : BaseApp: Hibernate transition Unhibernate
04-27 12:20:22.924  3134  3161 I Clay    : SoundSystem: setPaused(false), m_paused=true
04-27 12:20:22.925  1275  1275 V AvrcpMediaPlayerList: onPlaybackConfigChanged(): Configs list size=5
04-27 12:20:22.930   749   991 W AudioFlinger: moveEffectChain_l() effect chain for session 0 not on source thread 0x7b67e53500
04-27 12:20:22.931  3134  3161 I Clay    : EnvironmentSystem: computed visibility changed from Unload to Visible (reason: <none>)
04-27 12:20:22.932  3134  3161 I OpenXR  : PostSessionStateChange: XR_SESSION_STATE_IDLE -> XR_SESSION_STATE_READY
04-27 12:20:22.932  3134  3161 I Clay    : xrPollEvent: REFERENCE_SPACE_CHANGE_PENDING
04-27 12:20:22.932  3134  3161 I Clay    : xrPollEvent: DISPLAY_REFRESH_RATE_CHANGED_FB: 90.000000 -> 72.000000
04-27 12:20:22.932  3134  3161 I Clay    : xrPollEvent: SESSION_STATE_CHANGED: READY
04-27 12:20:22.932  3134  3161 I Clay    : Entering VR mode: cpu=-1, gpu=-1, perf threads: main=3161, gpu=unset
04-27 12:20:22.932  3134  3161 I OpenXR  : ------------ xrBeginSession [start] -----------
04-27 12:20:22.932  3134  3161 I VrRuntimeClient: Tracing is disabled
04-27 12:20:22.932  3134  3161 I VrRuntimeClient: SysProp debug mode is disabled on Client side
04-27 12:20:22.932   721  3275 D audio_hw_primary: start_output_stream: enter: stream(0xf4552800)usecase(0: deep-buffer-playback) devices(0x2) is_haptic_usecase(0)
04-27 12:20:22.932   721  3275 I audio_hw_primary: select_devices for use case (deep-buffer-playback)
04-27 12:20:22.932   721  3275 I msm8974_platform: platform_check_and_set_codec_backend_cfg:becf: afe: bitwidth 16, samplerate 48000 channels 2, backend_idx 0 usecase = 0 device (speaker)
04-27 12:20:22.932   721  3275 D msm8974_platform: platform_split_snd_device: snd_device(2) num devices(1) new_snd_devices(0)
04-27 12:20:22.932   721  3275 I msm8974_platform: platform_check_and_set_codec_backend_cfg: new_snd_devices[0] is 2
04-27 12:20:22.932   721  3275 I msm8974_platform: platform_check_codec_backend_cfg:becf: afe: bitwidth 16, samplerate 48000 channels 2, backend_idx 0 usecase = 0 device (speaker)
04-27 12:20:22.932   721  3275 D msm8974_platform: platform_check_codec_backend_cfg:napb: (0) - (low-latency-playback)id (1) sr 48000 bw (16) ch (2) device speaker
04-27 12:20:22.933  3134  3161 D VrApi   : targetSDKVersion 29
04-27 12:20:22.933   721  3275 D audio_hw_extn: audio_extn_enable_hifi_filter: mixer_value set 0
04-27 12:20:22.933   721  3275 D msm8974_platform: platform_check_codec_backend_cfg:becf: updated afe: bitwidth 16, samplerate 48000 channels 2,backend_idx 0 usecase = 0 device (speaker)
04-27 12:20:22.933   721  3275 D msm8974_platform: platform_check_codec_backend_cfg:becf: afe: playback on codec device not supporting native playback set default Sample Rate(48k)
04-27 12:20:22.933   721  3275 I msm8974_platform: platform_check_codec_backend_cfg:becf: afe: Codec selected backend: 0 updated bit width: 16 and sample rate: 48000
04-27 12:20:22.933   721  3275 D audio_hw_primary: check_usecases_codec_backend:becf: force routing 0
04-27 12:20:22.933   721  3275 D audio_hw_primary: check_usecases_codec_backend:becf: (75) check_usecases curr device: speaker, usecase device:speaker backends match 1
04-27 12:20:22.933   721  3275 E msm8974_platform: platform_check_backends_match: Invalid snd_device = 
04-27 12:20:22.933   721  3275 D audio_hw_primary: check_usecases_codec_backend:becf: (75) check_usecases curr device: speaker, usecase device: backends match 0
04-27 12:20:22.933   721  3275 D audio_hw_primary: check_usecases_codec_backend:becf: check_usecases num.of Usecases to switch 0
04-27 12:20:22.933   721  3275 D hardware_info: hw_info_append_hw_type : device_name = speaker
04-27 12:20:22.933   721  3275 D msm8974_platform: platform_split_snd_device: snd_device(2) num devices(0) new_snd_devices(0)
04-27 12:20:22.933   721  3275 I audio_hw_utils: audio_extn_utils_update_stream_output_app_type_cfg Allowing 24 and above bits playback on speaker ONLY at default sampling rate
04-27 12:20:22.933   721  3275 D audio_hw_utils: audio_extn_utils_send_app_type_cfg: usecase->out_snd_device speaker
04-27 12:20:22.933   721  3275 D msm8974_platform: platform_split_snd_device: snd_device(2) num devices(0) new_snd_devices(0)
04-27 12:20:22.933   721  3275 D audio_hw_utils: audio_extn_btsco_get_sample_rate:Not a BT SCO device, need not update sampling rate
04-27 12:20:22.934   721  3275 I audio_hw_utils: send_app_type_cfg_for_device PLAYBACK app_type 69936, acdb_dev_id 15, sample_rate 48000, snd_device_be_idx 43
04-27 12:20:22.934   721  3275 D msm8974_platform: platform_split_snd_device: snd_device(2) num devices(1) new_snd_devices(0)
04-27 12:20:22.934   721  3275 D audio_hw_utils: audio_extn_btsco_get_sample_rate:Not a BT SCO device, need not update sampling rate
04-27 12:20:22.934   721  3275 D ACDB-LOADER: ACDB -> send_audio_cal, acdb_id = 15, path = 0, app id = 0x11130, sample rate = 48000, afe_sample_rate = 48000
04-27 12:20:22.934   721  3275 D ACDB-LOADER: ACDB -> send_asm_topology
