04-27 12:20:42.401   850   850 D SensorClientUtils: Received transition request to SLEEP current is STANDBY
04-27 12:20:42.401   850   850 D SensorClientUtils: Executing transition from STANDBY to SLEEP
04-27 12:20:42.401   850   850 D SensorClientUtils: Setting power state to STANDBY
04-27 12:20:42.401   850   850 D OVRRemoteService: [controller] RUNNING -> STANDBY
04-27 12:20:42.401   850   850 D SensorClientUtils: Scheduling delayed transition to SLEEP in 120000ms
04-27 12:20:42.401   850  1018 I TrackingService: [     controller] RUNNING -> STANDBY transition time: 0 ms
04-27 12:20:42.401   850  1018 I [CT]    : ObjectTrackingCapabilityTranslation: onSuspend
04-27 12:20:42.401   741  4070 I FrameSetDispatcher: [HEADSET] Client thread stopping
04-27 12:20:42.402   741   741 I FrameSetDispatcher: [HEADSET] Client thread joined
04-27 12:20:42.402   741   741 I CameraClientManager: [HEADSET] Removed client - started clients: 1
04-27 12:20:42.402   721  4008 W DeviceHAL: Error from HAL Device in function get_mic_mute: Function not implemented
04-27 12:20:42.402   850  1018 I TrackingService: [         object] RUNNING -> STANDBY transition time: 0 ms
04-27 12:20:42.402   850  1018 I TrackingService: [           hand] RUNNING -> STANDBY transition time: 0 ms
04-27 12:20:42.402   850  1018 I [CT]    : ConstellationTrackingCapabilityTranslation: onSuspend
04-27 12:20:42.402   721  4008 W DeviceHAL: Error from HAL Device in function get_mic_mute: Function not implemented
04-27 12:20:42.402   741  4068 I FrameSetDispatcher: [CONTROLLER] Client thread stopping
04-27 12:20:42.402   741   741 I FrameSetDispatcher: [CONTROLLER] Client thread joined
04-27 12:20:42.402   741   741 I CameraClientManager: [CONTROLLER] Removed client - started clients: 0
04-27 12:20:42.402   850  1018 I TrackingService: [  constellation] RUNNING -> STANDBY transition time: 0 ms
04-27 12:20:42.402   850  1018 I [CT]    : SpatialPersistenceCapabilityImpl: onSuspend
04-27 12:20:42.402   850  1018 I [CT]    : InternalAnchorApiServerCapabilityImpl: onSuspend
04-27 12:20:42.402   850  1018 I [CT]    : InsideOutTrackingCapabilityTranslation: onSuspend
04-27 12:20:42.402   850  1018 I [CT]    : VisionInterface: Deactivating IO Engine
04-27 12:20:42.405   803   803 D NuPlayerDriver: NuPlayerDriver(0xf762e5a0) created, clientPid(1027)
04-27 12:20:42.405  1275  1275 V AvrcpMediaPlayerList: onPlaybackConfigChanged(): Configs list size=4
04-27 12:20:42.405   721  4008 D audio_hw_primary: adev_set_mic_mute state 1
04-27 12:20:42.405   721  4008 W DeviceHAL: Error from HAL Device in function set_mic_mute: Function not implemented
04-27 12:20:42.405   721  4008 W DeviceHAL: Error from HAL Device in function set_mic_mute: Function not implemented
04-27 12:20:42.405  1027  3842 E AudioSystem-JNI: Command failed for android_media_AudioSystem_muteMicrophone: -38
04-27 12:20:42.406  1027  3842 W ContextImpl: Calling a method in the system process without a qualified user: android.app.ContextImpl.sendBroadcast:1057 com.android.server.audio.AudioService.setMicrophoneMuteNoCallerCheck:2891 com.android.server.audio.AudioService.setMicrophoneMute:2877 android.media.IAudioService$Stub.onTransact:1113 android.os.Binder.execTransactInternal:1021 
04-27 12:20:42.408   803   803 I Codec2Client: Creating a Codec2 client to service "software"
04-27 12:20:42.410   803   803 I Codec2Client: Client to Codec2 service "software" created
04-27 12:20:42.414   803  4869 D GenericSource: FileSource remote
04-27 12:20:42.415   850  4063 I [CT]    : VIPER:ANCHOR_MANAGER: AnchorManager switched maps to 8cff72e5-cf69-ad6b-8c8e-1918ae51746d
04-27 12:20:42.415  1799  1799 D VrRuntimeService: Received broadcast: android.intent.action.SCREEN_OFF
04-27 12:20:42.416  1799  1799 I VrRuntimeService: nativeScreenStateChanged to off
04-27 12:20:42.416  1799  1799 I VrRuntimeService: Service entering STANDBY Mode
04-27 12:20:42.416  1799  1799 I ClientMgr: ClientMgr: SUSPENDING operation
04-27 12:20:42.416  1799  1799 I @@@     : PerformanceManager_V0::Suspend
04-27 12:20:42.416  1799  1799 I VrRuntimeServer: DisableCompositorClient: 0
04-27 12:20:42.416  1799  1799 I TimeWarpClientMgr: Disable client 0
04-27 12:20:42.416  1799  1799 I TimeWarpClientMgr: DisableClient: frame flush required: 1
04-27 12:20:42.416  1799  1799 I TREX    : Suspending update thread...
04-27 12:20:42.416  1799  1799 I ClientMgr: ClientMgr: Suspend complete
04-27 12:20:42.416  1799  1799 I VrRuntimeServer: RuntimeServer: Suspending operation
04-27 12:20:42.416  1876  4870 I OSUpdateService: Intent with action system_interactive_changed
04-27 12:20:42.416  2089  2242 I GuardianSystem: runtimeServiceSDKClient_.SuspendResumeEvent: 1
04-27 12:20:42.416  2089  2242 I GuardianSystem: GuardianSystem: SUSPENDING operation
04-27 12:20:42.416  1799  1799 I VrRuntimeDeviceConfigClient: GetBoolean: oculus_mobile_allow_suspend_event 0
04-27 12:20:42.416  1799  1799 I TimeWarp: ------------- ~TimeWarpLocal() Start -------------
04-27 12:20:42.416  1799  1799 I TimeWarp: pthread_join() called
04-27 12:20:42.417  2089  2242 I GuardianTelemetry: OVR::Telemetry Guardian Stats thread stopped
04-27 12:20:42.417  2089  2242 I GuardianPassthroughOnDemand: GuardianPassthroughOnDemand: remove DoubleTap listener
04-27 12:20:42.419  2211  2211 V DeviceLifecycleManager: screen state: ACTION_SCREEN_OFF
04-27 12:20:42.421  1624  1624 I [CT]    : MIXEDREALITY: MrService: ScreenStateChanged: false
04-27 12:20:42.421  1624  1624 I [CT]    : MIXEDREALITY: MrService: onSleep
04-27 12:20:42.422  2968  2968 D [OAO] BaseOverlayService: screenStateReceiver Received broadcast: android.intent.action.SCREEN_OFF
04-27 12:20:42.423  2968  2968 D [OAO] ShellOverlayService: onScreenStateChanged: false
04-27 12:20:42.423  2968  2968 I [OAO] ShellOverlayServiceJNI: NativeSendOverlayCommand
04-27 12:20:42.423  2968  2968 I [OAO] ShellOverlayServiceJNI: NativeWake
04-27 12:20:42.423  2968  2968 I [OAO] ShellOverlayMain: WakeVrThread
04-27 12:20:42.423  2968  2968 I [OAO] ShellOverlayMain: WakeVrThread - notifying vr thread
04-27 12:20:42.423  2968  3012 I [OAO] ShellOverlayApp: VrThread woke up
04-27 12:20:42.423  2968  3012 I [OAO] ShellOverlayApp: 0xc43d1c08 msg: overlayCommand:
04-27 12:20:42.423  2968  3012 I [OAO] ShellOverlayApp: command = screenStateChanged
04-27 12:20:42.423  2968  3012 I [OAO] ShellOverlayApp: state = 0
04-27 12:20:42.423  2968  3012 I [OAO] ShellOverlayApp: Process_OverlayCommand command : screenStateChanged
04-27 12:20:42.423  2968  3012 I [OAO] ShellOverlayApp: screenStateChanged message received
04-27 12:20:42.423  2968  3012 I [OAO] VrPlatformOpenXr: xrPollEvent: received XR_TYPE_EVENT_DATA_DISPLAY_REFRESH_RATE_CHANGED_FB event: fromRate 90.000000 -> toRate 72.000000
04-27 12:20:42.423  2968  3012 I [OAO] ShellOverlayApp: ResolveDeviceState: change from WaitingForSleep to Sleep
04-27 12:20:42.423  2968  3012 I [OAO] ShellOverlayApp: ResolveDeviceState: isWakingOrUnlockingIntoWake : 0
04-27 12:20:42.423  2968  3012 I [OAO] ShellOverlayApp: ResolveDeviceState: interactionState : None
04-27 12:20:42.423  2968  3012 I [OAO] ShellOverlayApp: Start sleep timeout. Now:274.599465, Timeout:276.599465
04-27 12:20:42.424  1624  2564 I [CT]    : MIXEDREALITY: MrServiceView: Notifying onPause
04-27 12:20:42.425  1275  1275 V AvrcpMediaPlayerList: onPlaybackConfigChanged(): Configs list size=4
04-27 12:20:42.425  1876  4870 I IdleMonitor: Scheduling idle alarm for 120 seconds from screen off
04-27 12:20:42.426  1624  2564 I [CT]    : MIXEDREALITY: MrRuntimeImpl: onPause: Paused. Target device 2.
04-27 12:20:42.426   846  2615 I [CT]    : MIXEDREALITY: MrSystemServiceIPCServer: MrSystemServiceIPCServer::MrComputeCommand from 3925051442, request was 26103866/1
04-27 12:20:42.426   846  2615 I [CT]    : MIXEDREALITY: ServiceLogic: onIpcCommand: client 3925051442, request 1
04-27 12:20:42.426   846  2615 I [CT]    : MIXEDREALITY: MrRuntimeCompute: onPause: Paused. Target device 2.
04-27 12:20:42.426   846  2615 I [CT]    : MIXEDREALITY: MrRuntimeCompute: onPause: Pausing Stereo Pipeline.
04-27 12:20:42.426  1624  2564 I [CT]    : MIXEDREALITY: MrSystemServiceClientBase: sendIpcEventAndWait: IPCCall result: 0 in 0.000260416 seconds.
04-27 12:20:42.426   846  2615 I [CT]    : MIXEDREALITY: MrSystemServiceIPCServer: MrSystemServiceIPCServer::MrComputeCommand from 3925051442, request was 26103866/3
04-27 12:20:42.426   846  2615 I [CT]    : MIXEDREALITY: ServiceLogic: onIpcCommand: client 3925051442, request 3
04-27 12:20:42.426  1624  2564 I [CT]    : MIXEDREALITY: MrSystemServiceClientBase: sendIpcEventAndWait: IPCCall result: 0 in 6.3073e-05 seconds.
04-27 12:20:42.426  1624  2564 I [CT]    : MIXEDREALITY: MrSvc: PassthroughPresentationLayerImpl: Deallocating framebuffers for layer -1.
04-27 12:20:42.426   803  4868 I GenericSource: start
04-27 12:20:42.427  1799  4073 I TimeWarp: ShutdownRequest received
04-27 12:20:42.427   872  3231 E VrApiService: Error set scheduler for process 1799 thread 4853 to 2 : No such process (3)
04-27 12:20:42.427  1799  4073 I TimeWarp: SetSchedFifo( tid=4853, pol=2, pri=0 ) succeeded
04-27 12:20:42.428  1799  4073 I TimeWarp: WarpThreadShutdown()
04-27 12:20:42.428   850  1018 I [CT]    : TELEMETRY_COLLECTOR: Stopping periodic telemetry polling.
04-27 12:20:42.428  1027  1027 V MediaRouter: Selecting route: RouteInfo{ name=Phone, description=null, status=null, category=RouteCategory{ name=System types=ROUTE_TYPE_LIVE_AUDIO ROUTE_TYPE_LIVE_VIDEO  groupable=false }, supportedTypes=ROUTE_TYPE_LIVE_AUDIO ROUTE_TYPE_LIVE_VIDEO , presentationDisplay=null }
04-27 12:20:42.430  3048  3048 D [SEO] BaseOverlayService: screenStateReceiver Received broadcast: android.intent.action.SCREEN_OFF
04-27 12:20:42.430  1799  4073 I ScreenCaptureVideo: Destroying ScreenCaptureVideo
04-27 12:20:42.430  1799  4073 I SwapChain_Surface: DetachSurfaceSwapChainGLES: detaching 0x70e3db5000 with SurfaceTexture 0x26a6
04-27 12:20:42.430  1799  4073 I SwapChain_Surface: DetachSurfaceSwapChainGLES: 0x70e417b000 with SurfaceTexture 0x26e6 not attached
04-27 12:20:42.430  1799  4073 I SpaceWarp: ASW: SpaceWarp instance destroyed
04-27 12:20:42.430  1799  4073 I TimeWarp: Destroying 22 layer programs
04-27 12:20:42.431  1799  4073 I DirectRender: 0x7155f7e150 DirectRender::Shutdown
04-27 12:20:42.431  1799  4073 I DirectRender: Setting auto refresh on surface 0x7155f67900 to 0
04-27 12:20:42.431  1799  4073 I DirectRender: Restoring EGL_RENDER_BUFFER to 12420
04-27 12:20:42.432  1897  1897 W VRLifecycleManager: onVRSessionEnded
04-27 12:20:42.434  1799  4073 I DirectRender: 0x7155f7e188 DirectRender::Shutdown
04-27 12:20:42.434  1799  4073 I DirectRender: Setting auto refresh on surface 0x70fa398e00 to 0
04-27 12:20:42.434  1799  4073 I DirectRender: Restoring EGL_RENDER_BUFFER to 12420
04-27 12:20:42.435  1799  4073 I DirectRender: 0x7155f7e1c0 DirectRender::Shutdown
04-27 12:20:42.435  1799  4073 I TimeWarp: WarpThreadShutdown() - End
04-27 12:20:42.435  1799  4073 I TimeWarp: Exiting WarpThreadLoop()
04-27 12:20:42.435  1799  1799 I TimeWarp: pthread_join() returned
04-27 12:20:42.436   803  4874 D CCodec  : allocate(c2.android.vorbis.decoder)
04-27 12:20:42.438   838   838 V C2Store : in init
04-27 12:20:42.438   838   838 V C2Store : loading dll
04-27 12:20:42.441   803  4874 I CCodec  : Created component [c2.android.vorbis.decoder]
04-27 12:20:42.442   803  4874 D CCodecConfig: read media type: audio/vorbis
04-27 12:20:42.442  1560  1560 D OculusNotificationListenerService: Notification removed: 0|com.oculus.horizon|135234|null|10034
04-27 12:20:42.444  2909  2909 D [SUI] NotificationBroadcastReceiver: action: com.oculus.intent.action.NOTIF_CHANGE
04-27 12:20:42.445   803  4874 D ReflectedParamUpdater: extent() != 1 for single value type: algo.buffers.max-count.values
04-27 12:20:42.445   803  4874 D ReflectedParamUpdater: extent() != 1 for single value type: output.subscribed-indices.values
04-27 12:20:42.445   803  4874 D ReflectedParamUpdater: extent() != 1 for single value type: input.buffers.allocator-ids.values
04-27 12:20:42.446   803  4874 D ReflectedParamUpdater: extent() != 1 for single value type: output.buffers.allocator-ids.values
04-27 12:20:42.446   803  4874 D ReflectedParamUpdater: extent() != 1 for single value type: algo.buffers.allocator-ids.values
04-27 12:20:42.446   803  4874 D ReflectedParamUpdater: extent() != 1 for single value type: output.buffers.pool-ids.values
04-27 12:20:42.446   803  4874 D ReflectedParamUpdater: extent() != 1 for single value type: algo.buffers.pool-ids.values
04-27 12:20:42.448   803  4874 I CCodecConfig: query failed after returning 7 values (BAD_INDEX)
04-27 12:20:42.448  2968  2968 D VrNotificationAnalytics: logNotificationRemoved(first_party_unspecified)
04-27 12:20:42.448  2968  2968 E AnalyticsEvent: could not set key=notification_tag value=null
04-27 12:20:42.448   803  4874 D CCodecConfig: c2 config diff is Dict {
04-27 12:20:42.448   803  4874 D CCodecConfig:   c2::u32 coded.bitrate.value = 64000
04-27 12:20:42.448   803  4874 D CCodecConfig:   c2::u32 input.buffers.max-size.value = 32768
04-27 12:20:42.448   803  4874 D CCodecConfig:   c2::u32 input.delay.value = 0
04-27 12:20:42.448   803  4874 D CCodecConfig:   string input.media-type.value = "audio/vorbis"
04-27 12:20:42.448   803  4874 D CCodecConfig:   string output.media-type.value = "audio/raw"
04-27 12:20:42.448   803  4874 D CCodecConfig:   c2::u32 raw.channel-count.value = 1
04-27 12:20:42.448   803  4874 D CCodecConfig:   c2::u32 raw.sample-rate.value = 48000
04-27 12:20:42.448   803  4874 D CCodecConfig: }
04-27 12:20:42.450  1897  4876 I OVRPlatform: [AudioManager] SetHeadsetMounted: false
04-27 12:20:42.450  1897  4876 I OVRPlatform: [AudioManager] Current headsetMounted_ false
04-27 12:20:42.450  1897  4876 I OVRPlatform: [AudioManager] Current headphoneStatus_: DISCONNECTED
04-27 12:20:42.451  1897  4876 D PlatformPlugin: [PlatformPluginManager] Acquiring lock: nativeTearDown
04-27 12:20:42.451  1897  4876 D PlatformPlugin: [PlatformPluginManager] Successfully acquired lock: nativeTearDown
04-27 12:20:42.451   803  4874 D CCodecConfig: no c2 equivalents for durationUs
04-27 12:20:42.451  1897  4876 I PlatformPlugin: [PlatformPluginManager] Teardown
04-27 12:20:42.451   803  4874 D CCodecConfig: no c2 equivalents for csd-1
04-27 12:20:42.451   803  4874 D CCodecConfig: no c2 equivalents for channel-mask
04-27 12:20:42.451   803  4874 D CCodecConfig: c2 config diff is   c2::u32 raw.channel-count.value = 2
04-27 12:20:42.452  2968  2968 I [OAO] VrNotificationListenerService: onNotificationRemoved() - key = 0|com.oculus.horizon|135234|null|10034, type = first_party_unspecified
04-27 12:20:42.453   803  4874 W Codec2Client: query -- param skipped: index = 1107298332.
04-27 12:20:42.453   803  4874 D CCodec  : setup formats input: AMessage(what = 0x00000000) = {
04-27 12:20:42.453   803  4874 D CCodec  :   int32_t channel-count = 2
04-27 12:20:42.453   803  4874 D CCodec  :   int32_t max-input-size = 32768
04-27 12:20:42.453   803  4874 D CCodec  :   string mime = "audio/vorbis"
04-27 12:20:42.453   803  4874 D CCodec  :   int32_t sample-rate = 48000
04-27 12:20:42.453   803  4874 D CCodec  : } and output: AMessage(what = 0x00000000) = {
04-27 12:20:42.453   803  4874 D CCodec  :   int32_t channel-count = 2
04-27 12:20:42.453   803  4874 D CCodec  :   string mime = "audio/raw"
04-27 12:20:42.453   803  4874 D CCodec  :   int32_t sample-rate = 48000
04-27 12:20:42.453   803  4874 D CCodec  :   int32_t channel-mask = 3
04-27 12:20:42.453   803  4874 D CCodec  : }
04-27 12:20:42.453   803  4874 I MediaCodec: MediaCodec will operate in async mode
04-27 12:20:42.453   803  4874 W Codec2Client: query -- param skipped: index = 1342179345.
04-27 12:20:42.454   803  4874 W Codec2Client: query -- param skipped: index = 2415921170.
04-27 12:20:42.455   850  1018 I [CT]    : NIMBLE:HLOG: NimbleTelemetryAggregator::populateTelemetry
04-27 12:20:42.455  2968  2968 D DeviceHelper: isScreenOn = false
04-27 12:20:42.456   838   838 D BufferPoolAccessor: bufferpool2 0x2facf75630 : 0(0 size) total buffers - 0(0 size) used buffers - 10/13 (recycle/alloc) - 3/12 (fetch/transfer)
04-27 12:20:42.456   838   838 D BufferPoolAccessor: Destruction - bufferpool2 0x2facf75630 cached: 0/0M, 0/0% in use; allocs: 13, 77% recycled; transfers: 12, 75% unfetced
04-27 12:20:42.456   803  4874 D CCodecBufferChannel: [c2.android.vorbis.decoder#230] Created input block pool with allocatorID 16 => poolID 19 - OK (0)
04-27 12:20:42.456  2968  2968 D [OAO] ShellOverlayBroadcastReceiver: onReceive with ShellOverlayService native pointer 3988891480, action com.oculus.vrshell.intent.action.DISMISS_NOTIFICATION
04-27 12:20:42.457  2909  3370 D BufferPoolAccessor: bufferpool2 0x715878bc20 : 0(0 size) total buffers - 0(0 size) used buffers - 0/5 (recycle/alloc) - 4/8 (fetch/transfer)
04-27 12:20:42.457  2909  3370 D BufferPoolAccessor: Destruction - bufferpool2 0x715878bc20 cached: 0/0M, 0/0% in use; allocs: 5, 0% recycled; transfers: 8, 50% unfetced
04-27 12:20:42.457  3134  3390 D BufferPoolAccessor: bufferpool2 0x70c42c3220 : 0(0 size) total buffers - 0(0 size) used buffers - 1/7 (recycle/alloc) - 2/4 (fetch/transfer)
04-27 12:20:42.457  3134  3390 D BufferPoolAccessor: Destruction - bufferpool2 0x70c42c3220 cached: 0/0M, 0/0% in use; allocs: 7, 14% recycled; transfers: 4, 50% unfetced
04-27 12:20:42.457  3134  3390 D BufferPoolAccessor: bufferpool2 0x70c30b7a20 : 0(0 size) total buffers - 0(0 size) used buffers - 2/9 (recycle/alloc) - 7/40 (fetch/transfer)
04-27 12:20:42.457  3134  3390 D BufferPoolAccessor: Destruction - bufferpool2 0x70c30b7a20 cached: 0/0M, 0/0% in use; allocs: 9, 22% recycled; transfers: 40, 83% unfetced
04-27 12:20:42.457   803  4874 I CCodecBufferChannel: [c2.android.vorbis.decoder#230] Created output block pool with allocatorID 16 => poolID 41 - OK
04-27 12:20:42.457  3134  3390 D BufferPoolAccessor: bufferpool2 0x70c2fe9020 : 0(0 size) total buffers - 0(0 size) used buffers - 1/7 (recycle/alloc) - 2/4 (fetch/transfer)
04-27 12:20:42.457  3134  3390 D BufferPoolAccessor: Destruction - bufferpool2 0x70c2fe9020 cached: 0/0M, 0/0% in use; allocs: 7, 14% recycled; transfers: 4, 50% unfetced
04-27 12:20:42.457   803  4874 D CCodecBufferChannel: [c2.android.vorbis.decoder#230] Configured output block pool ids 41 => OK
04-27 12:20:42.457  3134  3390 D BufferPoolAccessor: bufferpool2 0x70c2fe9220 : 0(0 size) total buffers - 0(0 size) used buffers - 3/9 (recycle/alloc) - 6/30 (fetch/transfer)
04-27 12:20:42.457  3134  3390 D BufferPoolAccessor: Destruction - bufferpool2 0x70c2fe9220 cached: 0/0M, 0/0% in use; allocs: 9, 33% recycled; transfers: 30, 80% unfetced
04-27 12:20:42.458  2968  2968 I [OAO] ShellOverlayServiceJNI: NativeWake
04-27 12:20:42.458  2968  2968 I [OAO] ShellOverlayMain: WakeVrThread
04-27 12:20:42.458  2968  2968 I [OAO] ShellOverlayMain: WakeVrThread - notifying vr thread
04-27 12:20:42.459  3048  3048 D [SEO] ShellControlProtectedReceiver: onReceive with MainActivity native pointer 3988864312, action com.oculus.vrshell.intent.action.DISMISS_NOTIFICATION
04-27 12:20:42.462  3048  3048 D DeviceHelper: isScreenOn = false
04-27 12:20:42.464   838  4875 D SimpleC2Component: Using output block pool with poolID 41 => got 41 - 0
04-27 12:20:42.468  1799  1799 I CompositorTiming: ---------------- CompositorTiming::Shutdown ----------------
04-27 12:20:42.468  1799  1799 I Vsync   : ---------------- Vsync::Shutdown ----------------
04-27 12:20:42.468  1799  1799 I Vsync   : Measured display refresh rate = 71.83 Hz
04-27 12:20:42.468  1799  1799 I Vsync   : Closed /sys/class/drm/sde-crtc-0/lineptr_event
04-27 12:20:42.468  1799  1799 I TimeWarp: ------------- ~TimeWarpLocal() End -------------
04-27 12:20:42.468  1799  1799 I TelemetryServer: StopTelemetryServer start
04-27 12:20:42.468  1799  1799 I TelemetryServer: StopTelemetryServer end - 0.30ms
04-27 12:20:42.474  2968  3012 I [OAO] ShellOverlayApp: 0xc43d1c08 msg: broadcastIntent:
04-27 12:20:42.474  2968  3012 I [OAO] ShellOverlayApp: intent_action = com.oculus.vrshell.intent.action.DISMISS_NOTIFICATION
04-27 12:20:42.474  2968  3012 I [OAO] ShellOverlayApp: status_bar_notification = 0|com.oculus.horizon|135234|null|10034
04-27 12:20:42.474  2968  3012 I [OAO] ShellOverlayApp: ProcessMessage_Broadcast: com.oculus.vrshell.intent.action.DISMISS_NOTIFICATION
04-27 12:20:42.493   721  4008 I audio_hw_primary: getting vr mode to 0
04-27 12:20:42.494   749   992 I AudioPolicyManagerCustom: VR mode is 0, switch to primary output if request is for fast|raw
04-27 12:20:42.494   749   992 I AudioPolicyManagerCustom: FLAG None hence request for a primary output
04-27 12:20:42.494   749   992 D AudioFlinger: Client defaulted notificationFrames to 12000 for frameCount 24000
04-27 12:20:42.495   749   992 D AF::TrackHandle: OpPlayAudio: not muting track:70 flags 0xc40 have FLAG_BYPASS_INTERRUPTION_POLICY
04-27 12:20:42.500   803  4872 D AudioTrack: getTimestamp_l(29): device stall time corrected using current time 274676039789
04-27 12:20:42.502   803  4874 D CCodecBufferChannel: [c2.android.vorbis.decoder#230] buffers after EOS ignored (0 us)
04-27 12:20:42.502   803  4874 I chatty  : uid=1013(media) /system/bin/mediaserver identical 1 line
04-27 12:20:42.502   803  4874 D CCodecBufferChannel: [c2.android.vorbis.decoder#230] buffers after EOS ignored (0 us)
04-27 12:20:42.503   803  4872 D AudioTrack: stop(29): called with 11233 frames delivered
04-27 12:20:42.519   741  4040 I FrameSetDispatcher: [HEADSET] Client thread stopping
04-27 12:20:42.519   741   741 I FrameSetDispatcher: [HEADSET] Client thread joined
04-27 12:20:42.519   741   741 I CameraClientManager: [HEADSET] Removed client - started clients: 0
04-27 12:20:42.536   741  4061 E HollywoodCameraProvider: Frame marked invalid by frame set generator
04-27 12:20:42.581   850  1227 W [CT]    : CONSTELLATION: R: Lost position tracking, waiting for 6DoF reset: [#VisionUp=1618, #RelUp=404, VelNorm=0.000, CurTimeDur=0.20s, DurThresh=0.2s]
04-27 12:20:42.607   741  1217 I SyncBossFW:  269357 [info   ] {APPI}: Stopping camera streaming
04-27 12:20:42.607   741  1217 I SyncBossFW:  269359 [info   ] {BCAM}: Camera streaming stopped
04-27 12:20:42.620  2089  2242 I GuardianSystem: Starting pause
04-27 12:20:42.621  1624  2577 I [CT]    : MIXEDREALITY: MrClientModelStates: setLayerPaused true layer -1 for client 2151041639.
04-27 12:20:42.621  1624  2577 I [CT]    : MIXEDREALITY: MrSvc: PassthroughLayer: setPaused: Layer -1 is being paused true
04-27 12:20:42.621  2089  2242 I GuardianRender: Suspend: Passthrough layer paused
04-27 12:20:42.621  2089  2242 I GuardianRender: Suspend: GuardianRender suspending.
04-27 12:20:42.626  2089  2242 I GuardianInput: GuardianInput::Suspend ... destroying hand trackers
04-27 12:20:42.626  2089  2242 I OpenXR_Hands: ------------ xrDestroyHandTrackerEXT -----------
04-27 12:20:42.626  2089  2242 I OpenXR_Hands: ------------ xrDestroyHandTrackerEXT -----------
04-27 12:20:42.626  1799  2240 I VrRuntimeService: RuntimeServiceSDKServer::SetGuardianSystemState: 2151041639
04-27 12:20:42.626  1624  2564 I [CT]    : MIXEDREALITY: MrSvc: PassthroughPresentationLayerImpl: Deallocating framebuffers for layer -1.
04-27 12:20:42.630   850  1227 I [CT]    : INPUT_TRACKING:Behavior:AtRest: [Right] deactivated
04-27 12:20:42.630   850  1227 I [CT]    : INPUT_TRACKING:ControllerMotionModel: [Right] t = 269.379s, behavior transition: AtRest -> None
04-27 12:20:42.636   850  1018 I TrackingService: [            iot] RUNNING -> STANDBY transition time: 233 ms
04-27 12:20:42.636   850  1018 I TrackingService: [           bolt] RUNNING -> STANDBY transition time: 0 ms
04-27 12:20:42.636   850  1018 I TrackingService: [            iad] RUNNING -> STANDBY transition time: 0 ms
04-27 12:20:42.636   850  1018 I TrackingService: [ vision_manager] RUNNING -> STANDBY transition time: 0 ms
04-27 12:20:42.636   850  1237 D TrackingService: setPowerState: STANDBY
04-27 12:20:42.636   850  1237 D SensorClientUtils: Scheduling delayed transition to SLEEP in 120000ms
04-27 12:20:42.698   850  1227 I [CT]    : INPUT_TRACKING:Behavior:AtRest: [Right] activated
04-27 12:20:42.698   850  1227 I [CT]    : INPUT_TRACKING:ControllerMotionModel: [Right] t = 269.446s, behavior transition: None -> AtRest
04-27 12:20:42.738  1027  1027 V MediaPlayer: resetDrmState:  mDrmInfo=null mDrmProvisioningThread=null mPrepareDrmInProgress=false mActiveDrmScheme=false
04-27 12:20:42.738  1027  1027 V MediaPlayer: cleanDrmObj: mDrmObj=null mDrmSessionId=null
04-27 12:20:42.738   803   803 D NuPlayerDriver: reset(0xf762e5a0) at state 6
04-27 12:20:42.738  1275  1275 V AvrcpMediaPlayerList: onPlaybackConfigChanged(): Configs list size=4
04-27 12:20:42.739  1275  1275 V AvrcpMediaPlayerList: onPlaybackConfigChanged(): Configs list size=3
04-27 12:20:42.742   803  4868 D NuPlayerDriver: notifyResetComplete(0xf762e5a0)
04-27 12:20:42.742   838   838 V C2Store : in ~ComponentModule
04-27 12:20:42.742   803   803 W AMessage: failed to post message as target looper for handler 0 is gone.
04-27 12:20:42.742   838   838 V C2Store : unloading dll
04-27 12:20:43.266   850  1227 I [CT]    : CONSTELLATION:IMU_STATUS: 79adaabec9d16fda (R): [FusionTracked=1.000, OutputTracked=0.229, OutputValid=1.000] [AccelSat=0.000, GyroSat=0.000] 
04-27 12:20:43.276   850  1227 I [CT]    : CONSTELLATION:IMU_STATUS: 800822633d4bfdac (L): [FusionTracked=0.000, OutputTracked=0.000, OutputValid=0.000] [AccelSat=0.000, GyroSat=0.000] 
04-27 12:20:43.496   850  1220 W [CT]    : VIPER: Switching to 3DoF due to lack of image data (normal if pipeline stops). Previous frame timestamp: 269.245670000 [sec] (1.000926000 [sec] ago)
04-27 12:20:43.496   850  1220 I [CT]    : VisionInterface: HMD Tracking switching to 3dof (from 6dof) - Engine State: Standby
04-27 12:20:43.510   741  1219 W SensorService: Unknown packet type (20) received
04-27 12:20:44.428  2968  3012 I [OAO] ShellOverlayApp: Sleep timeout exceeded. Timeout:276.599465, Now:276.604327. Sleeping... 
04-27 12:20:44.428  2968  3012 I [OAO] ShellOverlayApp: WaitForWake: VrThread entering waiting state
04-27 12:20:45.452  1897  4128 I libjingle: [260:501] [4128] (webrtcvoiceengine.cc:624): WebRtcVoiceEngine::Terminate
04-27 12:20:45.452  1897  4128 I libjingle: [260:501] [4128] (AudioRecordWrapper.cpp:42): Calling AudioRecord::Stop()
04-27 12:20:45.452  1897  4128 I OVRPlatform: [SharedMicrophoneAudioRecord] SharedMicrophoneAudioRecord::Stop
04-27 12:20:45.452  1897  4128 D AudioTrackJni: Terminate@[tid=4128]
04-27 12:20:45.452  1897  4128 D AudioTrackJni: StopPlayout@[tid=4128]
04-27 12:20:45.452  1897  4128 D AudioManager: Close@[tid=4128]
04-27 12:20:45.452  1897  4128 I org.webrtc.Logging: WebRtcAudioManager: dispose@[name=Thread-12, id=248]
04-27 12:20:45.453  1897  4128 I libjingle: [260:501] [4128] (webrtcvideoengine2.cc:502): WebRtcVideoEngine2::~WebRtcVideoEngine2
04-27 12:20:45.453  1897  4127 I MediaCodecVideoDecoder: [260:502] [4127] MediaCodecVideoDecoder: MediaCodecVideoDecoderFactory dtor
04-27 12:20:45.453  1897  4127 I MediaCodecVideoEncoder: [260:502] [4127] MediaCodecVideoEncoder: MediaCodecVideoEncoderFactory dtor
04-27 12:20:45.453  1897  4128 I libjingle: [260:502] [4128] (AudioRecordWrapper.cpp:42): Calling AudioRecord::Stop()
04-27 12:20:45.453  1897  4128 I OVRPlatform: [SharedMicrophoneAudioRecord] SharedMicrophoneAudioRecord::Stop
04-27 12:20:45.453  1897  4128 I OVRPlatform: [SharedMicrophoneAudioRecord] SharedMicrophoneAudioRecord::Stop
04-27 12:20:45.453  1897  4128 D AAudio  : AAudioStream_requestStop(s#2) called
04-27 12:20:45.453  1897  4128 D         : PlayerBase::stop() from IPlayer
04-27 12:20:45.464  1897  4128 D AAudio  : AAudioStream_close(s#2) called ---------------
04-27 12:20:45.464  1897  4128 D         : PlayerBase::~PlayerBase()
04-27 12:20:45.464  1897  4128 D AAudio  : AAudioStream_close(s#2) returned 0 ---------
04-27 12:20:45.464  1897  4128 D AudioTrackJni: ~dtor@[tid=4128]
04-27 12:20:45.464  1897  4128 D AudioTrackJni: Terminate@[tid=4128]
04-27 12:20:45.464  1897  4128 D AudioTrackJni: StopPlayout@[tid=4128]
04-27 12:20:45.464  1897  4128 D JVM     : GlobalRef::dtor@[tid=4128]
04-27 12:20:45.464  1897  4128 D JVM     : NativeRegistration::dtor@[tid=4128]
04-27 12:20:45.464  1897  4128 D JVM     : JNIEnvironment::dtor@[tid=4128]
04-27 12:20:45.464  1897  4128 D JVM     : AttachCurrentThreadIfNeeded::dtor@[tid=4128]
04-27 12:20:45.464  1897  4128 D AudioManager: ~dtor@[tid=4128]
04-27 12:20:45.464  1897  4128 D AudioManager: Close@[tid=4128]
04-27 12:20:45.464  1897  4128 D AudioManager: JavaAudioManager::dtor@[tid=4128]
04-27 12:20:45.464  1897  4128 D JVM     : GlobalRef::dtor@[tid=4128]
04-27 12:20:45.464  1897  4128 D JVM     : NativeRegistration::dtor@[tid=4128]
04-27 12:20:45.464  1897  4128 D JVM     : JNIEnvironment::dtor@[tid=4128]
04-27 12:20:45.464  1897  4128 D JVM     : AttachCurrentThreadIfNeeded::dtor@[tid=4128]
04-27 12:20:45.464  1897  4128 D JVM     : Detaching thread from JVM
04-27 12:20:45.465  1897  4876 I OVRPlatform: [AndroidPlatformIntegration] AndroidPlatformIntegration::dtor
04-27 12:20:45.465  1897  4876 D JVM     : JVM::Uninitialize@[tid=4876]
04-27 12:20:45.465  1897  4876 D JVM     : JVM::~JVM@[tid=4876]
04-27 12:20:45.466  1897  4876 I OVRPlatform: [AndroidPlatformIntegration] Releasing global references
04-27 12:20:45.466  1897  4876 I OVRPlatform: [MicrophoneServer] Enter MicrophoneServer::~MicrophoneServer
04-27 12:20:45.466  1897  4876 I OVRPlatform: [MicrophoneServer] Exit MicrophoneServer::~MicrophoneServer
04-27 12:20:45.466  1897  4876 D PlatformPlugin: [PlatformPluginManager] Releasing lock: nativeTearDown
04-27 12:20:45.468   721   947 D audio_hw_primary: adev_close_input_stream: enter:stream_handle(0xf4387000)
04-27 12:20:45.468   721   947 E soundtrigger: audio_extn_sound_trigger_check_ec_ref_enable: st_dev NULL
04-27 12:20:45.468   721   947 E soundtrigger: audio_extn_sound_trigger_update_ec_ref_status: st_dev NULL
04-27 12:20:45.468   721   947 D audio_hw_primary: in_standby: enter: stream (0xf4387000) usecase(22: audio-record)
04-27 12:20:45.751   721   947 D audio_hw_primary: out_standby: enter: stream (0xf4550000) usecase(1: low-latency-playback)
04-27 12:20:45.776   721   947 I audio_hw_primary: disable_audio_route: reset and update mixer path: low-latency-playback
04-27 12:20:45.777   721   947 D msm8974_platform: platform_split_snd_device: snd_device(2) num devices(0) new_snd_devices(0)
04-27 12:20:45.777   721   947 I msm8974_platform: platform_get_custom_mtmx_params: no matching param with id 0 ip_ch 2 op_ch 2 uc_id 1 snd_dev 2
04-27 12:20:45.777   721   947 D hardware_info: hw_info_append_hw_type : device_name = speaker
04-27 12:20:45.777   721   947 D audio_hw_primary: disable_snd_device: snd_device(2: speaker)
04-27 12:20:45.777   721   947 D msm8974_platform: platform_split_snd_device: snd_device(2) num devices(0) new_snd_devices(0)
04-27 12:20:45.782   721   947 D audio_hw_primary: out_standby: exit
04-27 12:20:47.260   850  1227 I [CT]    : CONSTELLATION: R: Detected IMU motion => Leaving static state.
04-27 12:20:47.382   850  1227 W [CT]    : CONSTELLATION: R: Lost velocity tracking, waiting for 6DoF reset. [#VisionUp=1618, #RelUp=404, VelNorm=0.023, CurTimeDur=5.00s, DurThresh=5.0s]
04-27 12:20:48.630  1624  2564 I [CT]    : MIXEDREALITY: MrServiceView: renderIteration: (every 10 seconds), screen is: OFF, PT is: OFF, ID is: OFF
04-27 12:20:48.630  1624  2564 I [CT]    : MIXEDREALITY: MrServiceModel: commitLayerState: (every 10 seconds), ImagesAndCompute: false, ImagesOnly: false, NoRequirement: true.
04-27 12:20:53.266   850  1227 I [CT]    : CONSTELLATION:IMU_STATUS: 79adaabec9d16fda (R): [FusionTracked=0.399, OutputTracked=0.000, OutputValid=1.000] [AccelSat=0.000, GyroSat=0.000] 
04-27 12:20:53.278   850  1227 I [CT]    : CONSTELLATION:IMU_STATUS: 800822633d4bfdac (L): [FusionTracked=0.000, OutputTracked=0.000, OutputValid=0.978] [AccelSat=0.000, GyroSat=0.000] 
04-27 12:20:55.323  1027  4725 I ActivityManager: Killing 1714:com.oculus.os.vrusb/u0a73 (adj 995): empty #17
04-27 12:20:55.343   790   790 E IPCThreadState: attemptIncStrongHandle(3): Not supported
04-27 12:20:55.344  1027  1059 W ActivityManager: setHasOverlayUi called on unknown pid: 1714
04-27 12:20:55.345   694   694 I Zygote  : Process 1714 exited due to signal 9 (Killed)
04-27 12:20:55.354  1027  1067 I libprocessgroup: Successfully killed process cgroup uid 10073 pid 1714 in 30ms
04-27 12:20:58.635  1624  2564 I [CT]    : MIXEDREALITY: MrServiceView: renderIteration: (every 10 seconds), screen is: OFF, PT is: OFF, ID is: OFF
04-27 12:20:58.636  1624  2564 I [CT]    : MIXEDREALITY: MrServiceModel: commitLayerState: (every 10 seconds), ImagesAndCompute: false, ImagesOnly: false, NoRequirement: true.
04-27 12:21:01.729  1541  4881 W ContextImpl: Calling a method in the system process without a qualified user: android.app.ContextImpl.sendBroadcast:1057 android.content.ContextWrapper.sendBroadcast:448 X.o4.A00:143 X.nw.A00:17 X.nw.handleMessage:90 
04-27 12:21:03.268   850  1227 I [CT]    : CONSTELLATION:IMU_STATUS: 79adaabec9d16fda (R): [FusionTracked=0.000, OutputTracked=0.000, OutputValid=1.000] [AccelSat=0.000, GyroSat=0.000] 
04-27 12:21:03.279   850  1227 I [CT]    : CONSTELLATION:IMU_STATUS: 800822633d4bfdac (L): [FusionTracked=0.000, OutputTracked=0.000, OutputValid=1.000] [AccelSat=0.000, GyroSat=0.000] 
04-27 12:21:08.517   741  1219 I chatty  : uid=1000(system) sensors@1.0-ser identical 5 lines
04-27 12:21:08.641  1624  2564 I [CT]    : MIXEDREALITY: MrServiceView: renderIteration: (every 10 seconds), screen is: OFF, PT is: OFF, ID is: OFF
04-27 12:21:08.641  1624  2564 I [CT]    : MIXEDREALITY: MrServiceModel: commitLayerState: (every 10 seconds), ImagesAndCompute: false, ImagesOnly: false, NoRequirement: true.
04-27 12:21:11.712  1027  3156 I ActivityManager: Killing 3241:com.facebook.spatial_persistence_service/u0a94 (adj 995): empty #17
04-27 12:21:11.728   790   853 E IPCThreadState: attemptIncStrongHandle(18): Not supported
04-27 12:21:11.728   790   790 E IPCThreadState: attemptIncStrongHandle(21): Not supported
04-27 12:21:11.729   694   694 I Zygote  : Process 3241 exited due to signal 9 (Killed)
04-27 12:21:11.758  1027  1067 I libprocessgroup: Successfully killed process cgroup uid 10094 pid 3241 in 45ms
04-27 12:21:13.268   850  1227 I [CT]    : CONSTELLATION:IMU_STATUS: 79adaabec9d16fda (R): [FusionTracked=0.000, OutputTracked=0.000, OutputValid=1.000] [AccelSat=0.000, GyroSat=0.000] 
04-27 12:21:13.281   850  1227 I [CT]    : CONSTELLATION:IMU_STATUS: 800822633d4bfdac (L): [FusionTracked=0.000, OutputTracked=0.000, OutputValid=1.000] [AccelSat=0.000, GyroSat=0.000] 
04-27 12:21:13.517   741  1219 W SensorService: Unknown packet type (20) received
04-27 12:21:14.265   741  1217 I SyncBossFW:  301015 [info   ] {PERF}: cpu load cur=0.3620 min=0.0538 max=0.4155 avg=0.3771
04-27 12:21:18.519   741  1219 W SensorService: Unknown packet type (20) received
04-27 12:21:18.646  1624  2564 I [CT]    : MIXEDREALITY: MrServiceView: renderIteration: (every 10 seconds), screen is: OFF, PT is: OFF, ID is: OFF
04-27 12:21:18.646  1624  2564 I [CT]    : MIXEDREALITY: MrServiceModel: commitLayerState: (every 10 seconds), ImagesAndCompute: false, ImagesOnly: false, NoRequirement: true.
04-27 12:21:23.269   850  1227 I [CT]    : CONSTELLATION:IMU_STATUS: 79adaabec9d16fda (R): [FusionTracked=0.000, OutputTracked=0.000, OutputValid=1.000] [AccelSat=0.000, GyroSat=0.000] 
04-27 12:21:23.282   850  1227 I [CT]    : CONSTELLATION:IMU_STATUS: 800822633d4bfdac (L): [FusionTracked=0.000, OutputTracked=0.000, OutputValid=1.000] [AccelSat=0.000, GyroSat=0.000] 
04-27 12:21:23.520   741  1219 W SensorService: Unknown packet type (20) received
04-27 12:21:27.005   850  1220 I TrackingService: ActivityMonitor: Device Idle detected. Notifying VR Power Manager: controllerFlagsInHand(2) 0, areAllControllersStatic: 1, isHandDetected 0, Headset Movement 0 (max: 6.216 rad/s), idle time: 60.0s
04-27 12:21:28.521   741  1219 W SensorService: Unknown packet type (20) received
04-27 12:21:28.651  1624  2564 I [CT]    : MIXEDREALITY: MrServiceView: renderIteration: (every 10 seconds), screen is: OFF, PT is: OFF, ID is: OFF
04-27 12:21:28.651  1624  2564 I [CT]    : MIXEDREALITY: MrServiceModel: commitLayerState: (every 10 seconds), ImagesAndCompute: false, ImagesOnly: false, NoRequirement: true.
04-27 12:21:32.059  2089  2595 I VrRuntimeDeviceConfigClient: GetBoolean: oculus_mobile_disable_non_hands_app_hands_usage 0
04-27 12:21:32.059  2089  2595 I VrRuntimeDeviceConfigClient: GetBoolean: oculus_keyboard_telemetry 0
04-27 12:21:32.059  2089  2595 W VrRuntimeDeviceConfigClient: ConfigParam result cannot be retrieved because it is not cached: oculus_mobile_upload_latency_data_with_percentiles 
04-27 12:21:32.059  2089  2595 I VrRuntimeDeviceConfigClient: GetBoolean: oculus_mobile_upload_latency_data_with_percentiles  0
04-27 12:21:32.059  2089  2595 W VrRuntimeDeviceConfigClient: ConfigParam result cannot be retrieved because it is not cached: oculus_mobile_upload_latency_data_with_percentiles 
04-27 12:21:32.059  2089  2595 I VrRuntimeDeviceConfigClient: GetBoolean: oculus_mobile_upload_latency_data_with_percentiles  0
04-27 12:21:32.163  1624  2601 I VrRuntimeDeviceConfigClient: GetBoolean: oculus_mobile_disable_non_hands_app_hands_usage 0
04-27 12:21:32.163  1624  2601 I VrRuntimeDeviceConfigClient: GetBoolean: oculus_keyboard_telemetry 0
04-27 12:21:32.163  1624  2601 W VrRuntimeDeviceConfigClient: ConfigParam result cannot be retrieved because it is not cached: oculus_mobile_upload_latency_data_with_percentiles 
04-27 12:21:32.163  1624  2601 I VrRuntimeDeviceConfigClient: GetBoolean: oculus_mobile_upload_latency_data_with_percentiles  0
04-27 12:21:32.163  1624  2601 W VrRuntimeDeviceConfigClient: ConfigParam result cannot be retrieved because it is not cached: oculus_mobile_upload_latency_data_with_percentiles 
04-27 12:21:32.163  1624  2601 I VrRuntimeDeviceConfigClient: GetBoolean: oculus_mobile_upload_latency_data_with_percentiles  0
04-27 12:21:32.178  1541  4892 W ContextImpl: Calling a method in the system process without a qualified user: android.app.ContextImpl.sendBroadcast:1057 android.content.ContextWrapper.sendBroadcast:448 X.o4.A00:143 X.nw.A00:17 X.nw.handleMessage:90 
04-27 12:21:33.271   850  1227 I [CT]    : CONSTELLATION:IMU_STATUS: 79adaabec9d16fda (R): [FusionTracked=0.000, OutputTracked=0.000, OutputValid=1.000] [AccelSat=0.000, GyroSat=0.000] 
04-27 12:21:33.284   850  1227 I [CT]    : CONSTELLATION:IMU_STATUS: 800822633d4bfdac (L): [FusionTracked=0.000, OutputTracked=0.000, OutputValid=1.000] [AccelSat=0.000, GyroSat=0.000] 
04-27 12:21:37.847  2968  2968 D [OAO] LowStorageNotificationScheduler: Storage Checks: Internal Free (243484528640)
04-27 12:21:38.656  1624  2564 I [CT]    : MIXEDREALITY: MrServiceView: renderIteration: (every 10 seconds), screen is: OFF, PT is: OFF, ID is: OFF
04-27 12:21:38.656  1624  2564 I [CT]    : MIXEDREALITY: MrServiceModel: commitLayerState: (every 10 seconds), ImagesAndCompute: false, ImagesOnly: false, NoRequirement: true.
04-27 12:21:41.513  1027  1039 I system_server: Background concurrent copying GC freed 120641(5893KB) AllocSpace objects, 90(2008KB) LOS objects, 42% free, 10MB/19MB, paused 80us total 123.879ms
04-27 12:21:42.710  4468  4545 D DeviceAuthenticator: Fetching credentials
04-27 12:21:42.710  4468  4545 D DeviceAuthenticator: Returning stored credentials
04-27 12:21:43.271   850  1227 I [CT]    : CONSTELLATION:IMU_STATUS: 79adaabec9d16fda (R): [FusionTracked=0.000, OutputTracked=0.000, OutputValid=1.000] [AccelSat=0.000, GyroSat=0.000] 
04-27 12:21:43.284   850  1227 I [CT]    : CONSTELLATION:IMU_STATUS: 800822633d4bfdac (L): [FusionTracked=0.000, OutputTracked=0.000, OutputValid=1.000] [AccelSat=0.000, GyroSat=0.000] 
04-27 12:21:48.661  1624  2564 I [CT]    : MIXEDREALITY: MrServiceView: renderIteration: (every 10 seconds), screen is: OFF, PT is: OFF, ID is: OFF
04-27 12:21:48.661  1624  2564 I [CT]    : MIXEDREALITY: MrServiceModel: commitLayerState: (every 10 seconds), ImagesAndCompute: false, ImagesOnly: false, NoRequirement: true.
04-27 12:21:53.272   850  1227 I [CT]    : CONSTELLATION:IMU_STATUS: 79adaabec9d16fda (R): [FusionTracked=0.000, OutputTracked=0.000, OutputValid=1.000] [AccelSat=0.000, GyroSat=0.000] 
04-27 12:21:53.286   850  1227 I [CT]    : CONSTELLATION:IMU_STATUS: 800822633d4bfdac (L): [FusionTracked=0.000, OutputTracked=0.000, OutputValid=1.000] [AccelSat=0.000, GyroSat=0.000] 
04-27 12:21:58.666  1624  2564 I [CT]    : MIXEDREALITY: MrServiceView: renderIteration: (every 10 seconds), screen is: OFF, PT is: OFF, ID is: OFF
04-27 12:21:58.666  1624  2564 I [CT]    : MIXEDREALITY: MrServiceModel: commitLayerState: (every 10 seconds), ImagesAndCompute: false, ImagesOnly: false, NoRequirement: true.
04-27 12:22:03.275   850  1227 I [CT]    : CONSTELLATION:IMU_STATUS: 79adaabec9d16fda (R): [FusionTracked=0.000, OutputTracked=0.000, OutputValid=1.000] [AccelSat=0.000, GyroSat=0.000] 
04-27 12:22:03.287   850  1227 I [CT]    : CONSTELLATION:IMU_STATUS: 800822633d4bfdac (L): [FusionTracked=0.000, OutputTracked=0.000, OutputValid=1.000] [AccelSat=0.000, GyroSat=0.000] 
04-27 12:22:08.528   741  1219 I chatty  : uid=1000(system) sensors@1.0-ser identical 8 lines
04-27 12:22:08.671  1624  2564 I [CT]    : MIXEDREALITY: MrServiceView: renderIteration: (every 10 seconds), screen is: OFF, PT is: OFF, ID is: OFF
04-27 12:22:08.671  1624  2564 I [CT]    : MIXEDREALITY: MrServiceModel: commitLayerState: (every 10 seconds), ImagesAndCompute: false, ImagesOnly: false, NoRequirement: true.
04-27 12:22:13.274   850  1227 I [CT]    : CONSTELLATION:IMU_STATUS: 79adaabec9d16fda (R): [FusionTracked=0.000, OutputTracked=0.000, OutputValid=1.000] [AccelSat=0.000, GyroSat=0.000] 
04-27 12:22:13.289   850  1227 I [CT]    : CONSTELLATION:IMU_STATUS: 800822633d4bfdac (L): [FusionTracked=0.000, OutputTracked=0.000, OutputValid=1.000] [AccelSat=0.000, GyroSat=0.000] 
04-27 12:22:13.529   741  1219 W SensorService: Unknown packet type (20) received
04-27 12:22:13.806   741  1219 I SyncBossHAL: [info   ] syncboss_hal_input_controller.c(60): 79adaabexxxxxxxx: 2 missed/180002 expected (PER 0.00%)
04-27 12:22:14.269   741  1217 I SyncBossFW:  361017 [info   ] {PERF}: cpu load cur=0.3611 min=0.0538 max=0.4155 avg=0.3745
04-27 12:22:16.843  1541  4909 W ContextImpl: Calling a method in the system process without a qualified user: android.app.ContextImpl.sendBroadcast:1057 android.content.ContextWrapper.sendBroadcast:448 X.o4.A00:143 X.nw.A00:17 X.nw.handleMessage:90 
04-27 12:22:18.529   741  1219 W SensorService: Unknown packet type (20) received
04-27 12:22:18.539   741  1219 I SyncBossHAL: [info   ] syncboss_hal_input_controller.c(60): 80082263xxxxxxxx: 12 missed/180012 expected (PER 0.01%)
04-27 12:22:18.676  1624  2564 I [CT]    : MIXEDREALITY: MrServiceView: renderIteration: (every 10 seconds), screen is: OFF, PT is: OFF, ID is: OFF
04-27 12:22:18.677  1624  2564 I [CT]    : MIXEDREALITY: MrServiceModel: commitLayerState: (every 10 seconds), ImagesAndCompute: false, ImagesOnly: false, NoRequirement: true.
04-27 12:22:22.852  1897  1897 W MqttHealthStatsHelper: appPkgName com.oculus.horizon not found in encoding map
04-27 12:22:22.868  1897  2192 E AnalyticsService: Unable to create output stream
04-27 12:22:22.868  1897  2192 E AnalyticsService: javax.net.ssl.SSLHandshakeException: Handshake failed
04-27 12:22:22.868  1897  2192 E AnalyticsService: 	at com.android.org.conscrypt.ConscryptFileDescriptorSocket.startHandshake(ConscryptFileDescriptorSocket.java:288)
04-27 12:22:22.868  1897  2192 E AnalyticsService: 	at com.android.okhttp.internal.io.RealConnection.connectTls(RealConnection.java:196)
04-27 12:22:22.868  1897  2192 E AnalyticsService: 	at com.android.okhttp.internal.io.RealConnection.connectSocket(RealConnection.java:153)
04-27 12:22:22.868  1897  2192 E AnalyticsService: 	at com.android.okhttp.internal.io.RealConnection.connect(RealConnection.java:116)
04-27 12:22:22.868  1897  2192 E AnalyticsService: 	at com.android.okhttp.internal.http.StreamAllocation.findConnection(StreamAllocation.java:186)
04-27 12:22:22.868  1897  2192 E AnalyticsService: 	at com.android.okhttp.internal.http.StreamAllocation.findHealthyConnection(StreamAllocation.java:128)
04-27 12:22:22.868  1897  2192 E AnalyticsService: 	at com.android.okhttp.internal.http.StreamAllocation.newStream(StreamAllocation.java:97)
04-27 12:22:22.868  1897  2192 E AnalyticsService: 	at com.android.okhttp.internal.http.HttpEngine.connect(HttpEngine.java:289)
04-27 12:22:22.868  1897  2192 E AnalyticsService: 	at com.android.okhttp.internal.http.HttpEngine.sendRequest(HttpEngine.java:232)
04-27 12:22:22.868  1897  2192 E AnalyticsService: 	at com.android.okhttp.internal.huc.HttpURLConnectionImpl.execute(HttpURLConnectionImpl.java:465)
04-27 12:22:22.868  1897  2192 E AnalyticsService: 	at com.android.okhttp.internal.huc.HttpURLConnectionImpl.connect(HttpURLConnectionImpl.java:131)
04-27 12:22:22.868  1897  2192 E AnalyticsService: 	at com.android.okhttp.internal.huc.HttpURLConnectionImpl.getOutputStream(HttpURLConnectionImpl.java:262)
04-27 12:22:22.868  1897  2192 E AnalyticsService: 	at com.android.okhttp.internal.huc.DelegatingHttpsURLConnection.getOutputStream(DelegatingHttpsURLConnection.java:219)
04-27 12:22:22.868  1897  2192 E AnalyticsService: 	at com.android.okhttp.internal.huc.HttpsURLConnectionImpl.getOutputStream(HttpsURLConnectionImpl.java:30)
04-27 12:22:22.868  1897  2192 E AnalyticsService: 	at X.0LJ.A00(:138)
04-27 12:22:22.868  1897  2192 E AnalyticsService: 	at X.0O6.run(:138)
04-27 12:22:22.868  1897  2192 E AnalyticsService: 	at java.util.concurrent.ThreadPoolExecutor.runWorker(ThreadPoolExecutor.java:1167)
04-27 12:22:22.868  1897  2192 E AnalyticsService: 	at java.util.concurrent.ThreadPoolExecutor$Worker.run(ThreadPoolExecutor.java:641)
04-27 12:22:22.868  1897  2192 E AnalyticsService: 	at java.lang.Thread.run(Thread.java:919)
04-27 12:22:22.868  1897  2192 E AnalyticsService: Caused by: javax.net.ssl.SSLProtocolException: SSL handshake aborted: ssl=0x71000a3fc8: Failure in SSL library, usually a protocol error
04-27 12:22:22.868  1897  2192 E AnalyticsService: error:100003e8:SSL routines:OPENSSL_internal:SSLV3_ALERT_CLOSE_NOTIFY (external/boringssl/src/ssl/tls_record.cc:587 0x71001135c8:0x00000001)
04-27 12:22:22.868  1897  2192 E AnalyticsService: 	at com.android.org.conscrypt.NativeCrypto.SSL_do_handshake(Native Method)
04-27 12:22:22.868  1897  2192 E AnalyticsService: 	at com.android.org.conscrypt.NativeSsl.doHandshake(NativeSsl.java:387)
04-27 12:22:22.868  1897  2192 E AnalyticsService: 	at com.android.org.conscrypt.ConscryptFileDescriptorSocket.startHandshake(ConscryptFileDescriptorSocket.java:226)
04-27 12:22:22.868  1897  2192 E AnalyticsService: 	... 18 more
04-27 12:22:22.868  1897  2192 E CounterAnalytics: Unsuccessful upload. response code=-1
04-27 12:22:23.275   850  1227 I [CT]    : CONSTELLATION:IMU_STATUS: 79adaabec9d16fda (R): [FusionTracked=0.000, OutputTracked=0.000, OutputValid=1.000] [AccelSat=0.000, GyroSat=0.000] 
04-27 12:22:23.289   850  1227 I [CT]    : CONSTELLATION:IMU_STATUS: 800822633d4bfdac (L): [FusionTracked=0.000, OutputTracked=0.000, OutputValid=1.000] [AccelSat=0.000, GyroSat=0.000] 
04-27 12:22:23.529   741  1219 W SensorService: Unknown packet type (20) received
04-27 12:22:24.077  1576  1761 D DeviceCertLibrary: verifyKeyForCurrentSecureState returned status: 0
04-27 12:22:24.077  1576  1761 D DeviceCertLibrary: containsAlias received status: 0
04-27 12:22:28.682  1624  2564 I [CT]    : MIXEDREALITY: MrServiceView: renderIteration: (every 10 seconds), screen is: OFF, PT is: OFF, ID is: OFF
04-27 12:22:28.682  1624  2564 I [CT]    : MIXEDREALITY: MrServiceModel: commitLayerState: (every 10 seconds), ImagesAndCompute: false, ImagesOnly: false, NoRequirement: true.
04-27 12:22:32.064  2089  2595 I VrRuntimeDeviceConfigClient: GetBoolean: oculus_mobile_disable_non_hands_app_hands_usage 0
04-27 12:22:32.064  2089  2595 I VrRuntimeDeviceConfigClient: GetBoolean: oculus_keyboard_telemetry 0
04-27 12:22:32.064  2089  2595 W VrRuntimeDeviceConfigClient: ConfigParam result cannot be retrieved because it is not cached: oculus_mobile_upload_latency_data_with_percentiles 
04-27 12:22:32.064  2089  2595 I VrRuntimeDeviceConfigClient: GetBoolean: oculus_mobile_upload_latency_data_with_percentiles  0
04-27 12:22:32.064  2089  2595 W VrRuntimeDeviceConfigClient: ConfigParam result cannot be retrieved because it is not cached: oculus_mobile_upload_latency_data_with_percentiles 
04-27 12:22:32.064  2089  2595 I VrRuntimeDeviceConfigClient: GetBoolean: oculus_mobile_upload_latency_data_with_percentiles  0
04-27 12:22:32.168  1624  2601 I VrRuntimeDeviceConfigClient: GetBoolean: oculus_mobile_disable_non_hands_app_hands_usage 0
04-27 12:22:32.168  1624  2601 I VrRuntimeDeviceConfigClient: GetBoolean: oculus_keyboard_telemetry 0
04-27 12:22:32.168  1624  2601 W VrRuntimeDeviceConfigClient: ConfigParam result cannot be retrieved because it is not cached: oculus_mobile_upload_latency_data_with_percentiles 
04-27 12:22:32.168  1624  2601 I VrRuntimeDeviceConfigClient: GetBoolean: oculus_mobile_upload_latency_data_with_percentiles  0
04-27 12:22:32.168  1624  2601 W VrRuntimeDeviceConfigClient: ConfigParam result cannot be retrieved because it is not cached: oculus_mobile_upload_latency_data_with_percentiles 
04-27 12:22:32.168  1624  2601 I VrRuntimeDeviceConfigClient: GetBoolean: oculus_mobile_upload_latency_data_with_percentiles  0
